Archive member included because of file (symbol)

C:\Program Files (x86)\GNU Tools ARM Embedded\4.7 2013q1\arm-none-eabi\lib\armv7e-m\softfp\libm.a(lib_a-wf_atan2.o)
                              ..\obj\stm32f4xx_it.o (atan2f)
C:\Program Files (x86)\GNU Tools ARM Embedded\4.7 2013q1\arm-none-eabi\lib\armv7e-m\softfp\libm.a(lib_a-ef_atan2.o)
                              C:\Program Files (x86)\GNU Tools ARM Embedded\4.7 2013q1\arm-none-eabi\lib\armv7e-m\softfp\libm.a(lib_a-wf_atan2.o) (__ieee754_atan2f)
C:\Program Files (x86)\GNU Tools ARM Embedded\4.7 2013q1\arm-none-eabi\lib\armv7e-m\softfp\libm.a(lib_a-sf_atan.o)
                              C:\Program Files (x86)\GNU Tools ARM Embedded\4.7 2013q1\arm-none-eabi\lib\armv7e-m\softfp\libm.a(lib_a-ef_atan2.o) (atanf)
C:\Program Files (x86)\GNU Tools ARM Embedded\4.7 2013q1\arm-none-eabi\lib\armv7e-m\softfp\libm.a(lib_a-sf_fabs.o)
                              C:\Program Files (x86)\GNU Tools ARM Embedded\4.7 2013q1\arm-none-eabi\lib\armv7e-m\softfp\libm.a(lib_a-ef_atan2.o) (fabsf)
c:/program files (x86)/gnu tools arm embedded/4.7 2013q1/bin/../lib/gcc/arm-none-eabi/4.7.3/armv7e-m\libgcc.a(_arm_addsubdf3.o)
                              ..\obj\stm32f4xx_it.o (__aeabi_i2d)
c:/program files (x86)/gnu tools arm embedded/4.7 2013q1/bin/../lib/gcc/arm-none-eabi/4.7.3/armv7e-m\libgcc.a(_arm_muldivdf3.o)
                              ..\obj\stm32f4xx_it.o (__aeabi_dmul)
c:/program files (x86)/gnu tools arm embedded/4.7 2013q1/bin/../lib/gcc/arm-none-eabi/4.7.3/armv7e-m\libgcc.a(_arm_truncdfsf2.o)
                              ..\obj\stm32f4xx_it.o (__aeabi_d2f)
C:\Program Files (x86)\GNU Tools ARM Embedded\4.7 2013q1\arm-none-eabi\lib\armv7e-m\softfp\libc.a(lib_a-impure.o)
                              ..\obj\stm32f4xx_it.o (_impure_ptr)
C:\Program Files (x86)\GNU Tools ARM Embedded\4.7 2013q1\arm-none-eabi\lib\armv7e-m\softfp\libc.a(lib_a-printf.o)
                              ..\obj\stm32f4xx_it.o (printf)
C:\Program Files (x86)\GNU Tools ARM Embedded\4.7 2013q1\arm-none-eabi\lib\armv7e-m\softfp\libc.a(lib_a-setvbuf.o)
                              ..\obj\stm32f4xx_it.o (setvbuf)
C:\Program Files (x86)\GNU Tools ARM Embedded\4.7 2013q1\arm-none-eabi\lib\armv7e-m\softfp\libc.a(lib_a-vfprintf.o)
                              C:\Program Files (x86)\GNU Tools ARM Embedded\4.7 2013q1\arm-none-eabi\lib\armv7e-m\softfp\libc.a(lib_a-printf.o) (_vfprintf_r)
C:\Program Files (x86)\GNU Tools ARM Embedded\4.7 2013q1\arm-none-eabi\lib\armv7e-m\softfp\libc.a(lib_a-wsetup.o)
                              C:\Program Files (x86)\GNU Tools ARM Embedded\4.7 2013q1\arm-none-eabi\lib\armv7e-m\softfp\libc.a(lib_a-vfprintf.o) (__swsetup_r)
C:\Program Files (x86)\GNU Tools ARM Embedded\4.7 2013q1\arm-none-eabi\lib\armv7e-m\softfp\libc.a(lib_a-dtoa.o)
                              C:\Program Files (x86)\GNU Tools ARM Embedded\4.7 2013q1\arm-none-eabi\lib\armv7e-m\softfp\libc.a(lib_a-vfprintf.o) (_dtoa_r)
C:\Program Files (x86)\GNU Tools ARM Embedded\4.7 2013q1\arm-none-eabi\lib\armv7e-m\softfp\libc.a(lib_a-fflush.o)
                              C:\Program Files (x86)\GNU Tools ARM Embedded\4.7 2013q1\arm-none-eabi\lib\armv7e-m\softfp\libc.a(lib_a-setvbuf.o) (_fflush_r)
C:\Program Files (x86)\GNU Tools ARM Embedded\4.7 2013q1\arm-none-eabi\lib\armv7e-m\softfp\libc.a(lib_a-findfp.o)
                              C:\Program Files (x86)\GNU Tools ARM Embedded\4.7 2013q1\arm-none-eabi\lib\armv7e-m\softfp\libc.a(lib_a-setvbuf.o) (_cleanup_r)
C:\Program Files (x86)\GNU Tools ARM Embedded\4.7 2013q1\arm-none-eabi\lib\armv7e-m\softfp\libc.a(lib_a-freer.o)
                              C:\Program Files (x86)\GNU Tools ARM Embedded\4.7 2013q1\arm-none-eabi\lib\armv7e-m\softfp\libc.a(lib_a-setvbuf.o) (_free_r)
C:\Program Files (x86)\GNU Tools ARM Embedded\4.7 2013q1\arm-none-eabi\lib\armv7e-m\softfp\libc.a(lib_a-fwalk.o)
                              C:\Program Files (x86)\GNU Tools ARM Embedded\4.7 2013q1\arm-none-eabi\lib\armv7e-m\softfp\libc.a(lib_a-findfp.o) (_fwalk)
C:\Program Files (x86)\GNU Tools ARM Embedded\4.7 2013q1\arm-none-eabi\lib\armv7e-m\softfp\libc.a(lib_a-locale.o)
                              C:\Program Files (x86)\GNU Tools ARM Embedded\4.7 2013q1\arm-none-eabi\lib\armv7e-m\softfp\libc.a(lib_a-vfprintf.o) (_localeconv_r)
C:\Program Files (x86)\GNU Tools ARM Embedded\4.7 2013q1\arm-none-eabi\lib\armv7e-m\softfp\libc.a(lib_a-makebuf.o)
                              C:\Program Files (x86)\GNU Tools ARM Embedded\4.7 2013q1\arm-none-eabi\lib\armv7e-m\softfp\libc.a(lib_a-wsetup.o) (__smakebuf_r)
C:\Program Files (x86)\GNU Tools ARM Embedded\4.7 2013q1\arm-none-eabi\lib\armv7e-m\softfp\libc.a(lib_a-malloc.o)
                              C:\Program Files (x86)\GNU Tools ARM Embedded\4.7 2013q1\arm-none-eabi\lib\armv7e-m\softfp\libc.a(lib_a-setvbuf.o) (malloc)
C:\Program Files (x86)\GNU Tools ARM Embedded\4.7 2013q1\arm-none-eabi\lib\armv7e-m\softfp\libc.a(lib_a-mallocr.o)
[...]
Memory Configuration

Name             Origin             Length             Attributes
rom              0x08000000         0x00100000         xr
ram              0x20000000         0x00020000         xrw
ram1             0x10000000         0x00010000         xrw
*default*        0x00000000         0xffffffff

Linker script and memory map

                0x20020000                _eram = 0x20020000

.text           0x08000000     0xa0f8
 *(.isr_vector .isr_vector.*)
 .isr_vector    0x08000000      0x188 ..\obj\startup_stm32f4xx.o
                0x08000000                g_pfnVectors
 *(.text .text.* .gnu.linkonce.t.*)
 .text.SYSCFG_EXTILineConfig
                0x08000188       0xb0 ..\obj\stm32f4xx_syscfg.o
                0x08000188                SYSCFG_EXTILineConfig
 .text.USART_puts
                0x08000238       0x48 ..\obj\usartMyFunctions.o
                0x08000238                USART_puts
 .text.USART_Init
                0x08000280      0x1ac ..\obj\stm32f4xx_usart.o
                0x08000280                USART_Init
 .text.USART_Cmd
                0x0800042c       0x40 ..\obj\stm32f4xx_usart.o
                0x0800042c                USART_Cmd
 .text.USART_SendData
                0x0800046c       0x28 ..\obj\stm32f4xx_usart.o
                0x0800046c                USART_SendData
 .text.USART_ITConfig
                0x08000494       0xa4 ..\obj\stm32f4xx_usart.o
                0x08000494                USART_ITConfig
 .text.USART_GetFlagStatus
                0x08000538       0x40 ..\obj\stm32f4xx_usart.o
                0x08000538                USART_GetFlagStatus
 .text.USART_GetITStatus
                0x08000578       0xc4 ..\obj\stm32f4xx_usart.o
                0x08000578                USART_GetITStatus
 .text.Default_Reset_Handler
                0x0800063c       0x80 ..\obj\startup_stm32f4xx.o
                0x0800063c                Default_Reset_Handler
                0x0800063c                Reset_Handler
 .text.Default_Handler
                0x080006bc        0x8 ..\obj\startup_stm32f4xx.o
                0x080006bc                RTC_Alarm_IRQHandler
                0x080006bc                HASH_RNG_IRQHandler
                0x080006bc                EXTI2_IRQHandler
                0x080006bc                TIM8_CC_IRQHandler
                0x080006bc                TIM1_CC_IRQHandler
                0x080006bc                DMA2_Stream5_IRQHandler
                0x080006bc                DMA1_Stream5_IRQHandler
                0x080006bc                PVD_IRQHandler
                0x080006bc                SDIO_IRQHandler
                0x080006bc                TAMP_STAMP_IRQHandler
                0x080006bc                CAN2_RX1_IRQHandler
                0x080006bc                EXTI3_IRQHandler
                0x080006bc                TIM8_TRG_COM_TIM14_IRQHandler
                0x080006bc                TIM1_UP_TIM10_IRQHandler
                0x080006bc                TIM8_UP_TIM13_IRQHandler
                0x080006bc                I2C3_ER_IRQHandler
                0x080006bc                I2C2_EV_IRQHandler
                0x080006bc                DMA1_Stream2_IRQHandler
                0x080006bc                CAN1_RX0_IRQHandler
                0x080006bc                FPU_IRQHandler
                0x080006bc                OTG_HS_WKUP_IRQHandler
                0x080006bc                CAN2_SCE_IRQHandler
                0x080006bc                DMA2_Stream2_IRQHandler
                0x080006bc                SPI1_IRQHandler
                0x080006bc                TIM6_DAC_IRQHandler
                0x080006bc                TIM1_BRK_TIM9_IRQHandler
                0x080006bc                DCMI_IRQHandler
                0x080006bc                CAN2_RX0_IRQHandler
                0x080006bc                DMA2_Stream3_IRQHandler
                0x080006bc                USART6_IRQHandler
                0x080006bc                USART3_IRQHandler
                0x080006bc                CRYP_IRQHandler
                0x080006bc                CAN1_RX1_IRQHandler
                0x080006bc                UART5_IRQHandler
                0x080006bc                DMA2_Stream0_IRQHandler
                0x080006bc                TIM4_IRQHandler
                0x080006bc                I2C1_EV_IRQHandler
                0x080006bc                DMA1_Stream6_IRQHandler
                0x080006bc                DMA1_Stream1_IRQHandler
                0x080006bc                UART4_IRQHandler
                0x080006bc                TIM3_IRQHandler
                0x080006bc                RCC_IRQHandler
                0x080006bc                TIM8_BRK_TIM12_IRQHandler
                0x080006bc                EXTI15_10_IRQHandler
                0x080006bc                ADC_IRQHandler
                0x080006bc                DMA1_Stream7_IRQHandler
                0x080006bc                TIM7_IRQHandler
                0x080006bc                CAN2_TX_IRQHandler
                0x080006bc                TIM5_IRQHandler
                0x080006bc                DMA2_Stream7_IRQHandler
                0x080006bc                I2C3_EV_IRQHandler
                0x080006bc                EXTI9_5_IRQHandler
                0x080006bc                RTC_WKUP_IRQHandler
                0x080006bc                ETH_WKUP_IRQHandler
                0x080006bc                SPI2_IRQHandler
                0x080006bc                OTG_HS_EP1_IN_IRQHandler
                0x080006bc                DMA1_Stream0_IRQHandler
                0x080006bc                CAN1_TX_IRQHandler
                0x080006bc                EXTI4_IRQHandler
                0x080006bc                FSMC_IRQHandler
                0x080006bc                ETH_IRQHandler
                0x080006bc                OTG_HS_EP1_OUT_IRQHandler
                0x080006bc                WWDG_IRQHandler
                0x080006bc                TIM2_IRQHandler
                0x080006bc                OTG_FS_WKUP_IRQHandler
                0x080006bc                TIM1_TRG_COM_TIM11_IRQHandler
                0x080006bc                OTG_HS_IRQHandler
                0x080006bc                EXTI1_IRQHandler
                0x080006bc                USART2_IRQHandler
                0x080006bc                I2C2_ER_IRQHandler
                0x080006bc                DMA2_Stream1_IRQHandler
                0x080006bc                CAN1_SCE_IRQHandler
                0x080006bc                FLASH_IRQHandler
                0x080006bc                DMA2_Stream4_IRQHandler
                0x080006bc                OTG_FS_IRQHandler
                0x080006bc                SPI3_IRQHandler
                0x080006bc                DMA1_Stream4_IRQHandler
                0x080006bc                I2C1_ER_IRQHandler
                0x080006bc                DMA2_Stream6_IRQHandler
                0x080006bc                DMA1_Stream3_IRQHandler
 .text.main     0x080006c4       0xd8 ..\obj\main.o
                0x080006c4                main
 .text.RCC_DeInit
                0x0800079c       0x84 ..\obj\stm32f4xx_rcc.o
                0x0800079c                RCC_DeInit
 .text.RCC_HSEConfig
                0x08000820       0x30 ..\obj\stm32f4xx_rcc.o
                0x08000820                RCC_HSEConfig
 .text.RCC_WaitForHSEStartUp
                0x08000850       0x64 ..\obj\stm32f4xx_rcc.o
                0x08000850                RCC_WaitForHSEStartUp
 .text.RCC_PLLConfig
                0x080008b4       0x48 ..\obj\stm32f4xx_rcc.o
                0x080008b4                RCC_PLLConfig
 .text.RCC_PLLCmd
                0x080008fc       0x20 ..\obj\stm32f4xx_rcc.o
                0x080008fc                RCC_PLLCmd
 .text.RCC_SYSCLKConfig
                0x0800091c       0x40 ..\obj\stm32f4xx_rcc.o
                0x0800091c                RCC_SYSCLKConfig
 .text.RCC_GetSYSCLKSource
                0x0800095c       0x20 ..\obj\stm32f4xx_rcc.o
                0x0800095c                RCC_GetSYSCLKSource
 .text.RCC_HCLKConfig
                0x0800097c       0x40 ..\obj\stm32f4xx_rcc.o
                0x0800097c                RCC_HCLKConfig
 .text.RCC_PCLK1Config
                0x080009bc       0x40 ..\obj\stm32f4xx_rcc.o
                0x080009bc                RCC_PCLK1Config
 .text.RCC_PCLK2Config
                0x080009fc       0x44 ..\obj\stm32f4xx_rcc.o
                0x080009fc                RCC_PCLK2Config
 .text.RCC_GetClocksFreq
                0x08000a40      0x1cc ..\obj\stm32f4xx_rcc.o
                0x08000a40                RCC_GetClocksFreq
 .text.RCC_AHB1PeriphClockCmd
                0x08000c0c       0x54 ..\obj\stm32f4xx_rcc.o
                0x08000c0c                RCC_AHB1PeriphClockCmd
 .text.RCC_APB1PeriphClockCmd
                0x08000c60       0x54 ..\obj\stm32f4xx_rcc.o
                0x08000c60                RCC_APB1PeriphClockCmd
 .text.RCC_APB2PeriphClockCmd
                0x08000cb4       0x54 ..\obj\stm32f4xx_rcc.o
                0x08000cb4                RCC_APB2PeriphClockCmd
 .text.RCC_GetFlagStatus
                0x08000d08       0x90 ..\obj\stm32f4xx_rcc.o
                0x08000d08                RCC_GetFlagStatus
 .text.NMI_Handler
                0x08000d98        0xc ..\obj\stm32f4xx_it.o
                0x08000d98                NMI_Handler
 .text.HardFault_Handler
                0x08000da4        0x8 ..\obj\stm32f4xx_it.o
                0x08000da4                HardFault_Handler
 .text.MemManage_Handler
                0x08000dac        0x8 ..\obj\stm32f4xx_it.o
                0x08000dac                MemManage_Handler
 .text.BusFault_Handler
                0x08000db4        0x8 ..\obj\stm32f4xx_it.o
                0x08000db4                BusFault_Handler
 .text.UsageFault_Handler
                0x08000dbc        0x8 ..\obj\stm32f4xx_it.o
                0x08000dbc                UsageFault_Handler
 .text.SVC_Handler
                0x08000dc4        0xc ..\obj\stm32f4xx_it.o
                0x08000dc4                SVC_Handler
 .text.DebugMon_Handler
                0x08000dd0        0xc ..\obj\stm32f4xx_it.o
                0x08000dd0                DebugMon_Handler
 .text.PendSV_Handler
                0x08000ddc        0xc ..\obj\stm32f4xx_it.o
                0x08000ddc                PendSV_Handler
 .text.USART1_IRQHandler
                0x08000de8      0x100 ..\obj\stm32f4xx_it.o
                0x08000de8                USART1_IRQHandler
 .text.EXTI0_IRQHandler
                0x08000ee8       0xa4 ..\obj\stm32f4xx_it.o
                0x08000ee8                EXTI0_IRQHandler
 *fill*         0x08000f8c        0x4 00
 .text.SysTick_Handler
                0x08000f90      0x178 ..\obj\stm32f4xx_it.o
                0x08000f90                SysTick_Handler
 .text.pwm_config
                0x08001108       0xac ..\obj\pwmMyConfiguration.o
                0x08001108                pwm_config
 .text.usart_config
                0x080011b4       0x68 ..\obj\usartMyConfiguration.o
                0x080011b4                usart_config
 .text.GPIO_Init
                0x0800121c      0x144 ..\obj\stm32f4xx_gpio.o
                0x0800121c                GPIO_Init
 .text.GPIO_ReadInputDataBit
                0x08001360       0x3c ..\obj\stm32f4xx_gpio.o
                0x08001360                GPIO_ReadInputDataBit
 .text.GPIO_SetBits
                0x0800139c       0x1c ..\obj\stm32f4xx_gpio.o
                0x0800139c                GPIO_SetBits
 .text.GPIO_ToggleBits
                0x080013b8       0x24 ..\obj\stm32f4xx_gpio.o
                0x080013b8                GPIO_ToggleBits
 .text.GPIO_PinAFConfig
                0x080013dc       0xa8 ..\obj\stm32f4xx_gpio.o
                0x080013dc                GPIO_PinAFConfig
 .text.FLASH_SetLatency
                0x08001484       0x20 ..\obj\stm32f4xx_flash.o
                0x08001484                FLASH_SetLatency
 .text.FLASH_PrefetchBufferCmd
                0x080014a4       0x4c ..\obj\stm32f4xx_flash.o
                0x080014a4                FLASH_PrefetchBufferCmd
 .text.NVIC_SetPriority
                0x080014f0       0x5c ..\obj\nvicMyConfiguration.o
 .text.nvic_config
                0x0800154c       0x2c ..\obj\nvicMyConfiguration.o
                0x0800154c                nvic_config
 .text.enableUSART1ReceiveINT
                0x08001578       0x40 ..\obj\nvicMyConfiguration.o
                0x08001578                enableUSART1ReceiveINT
 .text.enableEXTI0INT
                0x080015b8       0x6c ..\obj\nvicMyConfiguration.o
                0x080015b8                enableEXTI0INT
 .text.sysTick_Config_Mod
                0x08001624       0x80 ..\obj\nvicMyConfiguration.o
                0x08001624                sysTick_Config_Mod
 .text.SystemInit
                0x080016a4       0xb0 ..\obj\system_stm32f4xx.o
                0x080016a4                SystemInit
 .text.SetSysClock
                0x08001754      0x188 ..\obj\system_stm32f4xx.o
 .text._sbrk    0x080018dc       0x5c ..\obj\syscalls.o
                0x080018dc                _sbrk
 .text._close   0x08001938       0x18 ..\obj\syscalls.o
                0x08001938                _close
 .text._fstat   0x08001950       0x24 ..\obj\syscalls.o
                0x08001950                _fstat
 .text._isatty  0x08001974       0x18 ..\obj\syscalls.o
                0x08001974                _isatty
 .text._lseek   0x0800198c       0x1c ..\obj\syscalls.o
                0x0800198c                _lseek
 .text._read    0x080019a8       0x1c ..\obj\syscalls.o
                0x080019a8                _read
 .text._write   0x080019c4       0x6c ..\obj\syscalls.o
                0x080019c4                _write
 .text.gpio_config
                0x08001a30       0x2c ..\obj\gpioMyConfiguration.o
                0x08001a30                gpio_config
 .text.configureGPIODiodes
                0x08001a5c       0x48 ..\obj\gpioMyConfiguration.o
                0x08001a5c                configureGPIODiodes
 .text.configureGPIOBT
                0x08001aa4       0xec ..\obj\gpioMyConfiguration.o
                0x08001aa4                configureGPIOBT
 .text.configureGPIOButton
                0x08001b90       0x38 ..\obj\gpioMyConfiguration.o
                0x08001b90                configureGPIOButton
 .text.configureGPIOPWM
                0x08001bc8       0xa4 ..\obj\gpioMyConfiguration.o
                0x08001bc8                configureGPIOPWM
 .text.rcc_config
                0x08001c6c       0x9c ..\obj\rccMyConfiguration.o
                0x08001c6c                rcc_config
 .text.enableClockSourcesForPeripherials
                0x08001d08       0x5c ..\obj\rccMyConfiguration.o
                0x08001d08                enableClockSourcesForPeripherials
 .text.I2C_Init
                0x08001d64      0x1ac ..\obj\stm32f4xx_i2c.o
                0x08001d64                I2C_Init
 .text.I2C_Cmd  0x08001f10       0x40 ..\obj\stm32f4xx_i2c.o
                0x08001f10                I2C_Cmd
 .text.I2C_GenerateSTART
                0x08001f50       0x40 ..\obj\stm32f4xx_i2c.o
                0x08001f50                I2C_GenerateSTART
 .text.I2C_GenerateSTOP
                0x08001f90       0x40 ..\obj\stm32f4xx_i2c.o
                0x08001f90                I2C_GenerateSTOP
 .text.I2C_Send7bitAddress
                0x08001fd0       0x3c ..\obj\stm32f4xx_i2c.o
                0x08001fd0                I2C_Send7bitAddress
 .text.I2C_AcknowledgeConfig
                0x0800200c       0x40 ..\obj\stm32f4xx_i2c.o
                0x0800200c                I2C_AcknowledgeConfig
 .text.I2C_SendData
                0x0800204c       0x20 ..\obj\stm32f4xx_i2c.o
                0x0800204c                I2C_SendData
 .text.I2C_ReceiveData
                0x0800206c       0x1c ..\obj\stm32f4xx_i2c.o
                0x0800206c                I2C_ReceiveData
 .text.I2C_CheckEvent
                0x08002088       0x70 ..\obj\stm32f4xx_i2c.o
                0x08002088                I2C_CheckEvent
 .text.I2C_GetFlagStatus
                0x080020f8       0x78 ..\obj\stm32f4xx_i2c.o
                0x080020f8                I2C_GetFlagStatus
 .text.EXTI_Init
                0x08002170      0x138 ..\obj\stm32f4xx_exti.o
                0x08002170                EXTI_Init
 .text.EXTI_GetITStatus
                0x080022a8       0x58 ..\obj\stm32f4xx_exti.o
                0x080022a8                EXTI_GetITStatus
 .text.EXTI_ClearITPendingBit
                0x08002300       0x20 ..\obj\stm32f4xx_exti.o
                0x08002300                EXTI_ClearITPendingBit
 .text.NVIC_PriorityGroupConfig
                0x08002320       0x28 ..\obj\misc.o
                0x08002320                NVIC_PriorityGroupConfig
 .text.NVIC_Init
                0x08002348       0xe4 ..\obj\misc.o
                0x08002348                NVIC_Init
 .text.NVIC_SetVectorTable
                0x0800242c       0x2c ..\obj\misc.o
                0x0800242c                NVIC_SetVectorTable
 .text.MPU6050_Initialize
                0x08002458       0x28 ..\obj\MPU6050.o
                0x08002458                MPU6050_Initialize
 .text.MPU6050_TestConnection
                0x08002480       0x1c ..\obj\MPU6050.o
                0x08002480                MPU6050_TestConnection
 .text.MPU6050_GetDeviceID
                0x0800249c       0x34 ..\obj\MPU6050.o
                0x0800249c                MPU6050_GetDeviceID
 .text.MPU6050_SetClockSource
                0x080024d0       0x2c ..\obj\MPU6050.o
                0x080024d0                MPU6050_SetClockSource
 .text.MPU6050_SetFullScaleGyroRange
                0x080024fc       0x2c ..\obj\MPU6050.o
                0x080024fc                MPU6050_SetFullScaleGyroRange
 .text.MPU6050_SetFullScaleAccelRange
                0x08002528       0x2c ..\obj\MPU6050.o
                0x08002528                MPU6050_SetFullScaleAccelRange
 .text.MPU6050_SetSleepModeStatus
                0x08002554       0x24 ..\obj\MPU6050.o
                0x08002554                MPU6050_SetSleepModeStatus
 .text.MPU6050_GetRawAccelGyro
                0x08002578       0xd4 ..\obj\MPU6050.o
                0x08002578                MPU6050_GetRawAccelGyro
 .text.MPU6050_WriteBits
                0x0800264c       0x94 ..\obj\MPU6050.o
                0x0800264c                MPU6050_WriteBits
 .text.MPU6050_WriteBit
                0x080026e0       0x7c ..\obj\MPU6050.o
                0x080026e0                MPU6050_WriteBit
 .text.MPU6050_ReadBits
                0x0800275c       0x70 ..\obj\MPU6050.o
                0x0800275c                MPU6050_ReadBits
 .text.MPU6050_I2C_Init
                0x080027cc       0xbc ..\obj\MPU6050.o
                0x080027cc                MPU6050_I2C_Init
 .text.MPU6050_I2C_ByteWrite
                0x08002888       0xe0 ..\obj\MPU6050.o
                0x08002888                MPU6050_I2C_ByteWrite
 .text.MPU6050_I2C_BufferRead
                0x08002968      0x1a0 ..\obj\MPU6050.o
                0x08002968                MPU6050_I2C_BufferRead
 .text.TIM_TimeBaseInit
                0x08002b08       0xf4 ..\obj\stm32f4xx_tim.o
                0x08002b08                TIM_TimeBaseInit
 .text.TIM_TimeBaseStructInit
                0x08002bfc       0x3c ..\obj\stm32f4xx_tim.o
                0x08002bfc                TIM_TimeBaseStructInit
 .text.TIM_Cmd  0x08002c38       0x40 ..\obj\stm32f4xx_tim.o
                0x08002c38                TIM_Cmd
 .text.TIM_OC2Init
                0x08002c78      0x128 ..\obj\stm32f4xx_tim.o
                0x08002c78                TIM_OC2Init
 .text.TIM_OC4Init
                0x08002da0       0xe0 ..\obj\stm32f4xx_tim.o
                0x08002da0                TIM_OC4Init
 .text.TIM_OCStructInit
                0x08002e80       0x54 ..\obj\stm32f4xx_tim.o
                0x08002e80                TIM_OCStructInit
 .text.atan2f   0x08002ed4        0x4 C:\Program Files (x86)\GNU Tools ARM Embedded\4.7 2013q1\arm-none-eabi\lib\armv7e-m\softfp\libm.a(lib_a-wf_atan2.o)
                0x08002ed4                atan2f
 .text.__ieee754_atan2f
                0x08002ed8      0x174 C:\Program Files (x86)\GNU Tools ARM Embedded\4.7 2013q1\arm-none-eabi\lib\armv7e-m\softfp\libm.a(lib_a-ef_atan2.o)
                0x08002ed8                __ieee754_atan2f
 .text.atanf    0x0800304c      0x1c4 C:\Program Files (x86)\GNU Tools ARM Embedded\4.7 2013q1\arm-none-eabi\lib\armv7e-m\softfp\libm.a(lib_a-sf_atan.o)
                0x0800304c                atanf
 .text.fabsf    0x08003210        0x8 C:\Program Files (x86)\GNU Tools ARM Embedded\4.7 2013q1\arm-none-eabi\lib\armv7e-m\softfp\libm.a(lib_a-sf_fabs.o)
                0x08003210                fabsf
 .text          0x08003218      0x370 c:/program files (x86)/gnu tools arm embedded/4.7 2013q1/bin/../lib/gcc/arm-none-eabi/4.7.3/armv7e-m\libgcc.a(_arm_addsubdf3.o)
                0x08003218                __aeabi_drsub
                0x08003220                __aeabi_dsub
                0x08003220                __subdf3
                0x08003224                __aeabi_dadd
                0x08003224                __adddf3
                0x0800349c                __floatunsidf
                0x0800349c                __aeabi_ui2d
                0x080034bc                __floatsidf
                0x080034bc                __aeabi_i2d
                0x080034e0                __aeabi_f2d
                0x080034e0                __extendsfdf2
                0x0800351c                __floatundidf
                0x0800351c                __aeabi_ul2d
                0x0800352c                __floatdidf
                0x0800352c                __aeabi_l2d
 .text          0x08003588      0x424 c:/program files (x86)/gnu tools arm embedded/4.7 2013q1/bin/../lib/gcc/arm-none-eabi/4.7.3/armv7e-m\libgcc.a(_arm_muldivdf3.o)
                0x08003588                __aeabi_dmul
                0x08003588                __muldf3
                0x080037dc                __divdf3
                0x080037dc                __aeabi_ddiv
 .text          0x080039ac       0xa0 c:/program files (x86)/gnu tools arm embedded/4.7 2013q1/bin/../lib/gcc/arm-none-eabi/4.7.3/armv7e-m\libgcc.a(_arm_truncdfsf2.o)
                0x080039ac                __truncdfsf2
                0x080039ac                __aeabi_d2f
 .text.printf   0x08003a4c       0x28 C:\Program Files (x86)\GNU Tools ARM Embedded\4.7 2013q1\arm-none-eabi\lib\armv7e-m\softfp\libc.a(lib_a-printf.o)
                0x08003a4c                printf
 .text.setvbuf  0x08003a74      0x110 C:\Program Files (x86)\GNU Tools ARM Embedded\4.7 2013q1\arm-none-eabi\lib\armv7e-m\softfp\libc.a(lib_a-setvbuf.o)
                0x08003a74                setvbuf
 .text._vfprintf_r
                0x08003b84     0x1cc8 C:\Program Files (x86)\GNU Tools ARM Embedded\4.7 2013q1\arm-none-eabi\lib\armv7e-m\softfp\libc.a(lib_a-vfprintf.o)
                0x08003b84                _vfprintf_r
 .text.__sbprintf
                0x0800584c       0x78 C:\Program Files (x86)\GNU Tools ARM Embedded\4.7 2013q1\arm-none-eabi\lib\armv7e-m\softfp\libc.a(lib_a-vfprintf.o)
 .text.__swsetup_r
                0x080058c4       0xc4 C:\Program Files (x86)\GNU Tools ARM Embedded\4.7 2013q1\arm-none-eabi\lib\armv7e-m\softfp\libc.a(lib_a-wsetup.o)
                0x080058c4                __swsetup_r
 .text.quorem   0x08005988      0x2ec C:\Program Files (x86)\GNU Tools ARM Embedded\4.7 2013q1\arm-none-eabi\lib\armv7e-m\softfp\libc.a(lib_a-dtoa.o)
 *fill*         0x08005c74        0x4 00
 .text._dtoa_r  0x08005c78     0x1260 C:\Program Files (x86)\GNU Tools ARM Embedded\4.7 2013q1\arm-none-eabi\lib\armv7e-m\softfp\libc.a(lib_a-dtoa.o)
                0x08005c78                _dtoa_r
 .text._fflush_r
                0x08006ed8      0x168 C:\Program Files (x86)\GNU Tools ARM Embedded\4.7 2013q1\arm-none-eabi\lib\armv7e-m\softfp\libc.a(lib_a-fflush.o)
                0x08006ed8                _fflush_r
 .text._cleanup_r
                0x08007040        0xc C:\Program Files (x86)\GNU Tools ARM Embedded\4.7 2013q1\arm-none-eabi\lib\armv7e-m\softfp\libc.a(lib_a-findfp.o)
                0x08007040                _cleanup_r
 .text.std.isra.0
                0x0800704c       0x50 C:\Program Files (x86)\GNU Tools ARM Embedded\4.7 2013q1\arm-none-eabi\lib\armv7e-m\softfp\libc.a(lib_a-findfp.o)
 .text.__sinit  0x0800709c       0x4c C:\Program Files (x86)\GNU Tools ARM Embedded\4.7 2013q1\arm-none-eabi\lib\armv7e-m\softfp\libc.a(lib_a-findfp.o)
                0x0800709c                __sinit
 .text.__sfp_lock_acquire
                0x080070e8        0x4 C:\Program Files (x86)\GNU Tools ARM Embedded\4.7 2013q1\arm-none-eabi\lib\armv7e-m\softfp\libc.a(lib_a-findfp.o)
                0x080070e8                __sfp_lock_acquire
 .text.__sfp_lock_release
                0x080070ec        0x4 C:\Program Files (x86)\GNU Tools ARM Embedded\4.7 2013q1\arm-none-eabi\lib\armv7e-m\softfp\libc.a(lib_a-findfp.o)
                0x080070ec                __sfp_lock_release
 .text._malloc_trim_r
                0x080070f0       0x98 C:\Program Files (x86)\GNU Tools ARM Embedded\4.7 2013q1\arm-none-eabi\lib\armv7e-m\softfp\libc.a(lib_a-freer.o)
                0x080070f0                _malloc_trim_r
 .text._free_r  0x08007188      0x194 C:\Program Files (x86)\GNU Tools ARM Embedded\4.7 2013q1\arm-none-eabi\lib\armv7e-m\softfp\libc.a(lib_a-freer.o)
                0x08007188                _free_r
 .text._fwalk   0x0800731c       0xb8 C:\Program Files (x86)\GNU Tools ARM Embedded\4.7 2013q1\arm-none-eabi\lib\armv7e-m\softfp\libc.a(lib_a-fwalk.o)
                0x0800731c                _fwalk
 .text.__locale_charset
                0x080073d4        0xc C:\Program Files (x86)\GNU Tools ARM Embedded\4.7 2013q1\arm-none-eabi\lib\armv7e-m\softfp\libc.a(lib_a-locale.o)
                0x080073d4                __locale_charset
 .text.__locale_mb_cur_max
                0x080073e0        0xc C:\Program Files (x86)\GNU Tools ARM Embedded\4.7 2013q1\arm-none-eabi\lib\armv7e-m\softfp\libc.a(lib_a-locale.o)
                0x080073e0                __locale_mb_cur_max
 .text._localeconv_r
                0x080073ec        0xc C:\Program Files (x86)\GNU Tools ARM Embedded\4.7 2013q1\arm-none-eabi\lib\armv7e-m\softfp\libc.a(lib_a-locale.o)
                0x080073ec                _localeconv_r
 .text.__smakebuf_r
                0x080073f8       0xe8 C:\Program Files (x86)\GNU Tools ARM Embedded\4.7 2013q1\arm-none-eabi\lib\armv7e-m\softfp\libc.a(lib_a-makebuf.o)
                0x080073f8                __smakebuf_r
 .text.malloc   0x080074e0       0x10 C:\Program Files (x86)\GNU Tools ARM Embedded\4.7 2013q1\arm-none-eabi\lib\armv7e-m\softfp\libc.a(lib_a-malloc.o)
                0x080074e0                malloc
 .text._malloc_r
                0x080074f0      0x55c C:\Program Files (x86)\GNU Tools ARM Embedded\4.7 2013q1\arm-none-eabi\lib\armv7e-m\softfp\libc.a(lib_a-mallocr.o)
                0x080074f0                _malloc_r
 .text.memchr   0x08007a4c      0x140 C:\Program Files (x86)\GNU Tools ARM Embedded\4.7 2013q1\arm-none-eabi\lib\armv7e-m\softfp\libc.a(lib_a-memchr.o)
                0x08007a4c                memchr
 .text.memcpy   0x08007b8c      0x144 C:\Program Files (x86)\GNU Tools ARM Embedded\4.7 2013q1\arm-none-eabi\lib\armv7e-m\softfp\libc.a(lib_a-memcpy.o)
                0x08007b8c                memcpy
 .text.memset   0x08007cd0      0x12c C:\Program Files (x86)\GNU Tools ARM Embedded\4.7 2013q1\arm-none-eabi\lib\armv7e-m\softfp\libc.a(lib_a-memset.o)
                0x08007cd0                memset
 .text.__malloc_lock
                0x08007dfc        0x4 C:\Program Files (x86)\GNU Tools ARM Embedded\4.7 2013q1\arm-none-eabi\lib\armv7e-m\softfp\libc.a(lib_a-mlock.o)
                0x08007dfc                __malloc_lock
 .text.__malloc_unlock
                0x08007e00        0x4 C:\Program Files (x86)\GNU Tools ARM Embedded\4.7 2013q1\arm-none-eabi\lib\armv7e-m\softfp\libc.a(lib_a-mlock.o)
                0x08007e00                __malloc_unlock
 .text._Balloc  0x08007e04       0x4c C:\Program Files (x86)\GNU Tools ARM Embedded\4.7 2013q1\arm-none-eabi\lib\armv7e-m\softfp\libc.a(lib_a-mprec.o)
                0x08007e04                _Balloc
 .text._Bfree   0x08007e50       0x14 C:\Program Files (x86)\GNU Tools ARM Embedded\4.7 2013q1\arm-none-eabi\lib\armv7e-m\softfp\libc.a(lib_a-mprec.o)
                0x08007e50                _Bfree
 .text.__multadd
                0x08007e64       0xf8 C:\Program Files (x86)\GNU Tools ARM Embedded\4.7 2013q1\arm-none-eabi\lib\armv7e-m\softfp\libc.a(lib_a-mprec.o)
                0x08007e64                __multadd
 .text.__hi0bits
                0x08007f5c       0x3c C:\Program Files (x86)\GNU Tools ARM Embedded\4.7 2013q1\arm-none-eabi\lib\armv7e-m\softfp\libc.a(lib_a-mprec.o)
                0x08007f5c                __hi0bits
 .text.__lo0bits
                0x08007f98       0x5c C:\Program Files (x86)\GNU Tools ARM Embedded\4.7 2013q1\arm-none-eabi\lib\armv7e-m\softfp\libc.a(lib_a-mprec.o)
                0x08007f98                __lo0bits
 .text.__i2b    0x08007ff4       0x14 C:\Program Files (x86)\GNU Tools ARM Embedded\4.7 2013q1\arm-none-eabi\lib\armv7e-m\softfp\libc.a(lib_a-mprec.o)
                0x08007ff4                __i2b
 .text.__multiply
                0x08008008      0x2d0 C:\Program Files (x86)\GNU Tools ARM Embedded\4.7 2013q1\arm-none-eabi\lib\armv7e-m\softfp\libc.a(lib_a-mprec.o)
                0x08008008                __multiply
 .text.__pow5mult
                0x080082d8       0x94 C:\Program Files (x86)\GNU Tools ARM Embedded\4.7 2013q1\arm-none-eabi\lib\armv7e-m\softfp\libc.a(lib_a-mprec.o)
                0x080082d8                __pow5mult
 .text.__lshift
                0x0800836c      0x188 C:\Program Files (x86)\GNU Tools ARM Embedded\4.7 2013q1\arm-none-eabi\lib\armv7e-m\softfp\libc.a(lib_a-mprec.o)
                0x0800836c                __lshift
 .text.__mcmp   0x080084f4       0x5c C:\Program Files (x86)\GNU Tools ARM Embedded\4.7 2013q1\arm-none-eabi\lib\armv7e-m\softfp\libc.a(lib_a-mprec.o)
                0x080084f4                __mcmp
 .text.__mdiff  0x08008550      0x20c C:\Program Files (x86)\GNU Tools ARM Embedded\4.7 2013q1\arm-none-eabi\lib\armv7e-m\softfp\libc.a(lib_a-mprec.o)
                0x08008550                __mdiff
 .text.__d2b    0x0800875c       0xc0 C:\Program Files (x86)\GNU Tools ARM Embedded\4.7 2013q1\arm-none-eabi\lib\armv7e-m\softfp\libc.a(lib_a-mprec.o)
                0x0800875c                __d2b
 .text.__fpclassifyd
                0x0800881c       0x68 C:\Program Files (x86)\GNU Tools ARM Embedded\4.7 2013q1\arm-none-eabi\lib\armv7e-m\softfp\libc.a(lib_a-s_fpclassify.o)
                0x0800881c                __fpclassifyd
 .text._sbrk_r  0x08008884       0x24 C:\Program Files (x86)\GNU Tools ARM Embedded\4.7 2013q1\arm-none-eabi\lib\armv7e-m\softfp\libc.a(lib_a-sbrkr.o)
                0x08008884                _sbrk_r
 .text.__sread  0x080088a8       0x24 C:\Program Files (x86)\GNU Tools ARM Embedded\4.7 2013q1\arm-none-eabi\lib\armv7e-m\softfp\libc.a(lib_a-stdio.o)
                0x080088a8                __sread
 .text.__swrite
                0x080088cc       0x44 C:\Program Files (x86)\GNU Tools ARM Embedded\4.7 2013q1\arm-none-eabi\lib\armv7e-m\softfp\libc.a(lib_a-stdio.o)
                0x080088cc                __swrite
 .text.__sseek  0x08008910       0x24 C:\Program Files (x86)\GNU Tools ARM Embedded\4.7 2013q1\arm-none-eabi\lib\armv7e-m\softfp\libc.a(lib_a-stdio.o)
                0x08008910                __sseek
 .text.__sclose
                0x08008934        0x8 C:\Program Files (x86)\GNU Tools ARM Embedded\4.7 2013q1\arm-none-eabi\lib\armv7e-m\softfp\libc.a(lib_a-stdio.o)
                0x08008934                __sclose
 .text.strlen   0x0800893c       0x60 C:\Program Files (x86)\GNU Tools ARM Embedded\4.7 2013q1\arm-none-eabi\lib\armv7e-m\softfp\libc.a(lib_a-strlen.o)
                0x0800893c                strlen
 .text.__sprint_r
                0x0800899c       0xc0 C:\Program Files (x86)\GNU Tools ARM Embedded\4.7 2013q1\arm-none-eabi\lib\armv7e-m\softfp\libc.a(lib_a-vfiprintf.o)
                0x0800899c                __sprint_r
 .text._write_r
                0x08008a5c       0x28 C:\Program Files (x86)\GNU Tools ARM Embedded\4.7 2013q1\arm-none-eabi\lib\armv7e-m\softfp\libc.a(lib_a-writer.o)
                0x08008a5c                _write_r
 .text._calloc_r
                0x08008a84       0x60 C:\Program Files (x86)\GNU Tools ARM Embedded\4.7 2013q1\arm-none-eabi\lib\armv7e-m\softfp\libc.a(lib_a-callocr.o)
                0x08008a84                _calloc_r
 .text._close_r
                0x08008ae4       0x24 C:\Program Files (x86)\GNU Tools ARM Embedded\4.7 2013q1\arm-none-eabi\lib\armv7e-m\softfp\libc.a(lib_a-closer.o)
                0x08008ae4                _close_r
 .text._fclose_r
                0x08008b08       0x94 C:\Program Files (x86)\GNU Tools ARM Embedded\4.7 2013q1\arm-none-eabi\lib\armv7e-m\softfp\libc.a(lib_a-fclose.o)
                0x08008b08                _fclose_r
 .text.fclose   0x08008b9c       0x10 C:\Program Files (x86)\GNU Tools ARM Embedded\4.7 2013q1\arm-none-eabi\lib\armv7e-m\softfp\libc.a(lib_a-fclose.o)
                0x08008b9c                fclose
 .text._fputwc_r
                0x08008bac      0x1b0 C:\Program Files (x86)\GNU Tools ARM Embedded\4.7 2013q1\arm-none-eabi\lib\armv7e-m\softfp\libc.a(lib_a-fputwc.o)
                0x08008bac                _fputwc_r
 .text._fstat_r
                0x08008d5c       0x28 C:\Program Files (x86)\GNU Tools ARM Embedded\4.7 2013q1\arm-none-eabi\lib\armv7e-m\softfp\libc.a(lib_a-fstatr.o)
                0x08008d5c                _fstat_r
 .text.__sfvwrite_r
                0x08008d84      0x314 C:\Program Files (x86)\GNU Tools ARM Embedded\4.7 2013q1\arm-none-eabi\lib\armv7e-m\softfp\libc.a(lib_a-fvwrite.o)
                0x08008d84                __sfvwrite_r
 .text._isatty_r
                0x08009098       0x24 C:\Program Files (x86)\GNU Tools ARM Embedded\4.7 2013q1\arm-none-eabi\lib\armv7e-m\softfp\libc.a(lib_a-isattyr.o)
                0x08009098                _isatty_r
 .text._lseek_r
                0x080090bc       0x28 C:\Program Files (x86)\GNU Tools ARM Embedded\4.7 2013q1\arm-none-eabi\lib\armv7e-m\softfp\libc.a(lib_a-lseekr.o)
                0x080090bc                _lseek_r
 .text.memmove  0x080090e4      0x198 C:\Program Files (x86)\GNU Tools ARM Embedded\4.7 2013q1\arm-none-eabi\lib\armv7e-m\softfp\libc.a(lib_a-memmove.o)
                0x080090e4                memmove
 .text._read_r  0x0800927c       0x28 C:\Program Files (x86)\GNU Tools ARM Embedded\4.7 2013q1\arm-none-eabi\lib\armv7e-m\softfp\libc.a(lib_a-readr.o)
                0x0800927c                _read_r
 .text._realloc_r
                0x080092a4      0x3dc C:\Program Files (x86)\GNU Tools ARM Embedded\4.7 2013q1\arm-none-eabi\lib\armv7e-m\softfp\libc.a(lib_a-reallocr.o)
                0x080092a4                _realloc_r
 .text.__swbuf_r
                0x08009680       0xbc C:\Program Files (x86)\GNU Tools ARM Embedded\4.7 2013q1\arm-none-eabi\lib\armv7e-m\softfp\libc.a(lib_a-wbuf.o)
                0x08009680                __swbuf_r
 .text._wcrtomb_r
                0x0800973c       0x50 C:\Program Files (x86)\GNU Tools ARM Embedded\4.7 2013q1\arm-none-eabi\lib\armv7e-m\softfp\libc.a(lib_a-wcrtomb.o)
                0x0800973c                _wcrtomb_r
 .text.__ascii_wctomb
                0x0800978c       0x1c C:\Program Files (x86)\GNU Tools ARM Embedded\4.7 2013q1\arm-none-eabi\lib\armv7e-m\softfp\libc.a(lib_a-wctomb_r.o)
                0x0800978c                __ascii_wctomb
 .text          0x080097a8      0x110 c:/program files (x86)/gnu tools arm embedded/4.7 2013q1/bin/../lib/gcc/arm-none-eabi/4.7.3/armv7e-m\libgcc.a(_arm_cmpdf2.o)
                0x080097a8                __gtdf2
                0x080097a8                __gedf2
                0x080097b0                __ltdf2
                0x080097b0                __ledf2
                0x080097b8                __nedf2
                0x080097b8                __eqdf2
                0x080097b8                __cmpdf2
                0x08009834                __aeabi_cdrcmple
                0x08009844                __aeabi_cdcmpeq
                0x08009844                __aeabi_cdcmple
                0x08009854                __aeabi_dcmpeq
                0x08009868                __aeabi_dcmplt
                0x0800987c                __aeabi_dcmple
                0x08009890                __aeabi_dcmpge
                0x080098a4                __aeabi_dcmpgt
 .text          0x080098b8       0x50 c:/program files (x86)/gnu tools arm embedded/4.7 2013q1/bin/../lib/gcc/arm-none-eabi/4.7.3/armv7e-m\libgcc.a(_arm_fixdfsi.o)
                0x080098b8                __aeabi_d2iz
                0x080098b8                __fixdfsi
 .text          0x08009908       0x2c c:/program files (x86)/gnu tools arm embedded/4.7 2013q1/bin/../lib/gcc/arm-none-eabi/4.7.3/armv7e-m\libgcc.a(_aeabi_uldivmod.o)
                0x08009908                __aeabi_uldivmod
 .text          0x08009934       0x58 c:/program files (x86)/gnu tools arm embedded/4.7 2013q1/bin/../lib/gcc/arm-none-eabi/4.7.3/armv7e-m\libgcc.a(bpabi.o)
                0x08009934                __gnu_ldivmod_helper
                0x08009960                __gnu_uldivmod_helper
 .text          0x0800998c        0x4 c:/program files (x86)/gnu tools arm embedded/4.7 2013q1/bin/../lib/gcc/arm-none-eabi/4.7.3/armv7e-m\libgcc.a(_dvmd_tls.o)
                0x0800998c                __aeabi_idiv0
                0x0800998c                __aeabi_ldiv0
 .text          0x08009990      0x2bc c:/program files (x86)/gnu tools arm embedded/4.7 2013q1/bin/../lib/gcc/arm-none-eabi/4.7.3/armv7e-m\libgcc.a(_divdi3.o)
                0x08009990                __divdi3
 .text          0x08009c4c      0x288 c:/program files (x86)/gnu tools arm embedded/4.7 2013q1/bin/../lib/gcc/arm-none-eabi/4.7.3/armv7e-m\libgcc.a(_udivdi3.o)
                0x08009c4c                __udivdi3
 *(.glue_7t)
 .glue_7t       0x00000000        0x0 linker stubs
 *(.glue_7)
 .glue_7        0x00000000        0x0 linker stubs
 *(.rodata .rodata* .gnu.linkonce.r.*)
 .rodata        0x08009ed4       0x74 ..\obj\main.o
 .rodata        0x08009f48       0x10 ..\obj\stm32f4xx_it.o
 .rodata.atanlo
                0x08009f58       0x10 C:\Program Files (x86)\GNU Tools ARM Embedded\4.7 2013q1\arm-none-eabi\lib\armv7e-m\softfp\libm.a(lib_a-sf_atan.o)
 .rodata.atanhi
                0x08009f68       0x10 C:\Program Files (x86)\GNU Tools ARM Embedded\4.7 2013q1\arm-none-eabi\lib\armv7e-m\softfp\libm.a(lib_a-sf_atan.o)
 .rodata.str1.4
                0x08009f78        0x2 C:\Program Files (x86)\GNU Tools ARM Embedded\4.7 2013q1\arm-none-eabi\lib\armv7e-m\softfp\libc.a(lib_a-impure.o)
                                  0x4 (size before relaxing)
 *fill*         0x08009f7a        0x2 00
 .rodata.blanks.6735
                0x08009f7c       0x10 C:\Program Files (x86)\GNU Tools ARM Embedded\4.7 2013q1\arm-none-eabi\lib\armv7e-m\softfp\libc.a(lib_a-vfprintf.o)
 .rodata.str1.4
                0x08009f8c       0x42 C:\Program Files (x86)\GNU Tools ARM Embedded\4.7 2013q1\arm-none-eabi\lib\armv7e-m\softfp\libc.a(lib_a-vfprintf.o)
                                 0x44 (size before relaxing)
 *fill*         0x08009fce        0x2 00
 .rodata.zeroes.6736
                0x08009fd0       0x10 C:\Program Files (x86)\GNU Tools ARM Embedded\4.7 2013q1\arm-none-eabi\lib\armv7e-m\softfp\libc.a(lib_a-vfprintf.o)
 .rodata.str1.4
                0x08009fe0       0x10 C:\Program Files (x86)\GNU Tools ARM Embedded\4.7 2013q1\arm-none-eabi\lib\armv7e-m\softfp\libc.a(lib_a-dtoa.o)
                                 0x14 (size before relaxing)
 .rodata.str1.4
                0x08009ff0        0xc C:\Program Files (x86)\GNU Tools ARM Embedded\4.7 2013q1\arm-none-eabi\lib\armv7e-m\softfp\libc.a(lib_a-locale.o)
                                 0x14 (size before relaxing)
 .rodata.p05.5242
                0x08009ffc        0xc C:\Program Files (x86)\GNU Tools ARM Embedded\4.7 2013q1\arm-none-eabi\lib\armv7e-m\softfp\libc.a(lib_a-mprec.o)
 .rodata.__mprec_tens
                0x0800a008       0xc8 C:\Program Files (x86)\GNU Tools ARM Embedded\4.7 2013q1\arm-none-eabi\lib\armv7e-m\softfp\libc.a(lib_a-mprec.o)
                0x0800a008                __mprec_tens
 .rodata.__mprec_bigtens
                0x0800a0d0       0x28 C:\Program Files (x86)\GNU Tools ARM Embedded\4.7 2013q1\arm-none-eabi\lib\armv7e-m\softfp\libc.a(lib_a-mprec.o)
                0x0800a0d0                __mprec_bigtens

.vfp11_veneer   0x0800a0f8        0x0
 .vfp11_veneer  0x00000000        0x0 linker stubs

.v4_bx          0x0800a0f8        0x0
 .v4_bx         0x00000000        0x0 linker stubs

.iplt           0x0800a0f8        0x0
 .iplt          0x00000000        0x0 ..\obj\stm32f4xx_syscfg.o

.ARM.extab
 *(.ARM.extab* .gnu.linkonce.armextab.*)
                0x0800a0f8                __exidx_start = .

.ARM.exidx      0x0800a0f8        0x8
 *(.ARM.exidx* .gnu.linkonce.armexidx.*)
 .ARM.exidx     0x0800a0f8        0x8 c:/program files (x86)/gnu tools arm embedded/4.7 2013q1/bin/../lib/gcc/arm-none-eabi/4.7.3/armv7e-m\libgcc.a(_divdi3.o)
 .ARM.exidx     0x0800a100        0x0 c:/program files (x86)/gnu tools arm embedded/4.7 2013q1/bin/../lib/gcc/arm-none-eabi/4.7.3/armv7e-m\libgcc.a(_udivdi3.o)
                                  0x8 (size before relaxing)
                0x0800a100                __exidx_end = .

.rel.dyn        0x0800a100        0x0
 .rel.iplt      0x00000000        0x0 ..\obj\stm32f4xx_syscfg.o
                0x0800a100                . = ALIGN (0x4)
                0x0800a100                _etext = .
                0x0800a100                _sidata = .

.data           0x20000000      0x8cc load address 0x0800a100
                0x20000000                _sdata = .
 *(.data .data.*)
 .data          0x20000000       0x10 ..\obj\stm32f4xx_rcc.o
 .data          0x20000010       0x20 ..\obj\stm32f4xx_it.o
                0x20000010                received_string
                0x20000028                radiansToDegrees
                0x2000002c                alfa
 .data.impure_data
                0x20000030      0x428 C:\Program Files (x86)\GNU Tools ARM Embedded\4.7 2013q1\arm-none-eabi\lib\armv7e-m\softfp\libc.a(lib_a-impure.o)
 .data._impure_ptr
                0x20000458        0x4 C:\Program Files (x86)\GNU Tools ARM Embedded\4.7 2013q1\arm-none-eabi\lib\armv7e-m\softfp\libc.a(lib_a-impure.o)
                0x20000458                _impure_ptr
 .data.lconv    0x2000045c       0x38 C:\Program Files (x86)\GNU Tools ARM Embedded\4.7 2013q1\arm-none-eabi\lib\armv7e-m\softfp\libc.a(lib_a-locale.o)
 .data.lc_ctype_charset
                0x20000494       0x20 C:\Program Files (x86)\GNU Tools ARM Embedded\4.7 2013q1\arm-none-eabi\lib\armv7e-m\softfp\libc.a(lib_a-locale.o)
 .data.__mb_cur_max
                0x200004b4        0x4 C:\Program Files (x86)\GNU Tools ARM Embedded\4.7 2013q1\arm-none-eabi\lib\armv7e-m\softfp\libc.a(lib_a-locale.o)
                0x200004b4                __mb_cur_max
 .data.__malloc_av_
                0x200004b8      0x408 C:\Program Files (x86)\GNU Tools ARM Embedded\4.7 2013q1\arm-none-eabi\lib\armv7e-m\softfp\libc.a(lib_a-mallocr.o)
                0x200004b8                __malloc_av_
 .data.__malloc_trim_threshold
                0x200008c0        0x4 C:\Program Files (x86)\GNU Tools ARM Embedded\4.7 2013q1\arm-none-eabi\lib\armv7e-m\softfp\libc.a(lib_a-mallocr.o)
                0x200008c0                __malloc_trim_threshold
 .data.__malloc_sbrk_base
                0x200008c4        0x4 C:\Program Files (x86)\GNU Tools ARM Embedded\4.7 2013q1\arm-none-eabi\lib\armv7e-m\softfp\libc.a(lib_a-mallocr.o)
                0x200008c4                __malloc_sbrk_base
 .data.__wctomb
                0x200008c8        0x4 C:\Program Files (x86)\GNU Tools ARM Embedded\4.7 2013q1\arm-none-eabi\lib\armv7e-m\softfp\libc.a(lib_a-wctomb_r.o)
                0x200008c8                __wctomb
                0x200008cc                . = ALIGN (0x4)
                0x200008cc                _edata = .

.igot.plt       0x200008cc        0x0 load address 0x0800a9cc
 .igot.plt      0x00000000        0x0 ..\obj\stm32f4xx_syscfg.o

.bss            0x200008cc       0x4c load address 0x0800a9cc
                0x200008cc                _sbss = .
 *(.bss .bss.*)
 .bss           0x200008cc        0x2 ..\obj\main.o
                0x200008cc                yGyroOffset
 *fill*         0x200008ce        0x2 00
 .bss           0x200008d0        0xc ..\obj\stm32f4xx_it.o
                0x200008d0                gyroYAngle
                0x200008d4                filteredAngle
 .bss           0x200008dc        0x4 ..\obj\syscalls.o
 .bss.__malloc_max_total_mem
                0x200008e0        0x4 C:\Program Files (x86)\GNU Tools ARM Embedded\4.7 2013q1\arm-none-eabi\lib\armv7e-m\softfp\libc.a(lib_a-mallocr.o)
                0x200008e0                __malloc_max_total_mem
 .bss.__malloc_max_sbrked_mem
                0x200008e4        0x4 C:\Program Files (x86)\GNU Tools ARM Embedded\4.7 2013q1\arm-none-eabi\lib\armv7e-m\softfp\libc.a(lib_a-mallocr.o)
                0x200008e4                __malloc_max_sbrked_mem
 .bss.__malloc_top_pad
                0x200008e8        0x4 C:\Program Files (x86)\GNU Tools ARM Embedded\4.7 2013q1\arm-none-eabi\lib\armv7e-m\softfp\libc.a(lib_a-mallocr.o)
                0x200008e8                __malloc_top_pad
 .bss.__malloc_current_mallinfo
                0x200008ec       0x28 C:\Program Files (x86)\GNU Tools ARM Embedded\4.7 2013q1\arm-none-eabi\lib\armv7e-m\softfp\libc.a(lib_a-mallocr.o)
                0x200008ec                __malloc_current_mallinfo
 *(COMMON)
 COMMON         0x20000914        0x4 C:\Program Files (x86)\GNU Tools ARM Embedded\4.7 2013q1\arm-none-eabi\lib\armv7e-m\softfp\libc.a(lib_a-reent.o)
                0x20000914                errno
                0x20000918                . = ALIGN (0x4)
                0x20000918                _ebss = .

.co_stack       0x20000918      0xc00 load address 0x0800aa18
                0x20000918                . = ALIGN (0x8)
 *(.co_stack .co_stack.*)
 .co_stack      0x20000918      0xc00 ..\obj\startup_stm32f4xx.o
                0x20000918                pulStack
                0x20001518                . = ALIGN (0x4)
                0x20001518                _end = .
LOAD ..\obj\stm32f4xx_syscfg.o
LOAD ..\obj\usartMyFunctions.o
LOAD ..\obj\stm32f4xx_usart.o
LOAD ..\obj\startup_stm32f4xx.o
LOAD ..\obj\main.o
LOAD ..\obj\stm32f4xx_rcc.o
LOAD ..\obj\stm32f4xx_it.o
LOAD ..\obj\pwmMyConfiguration.o
LOAD ..\obj\usartMyConfiguration.o
LOAD ..\obj\stm32f4xx_gpio.o
LOAD ..\obj\stm32f4xx_flash.o
LOAD ..\obj\nvicMyConfiguration.o
LOAD ..\obj\system_stm32f4xx.o
LOAD ..\obj\syscalls.o
LOAD ..\obj\gpioMyConfiguration.o
LOAD ..\obj\rccMyConfiguration.o
LOAD ..\obj\stm32f4xx_i2c.o
LOAD ..\obj\stm32f4xx_exti.o
LOAD ..\obj\misc.o
LOAD ..\obj\MPU6050.o
LOAD ..\obj\pid.o
LOAD ..\obj\stm32f4xx_tim.o
LOAD C:\Program Files (x86)\GNU Tools ARM Embedded\4.7 2013q1\arm-none-eabi\lib\armv7e-m\softfp\libm.a
LOAD c:/program files (x86)/gnu tools arm embedded/4.7 2013q1/bin/../lib/gcc/arm-none-eabi/4.7.3/armv7e-m\libgcc.a
LOAD C:\Program Files (x86)\GNU Tools ARM Embedded\4.7 2013q1\arm-none-eabi\lib\armv7e-m\softfp\libc.a
START GROUP
LOAD c:/program files (x86)/gnu tools arm embedded/4.7 2013q1/bin/../lib/gcc/arm-none-eabi/4.7.3/armv7e-m\libgcc.a
LOAD C:\Program Files (x86)\GNU Tools ARM Embedded\4.7 2013q1\arm-none-eabi\lib\armv7e-m\softfp\libg.a
LOAD C:\Program Files (x86)\GNU Tools ARM Embedded\4.7 2013q1\arm-none-eabi\lib\armv7e-m\softfp\libc.a
END GROUP
OUTPUT(wzorzec_Flash.elf elf32-littlearm)

.debug_info     0x00000000     0x95a9
 .debug_info    0x00000000      0x279 ..\obj\stm32f4xx_syscfg.o
 .debug_info    0x00000279      0x1d4 ..\obj\usartMyFunctions.o
 .debug_info    0x0000044d      0xa65 ..\obj\stm32f4xx_usart.o
 .debug_info    0x00000eb2      0x103 ..\obj\startup_stm32f4xx.o
 .debug_info    0x00000fb5      0x230 ..\obj\main.o
 .debug_info    0x000011e5      0xd49 ..\obj\stm32f4xx_rcc.o
 .debug_info    0x00001f2e      0xdb5 ..\obj\stm32f4xx_it.o
 .debug_info    0x00002ce3      0x43f ..\obj\pwmMyConfiguration.o
 .debug_info    0x00003122      0x239 ..\obj\usartMyConfiguration.o
 .debug_info    0x0000335b      0x640 ..\obj\stm32f4xx_gpio.o
 .debug_info    0x0000399b      0x78c ..\obj\stm32f4xx_flash.o
 .debug_info    0x00004127      0x870 ..\obj\nvicMyConfiguration.o
 .debug_info    0x00004997      0x5f5 ..\obj\system_stm32f4xx.o
 .debug_info    0x00004f8c      0x586 ..\obj\syscalls.o
 .debug_info    0x00005512      0x356 ..\obj\gpioMyConfiguration.o
 .debug_info    0x00005868      0x133 ..\obj\rccMyConfiguration.o
 .debug_info    0x0000599b      0xbab ..\obj\stm32f4xx_i2c.o
 .debug_info    0x00006546      0x373 ..\obj\stm32f4xx_exti.o
 .debug_info    0x000068b9      0x592 ..\obj\misc.o
 .debug_info    0x00006e4b      0x8e1 ..\obj\MPU6050.o
 .debug_info    0x0000772c     0x1e7d ..\obj\stm32f4xx_tim.o

.debug_abbrev   0x00000000     0x1bcd
 .debug_abbrev  0x00000000      0x133 ..\obj\stm32f4xx_syscfg.o
 .debug_abbrev  0x00000133       0xc8 ..\obj\usartMyFunctions.o
 .debug_abbrev  0x000001fb      0x157 ..\obj\stm32f4xx_usart.o
 .debug_abbrev  0x00000352       0xb2 ..\obj\startup_stm32f4xx.o
 .debug_abbrev  0x00000404       0xfe ..\obj\main.o
 .debug_abbrev  0x00000502      0x1e5 ..\obj\stm32f4xx_rcc.o
 .debug_abbrev  0x000006e7      0x209 ..\obj\stm32f4xx_it.o
 .debug_abbrev  0x000008f0      0x109 ..\obj\pwmMyConfiguration.o
 .debug_abbrev  0x000009f9       0xe2 ..\obj\usartMyConfiguration.o
 .debug_abbrev  0x00000adb      0x1a5 ..\obj\stm32f4xx_gpio.o
 .debug_abbrev  0x00000c80      0x1b0 ..\obj\stm32f4xx_flash.o
 .debug_abbrev  0x00000e30      0x188 ..\obj\nvicMyConfiguration.o
 .debug_abbrev  0x00000fb8      0x138 ..\obj\system_stm32f4xx.o
 .debug_abbrev  0x000010f0      0x16f ..\obj\syscalls.o
 .debug_abbrev  0x0000125f      0x10c ..\obj\gpioMyConfiguration.o
 .debug_abbrev  0x0000136b       0xba ..\obj\rccMyConfiguration.o
 .debug_abbrev  0x00001425      0x166 ..\obj\stm32f4xx_i2c.o
 .debug_abbrev  0x0000158b      0x1a7 ..\obj\stm32f4xx_exti.o
 .debug_abbrev  0x00001732      0x129 ..\obj\misc.o
 .debug_abbrev  0x0000185b      0x1e9 ..\obj\MPU6050.o
 .debug_abbrev  0x00001a44      0x189 ..\obj\stm32f4xx_tim.o

.debug_loc      0x00000000     0x44e8
 .debug_loc     0x00000000      0x144 ..\obj\stm32f4xx_syscfg.o
 .debug_loc     0x00000144       0x38 ..\obj\usartMyFunctions.o
 .debug_loc     0x0000017c      0x658 ..\obj\stm32f4xx_usart.o
 .debug_loc     0x000007d4       0x64 ..\obj\startup_stm32f4xx.o
 .debug_loc     0x00000838       0x38 ..\obj\main.o
 .debug_loc     0x00000870      0x97c ..\obj\stm32f4xx_rcc.o
 .debug_loc     0x000011ec      0x208 ..\obj\stm32f4xx_it.o
 .debug_loc     0x000013f4       0x70 ..\obj\pwmMyConfiguration.o
 .debug_loc     0x00001464       0x38 ..\obj\usartMyConfiguration.o
 .debug_loc     0x0000149c      0x310 ..\obj\stm32f4xx_gpio.o
 .debug_loc     0x000017ac      0x624 ..\obj\stm32f4xx_flash.o
 .debug_loc     0x00001dd0      0x118 ..\obj\nvicMyConfiguration.o
 .debug_loc     0x00001ee8       0x9c ..\obj\system_stm32f4xx.o
 .debug_loc     0x00001f84      0x1ec ..\obj\syscalls.o
 .debug_loc     0x00002170      0x118 ..\obj\gpioMyConfiguration.o
 .debug_loc     0x00002288       0x64 ..\obj\rccMyConfiguration.o
 .debug_loc     0x000022ec      0x738 ..\obj\stm32f4xx_i2c.o
 .debug_loc     0x00002a24      0x1b4 ..\obj\stm32f4xx_exti.o
 .debug_loc     0x00002bd8      0x118 ..\obj\misc.o
 .debug_loc     0x00002cf0      0x3d8 ..\obj\MPU6050.o
 .debug_loc     0x000030c8     0x1420 ..\obj\stm32f4xx_tim.o

.debug_aranges  0x00000000      0xc00
 .debug_aranges
                0x00000000       0x48 ..\obj\stm32f4xx_syscfg.o
 .debug_aranges
                0x00000048       0x20 ..\obj\usartMyFunctions.o
 .debug_aranges
                0x00000068      0x100 ..\obj\stm32f4xx_usart.o
 .debug_aranges
                0x00000168       0x28 ..\obj\startup_stm32f4xx.o
 .debug_aranges
                0x00000190       0x20 ..\obj\main.o
 .debug_aranges
                0x000001b0      0x178 ..\obj\stm32f4xx_rcc.o
 .debug_aranges
                0x00000328       0x70 ..\obj\stm32f4xx_it.o
 .debug_aranges
                0x00000398       0x28 ..\obj\pwmMyConfiguration.o
 .debug_aranges
                0x000003c0       0x20 ..\obj\usartMyConfiguration.o
 .debug_aranges
                0x000003e0       0x88 ..\obj\stm32f4xx_gpio.o
 .debug_aranges
                0x00000468      0x108 ..\obj\stm32f4xx_flash.o
 .debug_aranges
                0x00000570       0x40 ..\obj\nvicMyConfiguration.o
 .debug_aranges
                0x000005b0       0x30 ..\obj\system_stm32f4xx.o
 .debug_aranges
                0x000005e0       0x60 ..\obj\syscalls.o
 .debug_aranges
                0x00000640       0x40 ..\obj\gpioMyConfiguration.o
 .debug_aranges
                0x00000680       0x28 ..\obj\rccMyConfiguration.o
 .debug_aranges
                0x000006a8      0x120 ..\obj\stm32f4xx_i2c.o
 .debug_aranges
                0x000007c8       0x58 ..\obj\stm32f4xx_exti.o
 .debug_aranges
                0x00000820       0x40 ..\obj\misc.o
 .debug_aranges
                0x00000860       0xa8 ..\obj\MPU6050.o
 .debug_aranges
                0x00000908      0x2f8 ..\obj\stm32f4xx_tim.o

.debug_ranges   0x00000000      0xab0
 .debug_ranges  0x00000000       0x38 ..\obj\stm32f4xx_syscfg.o
 .debug_ranges  0x00000038       0x10 ..\obj\usartMyFunctions.o
 .debug_ranges  0x00000048       0xf0 ..\obj\stm32f4xx_usart.o
 .debug_ranges  0x00000138       0x18 ..\obj\startup_stm32f4xx.o
 .debug_ranges  0x00000150       0x10 ..\obj\main.o
 .debug_ranges  0x00000160      0x168 ..\obj\stm32f4xx_rcc.o
 .debug_ranges  0x000002c8       0x60 ..\obj\stm32f4xx_it.o
 .debug_ranges  0x00000328       0x18 ..\obj\pwmMyConfiguration.o
 .debug_ranges  0x00000340       0x10 ..\obj\usartMyConfiguration.o
 .debug_ranges  0x00000350       0x78 ..\obj\stm32f4xx_gpio.o
 .debug_ranges  0x000003c8       0xf8 ..\obj\stm32f4xx_flash.o
 .debug_ranges  0x000004c0       0x30 ..\obj\nvicMyConfiguration.o
 .debug_ranges  0x000004f0       0x20 ..\obj\system_stm32f4xx.o
 .debug_ranges  0x00000510       0x50 ..\obj\syscalls.o
 .debug_ranges  0x00000560       0x30 ..\obj\gpioMyConfiguration.o
 .debug_ranges  0x00000590       0x18 ..\obj\rccMyConfiguration.o
 .debug_ranges  0x000005a8      0x110 ..\obj\stm32f4xx_i2c.o
 .debug_ranges  0x000006b8       0x48 ..\obj\stm32f4xx_exti.o
 .debug_ranges  0x00000700       0x30 ..\obj\misc.o
 .debug_ranges  0x00000730       0x98 ..\obj\MPU6050.o
 .debug_ranges  0x000007c8      0x2e8 ..\obj\stm32f4xx_tim.o

.debug_line     0x00000000     0x4a33
 .debug_line    0x00000000      0x24e ..\obj\stm32f4xx_syscfg.o
 .debug_line    0x0000024e      0x1e8 ..\obj\usartMyFunctions.o
 .debug_line    0x00000436      0x4fb ..\obj\stm32f4xx_usart.o
 .debug_line    0x00000931       0xc4 ..\obj\startup_stm32f4xx.o
 .debug_line    0x000009f5      0x1e6 ..\obj\main.o
 .debug_line    0x00000bdb      0x5f2 ..\obj\stm32f4xx_rcc.o
 .debug_line    0x000011cd      0x3e8 ..\obj\stm32f4xx_it.o
 .debug_line    0x000015b5      0x264 ..\obj\pwmMyConfiguration.o
 .debug_line    0x00001819      0x255 ..\obj\usartMyConfiguration.o
 .debug_line    0x00001a6e      0x396 ..\obj\stm32f4xx_gpio.o
 .debug_line    0x00001e04      0x4e3 ..\obj\stm32f4xx_flash.o
 .debug_line    0x000022e7      0x2c8 ..\obj\nvicMyConfiguration.o
 .debug_line    0x000025af      0x1ff ..\obj\system_stm32f4xx.o
 .debug_line    0x000027ae      0x324 ..\obj\syscalls.o
 .debug_line    0x00002ad2      0x2bf ..\obj\gpioMyConfiguration.o
 .debug_line    0x00002d91      0x210 ..\obj\rccMyConfiguration.o
 .debug_line    0x00002fa1      0x584 ..\obj\stm32f4xx_i2c.o
 .debug_line    0x00003525      0x2fc ..\obj\stm32f4xx_exti.o
 .debug_line    0x00003821      0x29c ..\obj\misc.o
 .debug_line    0x00003abd      0x4b0 ..\obj\MPU6050.o
 .debug_line    0x00003f6d      0xac6 ..\obj\stm32f4xx_tim.o

.debug_str      0x00000000     0x3ce8
 .debug_str     0x00000000      0x276 ..\obj\stm32f4xx_syscfg.o
                                0x2c3 (size before relaxing)
 .debug_str     0x00000276       0xd4 ..\obj\usartMyFunctions.o
                                0x1c4 (size before relaxing)
 .debug_str     0x0000034a      0x497 ..\obj\stm32f4xx_usart.o
                                0x653 (size before relaxing)
 .debug_str     0x000007e1       0xd1 ..\obj\startup_stm32f4xx.o
                                0x135 (size before relaxing)
 .debug_str     0x000008b2       0xda ..\obj\main.o
                                0x24f (size before relaxing)
 .debug_str     0x0000098c      0x604 ..\obj\stm32f4xx_rcc.o
                                0x814 (size before relaxing)
 .debug_str     0x00000f90      0x58b ..\obj\stm32f4xx_it.o
                                0x7ab (size before relaxing)
 .debug_str     0x0000151b      0x22e ..\obj\pwmMyConfiguration.o
                                0x38e (size before relaxing)
 .debug_str     0x00001749       0x85 ..\obj\usartMyConfiguration.o
                                0x25d (size before relaxing)
 .debug_str     0x000017ce      0x30a ..\obj\stm32f4xx_gpio.o
                                0x467 (size before relaxing)
 .debug_str     0x00001ad8      0x3ea ..\obj\stm32f4xx_flash.o
                                0x54b (size before relaxing)
 .debug_str     0x00001ec2      0x801 ..\obj\nvicMyConfiguration.o
                                0x95c (size before relaxing)
 .debug_str     0x000026c3       0xc9 ..\obj\system_stm32f4xx.o
                                0x36e (size before relaxing)
 .debug_str     0x0000278c      0x16b ..\obj\syscalls.o
                                0x378 (size before relaxing)
 .debug_str     0x000028f7       0xe5 ..\obj\gpioMyConfiguration.o
                                0x36f (size before relaxing)
 .debug_str     0x000029dc       0xa0 ..\obj\rccMyConfiguration.o
                                0x1cb (size before relaxing)
 .debug_str     0x00002a7c      0x3e2 ..\obj\stm32f4xx_i2c.o
                                0x624 (size before relaxing)
 .debug_str     0x00002e5e      0x121 ..\obj\stm32f4xx_exti.o
                                0x332 (size before relaxing)
 .debug_str     0x00002f7f      0x11b ..\obj\misc.o
                                0x39d (size before relaxing)
 .debug_str     0x0000309a      0x25c ..\obj\MPU6050.o
                                0x62e (size before relaxing)
 .debug_str     0x000032f6      0x9f2 ..\obj\stm32f4xx_tim.o
                                0xd8f (size before relaxing)

.comment        0x00000000       0x70
 .comment       0x00000000       0x70 ..\obj\stm32f4xx_syscfg.o
                                 0x71 (size before relaxing)
 .comment       0x00000000       0x71 ..\obj\usartMyFunctions.o
 .comment       0x00000000       0x71 ..\obj\stm32f4xx_usart.o
 .comment       0x00000000       0x71 ..\obj\startup_stm32f4xx.o
 .comment       0x00000000       0x71 ..\obj\main.o
 .comment       0x00000000       0x71 ..\obj\stm32f4xx_rcc.o
 .comment       0x00000000       0x71 ..\obj\stm32f4xx_it.o
 .comment       0x00000000       0x71 ..\obj\pwmMyConfiguration.o
 .comment       0x00000000       0x71 ..\obj\usartMyConfiguration.o
 .comment       0x00000000       0x71 ..\obj\stm32f4xx_gpio.o
 .comment       0x00000000       0x71 ..\obj\stm32f4xx_flash.o
 .comment       0x00000000       0x71 ..\obj\nvicMyConfiguration.o
 .comment       0x00000000       0x71 ..\obj\system_stm32f4xx.o
 .comment       0x00000000       0x71 ..\obj\syscalls.o
 .comment       0x00000000       0x71 ..\obj\gpioMyConfiguration.o
 .comment       0x00000000       0x71 ..\obj\rccMyConfiguration.o
 .comment       0x00000000       0x71 ..\obj\stm32f4xx_i2c.o
 .comment       0x00000000       0x71 ..\obj\stm32f4xx_exti.o
 .comment       0x00000000       0x71 ..\obj\misc.o
 .comment       0x00000000       0x71 ..\obj\MPU6050.o
 .comment       0x00000000       0x71 ..\obj\stm32f4xx_tim.o

.ARM.attributes
                0x00000000       0x39
 .ARM.attributes
                0x00000000       0x39 ..\obj\stm32f4xx_syscfg.o
 .ARM.attributes
                0x00000039       0x39 ..\obj\usartMyFunctions.o
 .ARM.attributes
                0x00000072       0x39 ..\obj\stm32f4xx_usart.o
 .ARM.attributes
                0x000000ab       0x39 ..\obj\startup_stm32f4xx.o
 .ARM.attributes
                0x000000e4       0x39 ..\obj\main.o
 .ARM.attributes
                0x0000011d       0x39 ..\obj\stm32f4xx_rcc.o
 .ARM.attributes
                0x00000156       0x39 ..\obj\stm32f4xx_it.o
 .ARM.attributes
                0x0000018f       0x39 ..\obj\pwmMyConfiguration.o
 .ARM.attributes
                0x000001c8       0x39 ..\obj\usartMyConfiguration.o
 .ARM.attributes
                0x00000201       0x39 ..\obj\stm32f4xx_gpio.o
 .ARM.attributes
                0x0000023a       0x39 ..\obj\stm32f4xx_flash.o
 .ARM.attributes
                0x00000273       0x39 ..\obj\nvicMyConfiguration.o
 .ARM.attributes
                0x000002ac       0x39 ..\obj\system_stm32f4xx.o
 .ARM.attributes
                0x000002e5       0x39 ..\obj\syscalls.o
 .ARM.attributes
                0x0000031e       0x39 ..\obj\gpioMyConfiguration.o
 .ARM.attributes
                0x00000357       0x39 ..\obj\rccMyConfiguration.o
 .ARM.attributes
                0x00000390       0x39 ..\obj\stm32f4xx_i2c.o
 .ARM.attributes
                0x000003c9       0x39 ..\obj\stm32f4xx_exti.o
 .ARM.attributes
                0x00000402       0x39 ..\obj\misc.o
 .ARM.attributes
                0x0000043b       0x39 ..\obj\MPU6050.o
 .ARM.attributes
                0x00000474       0x39 ..\obj\stm32f4xx_tim.o
 .ARM.attributes
                0x000004ad       0x34 C:\Program Files (x86)\GNU Tools ARM Embedded\4.7 2013q1\arm-none-eabi\lib\armv7e-m\softfp\libm.a(lib_a-wf_atan2.o)
 .ARM.attributes
                0x000004e1       0x34 C:\Program Files (x86)\GNU Tools ARM Embedded\4.7 2013q1\arm-none-eabi\lib\armv7e-m\softfp\libm.a(lib_a-ef_atan2.o)
 .ARM.attributes
                0x00000515       0x34 C:\Program Files (x86)\GNU Tools ARM Embedded\4.7 2013q1\arm-none-eabi\lib\armv7e-m\softfp\libm.a(lib_a-sf_atan.o)
 .ARM.attributes
                0x00000549       0x34 C:\Program Files (x86)\GNU Tools ARM Embedded\4.7 2013q1\arm-none-eabi\lib\armv7e-m\softfp\libm.a(lib_a-sf_fabs.o)
 .ARM.attributes
                0x0000057d       0x1e c:/program files (x86)/gnu tools arm embedded/4.7 2013q1/bin/../lib/gcc/arm-none-eabi/4.7.3/armv7e-m\libgcc.a(_arm_addsubdf3.o)
 .ARM.attributes
                0x0000059b       0x1e c:/program files (x86)/gnu tools arm embedded/4.7 2013q1/bin/../lib/gcc/arm-none-eabi/4.7.3/armv7e-m\libgcc.a(_arm_muldivdf3.o)
 .ARM.attributes
                0x000005b9       0x1e c:/program files (x86)/gnu tools arm embedded/4.7 2013q1/bin/../lib/gcc/arm-none-eabi/4.7.3/armv7e-m\libgcc.a(_arm_truncdfsf2.o)
 .ARM.attributes
                0x000005d7       0x34 C:\Program Files (x86)\GNU Tools ARM Embedded\4.7 2013q1\arm-none-eabi\lib\armv7e-m\softfp\libc.a(lib_a-impure.o)
 .ARM.attributes
                0x0000060b       0x34 C:\Program Files (x86)\GNU Tools ARM Embedded\4.7 2013q1\arm-none-eabi\lib\armv7e-m\softfp\libc.a(lib_a-printf.o)
 .ARM.attributes
                0x0000063f       0x34 C:\Program Files (x86)\GNU Tools ARM Embedded\4.7 2013q1\arm-none-eabi\lib\armv7e-m\softfp\libc.a(lib_a-setvbuf.o)
 .ARM.attributes
                0x00000673       0x34 C:\Program Files (x86)\GNU Tools ARM Embedded\4.7 2013q1\arm-none-eabi\lib\armv7e-m\softfp\libc.a(lib_a-vfprintf.o)
 .ARM.attributes
                0x000006a7       0x34 C:\Program Files (x86)\GNU Tools ARM Embedded\4.7 2013q1\arm-none-eabi\lib\armv7e-m\softfp\libc.a(lib_a-wsetup.o)
 .ARM.attributes
                0x000006db       0x34 C:\Program Files (x86)\GNU Tools ARM Embedded\4.7 2013q1\arm-none-eabi\lib\armv7e-m\softfp\libc.a(lib_a-dtoa.o)
 .ARM.attributes
                0x0000070f       0x34 C:\Program Files (x86)\GNU Tools ARM Embedded\4.7 2013q1\arm-none-eabi\lib\armv7e-m\softfp\libc.a(lib_a-fflush.o)
 .ARM.attributes
                0x00000743       0x34 C:\Program Files (x86)\GNU Tools ARM Embedded\4.7 2013q1\arm-none-eabi\lib\armv7e-m\softfp\libc.a(lib_a-findfp.o)
 .ARM.attributes
                0x00000777       0x34 C:\Program Files (x86)\GNU Tools ARM Embedded\4.7 2013q1\arm-none-eabi\lib\armv7e-m\softfp\libc.a(lib_a-freer.o)
 .ARM.attributes
                0x000007ab       0x34 C:\Program Files (x86)\GNU Tools ARM Embedded\4.7 2013q1\arm-none-eabi\lib\armv7e-m\softfp\libc.a(lib_a-fwalk.o)
 .ARM.attributes
                0x000007df       0x34 C:\Program Files (x86)\GNU Tools ARM Embedded\4.7 2013q1\arm-none-eabi\lib\armv7e-m\softfp\libc.a(lib_a-locale.o)
 .ARM.attributes
                0x00000813       0x34 C:\Program Files (x86)\GNU Tools ARM Embedded\4.7 2013q1\arm-none-eabi\lib\armv7e-m\softfp\libc.a(lib_a-makebuf.o)
 .ARM.attributes
                0x00000847       0x34 C:\Program Files (x86)\GNU Tools ARM Embedded\4.7 2013q1\arm-none-eabi\lib\armv7e-m\softfp\libc.a(lib_a-malloc.o)
 .ARM.attributes
                0x0000087b       0x34 C:\Program Files (x86)\GNU Tools ARM Embedded\4.7 2013q1\arm-none-eabi\lib\armv7e-m\softfp\libc.a(lib_a-mallocr.o)
 .ARM.attributes
                0x000008af       0x34 C:\Program Files (x86)\GNU Tools ARM Embedded\4.7 2013q1\arm-none-eabi\lib\armv7e-m\softfp\libc.a(lib_a-memchr.o)
 .ARM.attributes
                0x000008e3       0x34 C:\Program Files (x86)\GNU Tools ARM Embedded\4.7 2013q1\arm-none-eabi\lib\armv7e-m\softfp\libc.a(lib_a-memcpy.o)
 .ARM.attributes
                0x00000917       0x34 C:\Program Files (x86)\GNU Tools ARM Embedded\4.7 2013q1\arm-none-eabi\lib\armv7e-m\softfp\libc.a(lib_a-memset.o)
 .ARM.attributes
                0x0000094b       0x34 C:\Program Files (x86)\GNU Tools ARM Embedded\4.7 2013q1\arm-none-eabi\lib\armv7e-m\softfp\libc.a(lib_a-mlock.o)
 .ARM.attributes
                0x0000097f       0x34 C:\Program Files (x86)\GNU Tools ARM Embedded\4.7 2013q1\arm-none-eabi\lib\armv7e-m\softfp\libc.a(lib_a-mprec.o)
 .ARM.attributes
                0x000009b3       0x34 C:\Program Files (x86)\GNU Tools ARM Embedded\4.7 2013q1\arm-none-eabi\lib\armv7e-m\softfp\libc.a(lib_a-s_fpclassify.o)
 .ARM.attributes
                0x000009e7       0x34 C:\Program Files (x86)\GNU Tools ARM Embedded\4.7 2013q1\arm-none-eabi\lib\armv7e-m\softfp\libc.a(lib_a-sbrkr.o)
 .ARM.attributes
                0x00000a1b       0x34 C:\Program Files (x86)\GNU Tools ARM Embedded\4.7 2013q1\arm-none-eabi\lib\armv7e-m\softfp\libc.a(lib_a-stdio.o)
 .ARM.attributes
                0x00000a4f       0x34 C:\Program Files (x86)\GNU Tools ARM Embedded\4.7 2013q1\arm-none-eabi\lib\armv7e-m\softfp\libc.a(lib_a-strlen.o)
 .ARM.attributes
                0x00000a83       0x34 C:\Program Files (x86)\GNU Tools ARM Embedded\4.7 2013q1\arm-none-eabi\lib\armv7e-m\softfp\libc.a(lib_a-vfiprintf.o)
 .ARM.attributes
                0x00000ab7       0x34 C:\Program Files (x86)\GNU Tools ARM Embedded\4.7 2013q1\arm-none-eabi\lib\armv7e-m\softfp\libc.a(lib_a-writer.o)
 .ARM.attributes
                0x00000aeb       0x34 C:\Program Files (x86)\GNU Tools ARM Embedded\4.7 2013q1\arm-none-eabi\lib\armv7e-m\softfp\libc.a(lib_a-callocr.o)
 .ARM.attributes
                0x00000b1f       0x34 C:\Program Files (x86)\GNU Tools ARM Embedded\4.7 2013q1\arm-none-eabi\lib\armv7e-m\softfp\libc.a(lib_a-closer.o)
 .ARM.attributes
                0x00000b53       0x34 C:\Program Files (x86)\GNU Tools ARM Embedded\4.7 2013q1\arm-none-eabi\lib\armv7e-m\softfp\libc.a(lib_a-fclose.o)
 .ARM.attributes
                0x00000b87       0x34 C:\Program Files (x86)\GNU Tools ARM Embedded\4.7 2013q1\arm-none-eabi\lib\armv7e-m\softfp\libc.a(lib_a-fputwc.o)
 .ARM.attributes
                0x00000bbb       0x34 C:\Program Files (x86)\GNU Tools ARM Embedded\4.7 2013q1\arm-none-eabi\lib\armv7e-m\softfp\libc.a(lib_a-fstatr.o)
 .ARM.attributes
                0x00000bef       0x34 C:\Program Files (x86)\GNU Tools ARM Embedded\4.7 2013q1\arm-none-eabi\lib\armv7e-m\softfp\libc.a(lib_a-fvwrite.o)
 .ARM.attributes
                0x00000c23       0x34 C:\Program Files (x86)\GNU Tools ARM Embedded\4.7 2013q1\arm-none-eabi\lib\armv7e-m\softfp\libc.a(lib_a-isattyr.o)
 .ARM.attributes
                0x00000c57       0x34 C:\Program Files (x86)\GNU Tools ARM Embedded\4.7 2013q1\arm-none-eabi\lib\armv7e-m\softfp\libc.a(lib_a-lseekr.o)
 .ARM.attributes
                0x00000c8b       0x34 C:\Program Files (x86)\GNU Tools ARM Embedded\4.7 2013q1\arm-none-eabi\lib\armv7e-m\softfp\libc.a(lib_a-memmove.o)
 .ARM.attributes
                0x00000cbf       0x34 C:\Program Files (x86)\GNU Tools ARM Embedded\4.7 2013q1\arm-none-eabi\lib\armv7e-m\softfp\libc.a(lib_a-readr.o)
 .ARM.attributes
                0x00000cf3       0x34 C:\Program Files (x86)\GNU Tools ARM Embedded\4.7 2013q1\arm-none-eabi\lib\armv7e-m\softfp\libc.a(lib_a-reallocr.o)
 .ARM.attributes
                0x00000d27       0x34 C:\Program Files (x86)\GNU Tools ARM Embedded\4.7 2013q1\arm-none-eabi\lib\armv7e-m\softfp\libc.a(lib_a-reent.o)
 .ARM.attributes
                0x00000d5b       0x34 C:\Program Files (x86)\GNU Tools ARM Embedded\4.7 2013q1\arm-none-eabi\lib\armv7e-m\softfp\libc.a(lib_a-wbuf.o)
 .ARM.attributes
                0x00000d8f       0x34 C:\Program Files (x86)\GNU Tools ARM Embedded\4.7 2013q1\arm-none-eabi\lib\armv7e-m\softfp\libc.a(lib_a-wcrtomb.o)
 .ARM.attributes
                0x00000dc3       0x34 C:\Program Files (x86)\GNU Tools ARM Embedded\4.7 2013q1\arm-none-eabi\lib\armv7e-m\softfp\libc.a(lib_a-wctomb_r.o)
 .ARM.attributes
                0x00000df7       0x1e c:/program files (x86)/gnu tools arm embedded/4.7 2013q1/bin/../lib/gcc/arm-none-eabi/4.7.3/armv7e-m\libgcc.a(_arm_cmpdf2.o)
 .ARM.attributes
                0x00000e15       0x1e c:/program files (x86)/gnu tools arm embedded/4.7 2013q1/bin/../lib/gcc/arm-none-eabi/4.7.3/armv7e-m\libgcc.a(_arm_fixdfsi.o)
 .ARM.attributes
                0x00000e33       0x1e c:/program files (x86)/gnu tools arm embedded/4.7 2013q1/bin/../lib/gcc/arm-none-eabi/4.7.3/armv7e-m\libgcc.a(_aeabi_uldivmod.o)
 .ARM.attributes
                0x00000e51       0x2e c:/program files (x86)/gnu tools arm embedded/4.7 2013q1/bin/../lib/gcc/arm-none-eabi/4.7.3/armv7e-m\libgcc.a(bpabi.o)
 .ARM.attributes
                0x00000e7f       0x1e c:/program files (x86)/gnu tools arm embedded/4.7 2013q1/bin/../lib/gcc/arm-none-eabi/4.7.3/armv7e-m\libgcc.a(_dvmd_tls.o)
 .ARM.attributes
                0x00000e9d       0x2e c:/program files (x86)/gnu tools arm embedded/4.7 2013q1/bin/../lib/gcc/arm-none-eabi/4.7.3/armv7e-m\libgcc.a(_divdi3.o)
 .ARM.attributes
                0x00000ecb       0x2e c:/program files (x86)/gnu tools arm embedded/4.7 2013q1/bin/../lib/gcc/arm-none-eabi/4.7.3/armv7e-m\libgcc.a(_udivdi3.o)

.debug_frame    0x00000000     0x335c
 .debug_frame   0x00000000       0xbc ..\obj\stm32f4xx_syscfg.o
 .debug_frame   0x000000bc       0x30 ..\obj\usartMyFunctions.o
 .debug_frame   0x000000ec      0x344 ..\obj\stm32f4xx_usart.o
 .debug_frame   0x00000430       0x48 ..\obj\startup_stm32f4xx.o
 .debug_frame   0x00000478       0x30 ..\obj\main.o
 .debug_frame   0x000004a8      0x4d8 ..\obj\stm32f4xx_rcc.o
 .debug_frame   0x00000980      0x130 ..\obj\stm32f4xx_it.o
 .debug_frame   0x00000ab0       0x4c ..\obj\pwmMyConfiguration.o
 .debug_frame   0x00000afc       0x30 ..\obj\usartMyConfiguration.o
 .debug_frame   0x00000b2c      0x19c ..\obj\stm32f4xx_gpio.o
 .debug_frame   0x00000cc8      0x360 ..\obj\stm32f4xx_flash.o
 .debug_frame   0x00001028       0xac ..\obj\nvicMyConfiguration.o
 .debug_frame   0x000010d4       0x64 ..\obj\system_stm32f4xx.o
 .debug_frame   0x00001138      0x10c ..\obj\syscalls.o
 .debug_frame   0x00001244       0xb0 ..\obj\gpioMyConfiguration.o
 .debug_frame   0x000012f4       0x4c ..\obj\rccMyConfiguration.o
 .debug_frame   0x00001340      0x3b4 ..\obj\stm32f4xx_i2c.o
 .debug_frame   0x000016f4       0xec ..\obj\stm32f4xx_exti.o
 .debug_frame   0x000017e0       0x9c ..\obj\misc.o
 .debug_frame   0x0000187c      0x248 ..\obj\MPU6050.o
 .debug_frame   0x00001ac4      0xa3c ..\obj\stm32f4xx_tim.o
 .debug_frame   0x00002500       0x20 C:\Program Files (x86)\GNU Tools ARM Embedded\4.7 2013q1\arm-none-eabi\lib\armv7e-m\softfp\libm.a(lib_a-wf_atan2.o)
 .debug_frame   0x00002520       0x30 C:\Program Files (x86)\GNU Tools ARM Embedded\4.7 2013q1\arm-none-eabi\lib\armv7e-m\softfp\libm.a(lib_a-ef_atan2.o)
 .debug_frame   0x00002550       0x2c C:\Program Files (x86)\GNU Tools ARM Embedded\4.7 2013q1\arm-none-eabi\lib\armv7e-m\softfp\libm.a(lib_a-sf_atan.o)
 .debug_frame   0x0000257c       0x20 C:\Program Files (x86)\GNU Tools ARM Embedded\4.7 2013q1\arm-none-eabi\lib\armv7e-m\softfp\libm.a(lib_a-sf_fabs.o)
 .debug_frame   0x0000259c       0x58 C:\Program Files (x86)\GNU Tools ARM Embedded\4.7 2013q1\arm-none-eabi\lib\armv7e-m\softfp\libc.a(lib_a-printf.o)
 .debug_frame   0x000025f4       0x34 C:\Program Files (x86)\GNU Tools ARM Embedded\4.7 2013q1\arm-none-eabi\lib\armv7e-m\softfp\libc.a(lib_a-setvbuf.o)
 .debug_frame   0x00002628       0x80 C:\Program Files (x86)\GNU Tools ARM Embedded\4.7 2013q1\arm-none-eabi\lib\armv7e-m\softfp\libc.a(lib_a-vfprintf.o)
 .debug_frame   0x000026a8       0x2c C:\Program Files (x86)\GNU Tools ARM Embedded\4.7 2013q1\arm-none-eabi\lib\armv7e-m\softfp\libc.a(lib_a-wsetup.o)
 .debug_frame   0x000026d4       0x64 C:\Program Files (x86)\GNU Tools ARM Embedded\4.7 2013q1\arm-none-eabi\lib\armv7e-m\softfp\libc.a(lib_a-dtoa.o)
 .debug_frame   0x00002738       0x40 C:\Program Files (x86)\GNU Tools ARM Embedded\4.7 2013q1\arm-none-eabi\lib\armv7e-m\softfp\libc.a(lib_a-fflush.o)
 .debug_frame   0x00002778      0x11c C:\Program Files (x86)\GNU Tools ARM Embedded\4.7 2013q1\arm-none-eabi\lib\armv7e-m\softfp\libc.a(lib_a-findfp.o)
 .debug_frame   0x00002894       0x50 C:\Program Files (x86)\GNU Tools ARM Embedded\4.7 2013q1\arm-none-eabi\lib\armv7e-m\softfp\libc.a(lib_a-freer.o)
 .debug_frame   0x000028e4       0x5c C:\Program Files (x86)\GNU Tools ARM Embedded\4.7 2013q1\arm-none-eabi\lib\armv7e-m\softfp\libc.a(lib_a-fwalk.o)
 .debug_frame   0x00002940       0xa0 C:\Program Files (x86)\GNU Tools ARM Embedded\4.7 2013q1\arm-none-eabi\lib\armv7e-m\softfp\libc.a(lib_a-locale.o)
 .debug_frame   0x000029e0       0x30 C:\Program Files (x86)\GNU Tools ARM Embedded\4.7 2013q1\arm-none-eabi\lib\armv7e-m\softfp\libc.a(lib_a-makebuf.o)
 .debug_frame   0x00002a10       0x30 C:\Program Files (x86)\GNU Tools ARM Embedded\4.7 2013q1\arm-none-eabi\lib\armv7e-m\softfp\libc.a(lib_a-malloc.o)
 .debug_frame   0x00002a40       0x38 C:\Program Files (x86)\GNU Tools ARM Embedded\4.7 2013q1\arm-none-eabi\lib\armv7e-m\softfp\libc.a(lib_a-mallocr.o)
 .debug_frame   0x00002a78       0x2c C:\Program Files (x86)\GNU Tools ARM Embedded\4.7 2013q1\arm-none-eabi\lib\armv7e-m\softfp\libc.a(lib_a-memchr.o)
 .debug_frame   0x00002aa4       0x30 C:\Program Files (x86)\GNU Tools ARM Embedded\4.7 2013q1\arm-none-eabi\lib\armv7e-m\softfp\libc.a(lib_a-memcpy.o)
 .debug_frame   0x00002ad4       0x2c C:\Program Files (x86)\GNU Tools ARM Embedded\4.7 2013q1\arm-none-eabi\lib\armv7e-m\softfp\libc.a(lib_a-memset.o)
 .debug_frame   0x00002b00       0x30 C:\Program Files (x86)\GNU Tools ARM Embedded\4.7 2013q1\arm-none-eabi\lib\armv7e-m\softfp\libc.a(lib_a-mlock.o)
 .debug_frame   0x00002b30      0x234 C:\Program Files (x86)\GNU Tools ARM Embedded\4.7 2013q1\arm-none-eabi\lib\armv7e-m\softfp\libc.a(lib_a-mprec.o)
 .debug_frame   0x00002d64       0x20 C:\Program Files (x86)\GNU Tools ARM Embedded\4.7 2013q1\arm-none-eabi\lib\armv7e-m\softfp\libc.a(lib_a-s_fpclassify.o)
 .debug_frame   0x00002d84       0x2c C:\Program Files (x86)\GNU Tools ARM Embedded\4.7 2013q1\arm-none-eabi\lib\armv7e-m\softfp\libc.a(lib_a-sbrkr.o)
 .debug_frame   0x00002db0       0x80 C:\Program Files (x86)\GNU Tools ARM Embedded\4.7 2013q1\arm-none-eabi\lib\armv7e-m\softfp\libc.a(lib_a-stdio.o)
 .debug_frame   0x00002e30       0x20 C:\Program Files (x86)\GNU Tools ARM Embedded\4.7 2013q1\arm-none-eabi\lib\armv7e-m\softfp\libc.a(lib_a-strlen.o)
 .debug_frame   0x00002e50       0xa8 C:\Program Files (x86)\GNU Tools ARM Embedded\4.7 2013q1\arm-none-eabi\lib\armv7e-m\softfp\libc.a(lib_a-vfiprintf.o)
 .debug_frame   0x00002ef8       0x2c C:\Program Files (x86)\GNU Tools ARM Embedded\4.7 2013q1\arm-none-eabi\lib\armv7e-m\softfp\libc.a(lib_a-writer.o)
 .debug_frame   0x00002f24       0x28 C:\Program Files (x86)\GNU Tools ARM Embedded\4.7 2013q1\arm-none-eabi\lib\armv7e-m\softfp\libc.a(lib_a-callocr.o)
 .debug_frame   0x00002f4c       0x2c C:\Program Files (x86)\GNU Tools ARM Embedded\4.7 2013q1\arm-none-eabi\lib\armv7e-m\softfp\libc.a(lib_a-closer.o)
 .debug_frame   0x00002f78       0x3c C:\Program Files (x86)\GNU Tools ARM Embedded\4.7 2013q1\arm-none-eabi\lib\armv7e-m\softfp\libc.a(lib_a-fclose.o)
 .debug_frame   0x00002fb4       0x54 C:\Program Files (x86)\GNU Tools ARM Embedded\4.7 2013q1\arm-none-eabi\lib\armv7e-m\softfp\libc.a(lib_a-fputwc.o)
 .debug_frame   0x00003008       0x2c C:\Program Files (x86)\GNU Tools ARM Embedded\4.7 2013q1\arm-none-eabi\lib\armv7e-m\softfp\libc.a(lib_a-fstatr.o)
 .debug_frame   0x00003034       0x38 C:\Program Files (x86)\GNU Tools ARM Embedded\4.7 2013q1\arm-none-eabi\lib\armv7e-m\softfp\libc.a(lib_a-fvwrite.o)
 .debug_frame   0x0000306c       0x2c C:\Program Files (x86)\GNU Tools ARM Embedded\4.7 2013q1\arm-none-eabi\lib\armv7e-m\softfp\libc.a(lib_a-isattyr.o)
 .debug_frame   0x00003098       0x2c C:\Program Files (x86)\GNU Tools ARM Embedded\4.7 2013q1\arm-none-eabi\lib\armv7e-m\softfp\libc.a(lib_a-lseekr.o)
 .debug_frame   0x000030c4       0x30 C:\Program Files (x86)\GNU Tools ARM Embedded\4.7 2013q1\arm-none-eabi\lib\armv7e-m\softfp\libc.a(lib_a-memmove.o)
 .debug_frame   0x000030f4       0x2c C:\Program Files (x86)\GNU Tools ARM Embedded\4.7 2013q1\arm-none-eabi\lib\armv7e-m\softfp\libc.a(lib_a-readr.o)
 .debug_frame   0x00003120       0x38 C:\Program Files (x86)\GNU Tools ARM Embedded\4.7 2013q1\arm-none-eabi\lib\armv7e-m\softfp\libc.a(lib_a-reallocr.o)
 .debug_frame   0x00003158       0x6c C:\Program Files (x86)\GNU Tools ARM Embedded\4.7 2013q1\arm-none-eabi\lib\armv7e-m\softfp\libc.a(lib_a-reent.o)
 .debug_frame   0x000031c4       0x44 C:\Program Files (x86)\GNU Tools ARM Embedded\4.7 2013q1\arm-none-eabi\lib\armv7e-m\softfp\libc.a(lib_a-wbuf.o)
 .debug_frame   0x00003208       0x58 C:\Program Files (x86)\GNU Tools ARM Embedded\4.7 2013q1\arm-none-eabi\lib\armv7e-m\softfp\libc.a(lib_a-wcrtomb.o)
 .debug_frame   0x00003260       0x44 C:\Program Files (x86)\GNU Tools ARM Embedded\4.7 2013q1\arm-none-eabi\lib\armv7e-m\softfp\libc.a(lib_a-wctomb_r.o)
 .debug_frame   0x000032a4       0x50 c:/program files (x86)/gnu tools arm embedded/4.7 2013q1/bin/../lib/gcc/arm-none-eabi/4.7.3/armv7e-m\libgcc.a(bpabi.o)
 .debug_frame   0x000032f4       0x34 c:/program files (x86)/gnu tools arm embedded/4.7 2013q1/bin/../lib/gcc/arm-none-eabi/4.7.3/armv7e-m\libgcc.a(_divdi3.o)
 .debug_frame   0x00003328       0x34 c:/program files (x86)/gnu tools arm embedded/4.7 2013q1/bin/../lib/gcc/arm-none-eabi/4.7.3/armv7e-m\libgcc.a(_udivdi3.o)
