Archive member included because of file (symbol)

c:/program files (x86)/gnu tools arm embedded/4.7 2013q1/bin/../lib/gcc/arm-none-eabi/4.7.3/../../../../arm-none-eabi/lib/armv7e-m\libm.a(lib_a-wf_atan2.o)
                              ..\obj\main.o (atan2f)
c:/program files (x86)/gnu tools arm embedded/4.7 2013q1/bin/../lib/gcc/arm-none-eabi/4.7.3/../../../../arm-none-eabi/lib/armv7e-m\libm.a(lib_a-ef_atan2.o)
                              c:/program files (x86)/gnu tools arm embedded/4.7 2013q1/bin/../lib/gcc/arm-none-eabi/4.7.3/../../../../arm-none-eabi/lib/armv7e-m\libm.a(lib_a-wf_atan2.o) (__ieee754_atan2f)
c:/program files (x86)/gnu tools arm embedded/4.7 2013q1/bin/../lib/gcc/arm-none-eabi/4.7.3/../../../../arm-none-eabi/lib/armv7e-m\libm.a(lib_a-sf_atan.o)
                              c:/program files (x86)/gnu tools arm embedded/4.7 2013q1/bin/../lib/gcc/arm-none-eabi/4.7.3/../../../../arm-none-eabi/lib/armv7e-m\libm.a(lib_a-ef_atan2.o) (atanf)
c:/program files (x86)/gnu tools arm embedded/4.7 2013q1/bin/../lib/gcc/arm-none-eabi/4.7.3/../../../../arm-none-eabi/lib/armv7e-m\libm.a(lib_a-sf_fabs.o)
                              c:/program files (x86)/gnu tools arm embedded/4.7 2013q1/bin/../lib/gcc/arm-none-eabi/4.7.3/../../../../arm-none-eabi/lib/armv7e-m\libm.a(lib_a-ef_atan2.o) (fabsf)
c:/program files (x86)/gnu tools arm embedded/4.7 2013q1/bin/../lib/gcc/arm-none-eabi/4.7.3/armv7e-m\libgcc.a(_arm_addsubsf3.o)
                              c:/program files (x86)/gnu tools arm embedded/4.7 2013q1/bin/../lib/gcc/arm-none-eabi/4.7.3/../../../../arm-none-eabi/lib/armv7e-m\libm.a(lib_a-ef_atan2.o) (__aeabi_fsub)
c:/program files (x86)/gnu tools arm embedded/4.7 2013q1/bin/../lib/gcc/arm-none-eabi/4.7.3/armv7e-m\libgcc.a(_arm_muldivsf3.o)
                              c:/program files (x86)/gnu tools arm embedded/4.7 2013q1/bin/../lib/gcc/arm-none-eabi/4.7.3/../../../../arm-none-eabi/lib/armv7e-m\libm.a(lib_a-sf_atan.o) (__aeabi_fmul)
c:/program files (x86)/gnu tools arm embedded/4.7 2013q1/bin/../lib/gcc/arm-none-eabi/4.7.3/armv7e-m\libgcc.a(_arm_cmpsf2.o)
                              c:/program files (x86)/gnu tools arm embedded/4.7 2013q1/bin/../lib/gcc/arm-none-eabi/4.7.3/../../../../arm-none-eabi/lib/armv7e-m\libm.a(lib_a-sf_atan.o) (__aeabi_fcmpgt)
c:/program files (x86)/gnu tools arm embedded/4.7 2013q1/bin/../lib/gcc/arm-none-eabi/4.7.3/../../../../arm-none-eabi/lib/armv7e-m\libc.a(lib_a-impure.o)
                              ..\obj\main.o (_impure_ptr)
c:/program files (x86)/gnu tools arm embedded/4.7 2013q1/bin/../lib/gcc/arm-none-eabi/4.7.3/../../../../arm-none-eabi/lib/armv7e-m\libc.a(lib_a-setvbuf.o)
                              ..\obj\main.o (setvbuf)
c:/program files (x86)/gnu tools arm embedded/4.7 2013q1/bin/../lib/gcc/arm-none-eabi/4.7.3/../../../../arm-none-eabi/lib/armv7e-m\libc.a(lib_a-fflush.o)
                              c:/program files (x86)/gnu tools arm embedded/4.7 2013q1/bin/../lib/gcc/arm-none-eabi/4.7.3/../../../../arm-none-eabi/lib/armv7e-m\libc.a(lib_a-setvbuf.o) (_fflush_r)
c:/program files (x86)/gnu tools arm embedded/4.7 2013q1/bin/../lib/gcc/arm-none-eabi/4.7.3/../../../../arm-none-eabi/lib/armv7e-m\libc.a(lib_a-findfp.o)
                              c:/program files (x86)/gnu tools arm embedded/4.7 2013q1/bin/../lib/gcc/arm-none-eabi/4.7.3/../../../../arm-none-eabi/lib/armv7e-m\libc.a(lib_a-setvbuf.o) (_cleanup_r)
c:/program files (x86)/gnu tools arm embedded/4.7 2013q1/bin/../lib/gcc/arm-none-eabi/4.7.3/../../../../arm-none-eabi/lib/armv7e-m\libc.a(lib_a-freer.o)
                              c:/program files (x86)/gnu tools arm embedded/4.7 2013q1/bin/../lib/gcc/arm-none-eabi/4.7.3/../../../../arm-none-eabi/lib/armv7e-m\libc.a(lib_a-setvbuf.o) (_free_r)
c:/program files (x86)/gnu tools arm embedded/4.7 2013q1/bin/../lib/gcc/arm-none-eabi/4.7.3/../../../../arm-none-eabi/lib/armv7e-m\libc.a(lib_a-fwalk.o)
                              c:/program files (x86)/gnu tools arm embedded/4.7 2013q1/bin/../lib/gcc/arm-none-eabi/4.7.3/../../../../arm-none-eabi/lib/armv7e-m\libc.a(lib_a-findfp.o) (_fwalk)
c:/program files (x86)/gnu tools arm embedded/4.7 2013q1/bin/../lib/gcc/arm-none-eabi/4.7.3/../../../../arm-none-eabi/lib/armv7e-m\libc.a(lib_a-malloc.o)
                              c:/program files (x86)/gnu tools arm embedded/4.7 2013q1/bin/../lib/gcc/arm-none-eabi/4.7.3/../../../../arm-none-eabi/lib/armv7e-m\libc.a(lib_a-setvbuf.o) (malloc)
c:/program files (x86)/gnu tools arm embedded/4.7 2013q1/bin/../lib/gcc/arm-none-eabi/4.7.3/../../../../arm-none-eabi/lib/armv7e-m\libc.a(lib_a-mallocr.o)
                              c:/program files (x86)/gnu tools arm embedded/4.7 2013q1/bin/../lib/gcc/arm-none-eabi/4.7.3/../../../../arm-none-eabi/lib/armv7e-m\libc.a(lib_a-findfp.o) (_malloc_r)
c:/program files (x86)/gnu tools arm embedded/4.7 2013q1/bin/../lib/gcc/arm-none-eabi/4.7.3/../../../../arm-none-eabi/lib/armv7e-m\libc.a(lib_a-memset.o)
                              c:/program files (x86)/gnu tools arm embedded/4.7 2013q1/bin/../lib/gcc/arm-none-eabi/4.7.3/../../../../arm-none-eabi/lib/armv7e-m\libc.a(lib_a-findfp.o) (memset)
c:/program files (x86)/gnu tools arm embedded/4.7 2013q1/bin/../lib/gcc/arm-none-eabi/4.7.3/../../../../arm-none-eabi/lib/armv7e-m\libc.a(lib_a-mlock.o)
                              c:/program files (x86)/gnu tools arm embedded/4.7 2013q1/bin/../lib/gcc/arm-none-eabi/4.7.3/../../../../arm-none-eabi/lib/armv7e-m\libc.a(lib_a-freer.o) (__malloc_lock)
c:/program files (x86)/gnu tools arm embedded/4.7 2013q1/bin/../lib/gcc/arm-none-eabi/4.7.3/../../../../arm-none-eabi/lib/armv7e-m\libc.a(lib_a-sbrkr.o)
                              c:/program files (x86)/gnu tools arm embedded/4.7 2013q1/bin/../lib/gcc/arm-none-eabi/4.7.3/../../../../arm-none-eabi/lib/armv7e-m\libc.a(lib_a-freer.o) (_sbrk_r)
c:/program files (x86)/gnu tools arm embedded/4.7 2013q1/bin/../lib/gcc/arm-none-eabi/4.7.3/../../../../arm-none-eabi/lib/armv7e-m\libc.a(lib_a-stdio.o)
                              c:/program files (x86)/gnu tools arm embedded/4.7 2013q1/bin/../lib/gcc/arm-none-eabi/4.7.3/../../../../arm-none-eabi/lib/armv7e-m\libc.a(lib_a-findfp.o) (__sread)
c:/program files (x86)/gnu tools arm embedded/4.7 2013q1/bin/../lib/gcc/arm-none-eabi/4.7.3/../../../../arm-none-eabi/lib/armv7e-m\libc.a(lib_a-writer.o)
                              c:/program files (x86)/gnu tools arm embedded/4.7 2013q1/bin/../lib/gcc/arm-none-eabi/4.7.3/../../../../arm-none-eabi/lib/armv7e-m\libc.a(lib_a-stdio.o) (_write_r)
c:/program files (x86)/gnu tools arm embedded/4.7 2013q1/bin/../lib/gcc/arm-none-eabi/4.7.3/../../../../arm-none-eabi/lib/armv7e-m\libc.a(lib_a-closer.o)
                              c:/program files (x86)/gnu tools arm embedded/4.7 2013q1/bin/../lib/gcc/arm-none-eabi/4.7.3/../../../../arm-none-eabi/lib/armv7e-m\libc.a(lib_a-stdio.o) (_close_r)
c:/program files (x86)/gnu tools arm embedded/4.7 2013q1/bin/../lib/gcc/arm-none-eabi/4.7.3/../../../../arm-none-eabi/lib/armv7e-m\libc.a(lib_a-fclose.o)
                              c:/program files (x86)/gnu tools arm embedded/4.7 2013q1/bin/../lib/gcc/arm-none-eabi/4.7.3/../../../../arm-none-eabi/lib/armv7e-m\libc.a(lib_a-findfp.o) (fclose)
c:/program files (x86)/gnu tools arm embedded/4.7 2013q1/bin/../lib/gcc/arm-none-eabi/4.7.3/../../../../arm-none-eabi/lib/armv7e-m\libc.a(lib_a-lseekr.o)
                              c:/program files (x86)/gnu tools arm embedded/4.7 2013q1/bin/../lib/gcc/arm-none-eabi/4.7.3/../../../../arm-none-eabi/lib/armv7e-m\libc.a(lib_a-stdio.o) (_lseek_r)
c:/program files (x86)/gnu tools arm embedded/4.7 2013q1/bin/../lib/gcc/arm-none-eabi/4.7.3/../../../../arm-none-eabi/lib/armv7e-m\libc.a(lib_a-readr.o)
                              c:/program files (x86)/gnu tools arm embedded/4.7 2013q1/bin/../lib/gcc/arm-none-eabi/4.7.3/../../../../arm-none-eabi/lib/armv7e-m\libc.a(lib_a-stdio.o) (_read_r)
c:/program files (x86)/gnu tools arm embedded/4.7 2013q1/bin/../lib/gcc/arm-none-eabi/4.7.3/../../../../arm-none-eabi/lib/armv7e-m\libc.a(lib_a-reent.o)
                              c:/program files (x86)/gnu tools arm embedded/4.7 2013q1/bin/../lib/gcc/arm-none-eabi/4.7.3/../../../../arm-none-eabi/lib/armv7e-m\libc.a(lib_a-sbrkr.o) (errno)

Allocating common symbols
Common symbol       size              file

errno               0x4               c:/program files (x86)/gnu tools arm embedded/4.7 2013q1/bin/../lib/gcc/arm-none-eabi/4.7.3/../../../../arm-none-eabi/lib/armv7e-m\libc.a(lib_a-reent.o)

Discarded input sections

 .text          0x00000000        0x0 ..\obj\stm32f4xx_syscfg.o
 .data          0x00000000        0x0 ..\obj\stm32f4xx_syscfg.o
 .bss           0x00000000        0x0 ..\obj\stm32f4xx_syscfg.o
 .text.SYSCFG_DeInit
                0x00000000       0x20 ..\obj\stm32f4xx_syscfg.o
 .text.SYSCFG_MemoryRemapConfig
                0x00000000       0x20 ..\obj\stm32f4xx_syscfg.o
 .text.SYSCFG_ETH_MediaInterfaceConfig
                0x00000000       0x20 ..\obj\stm32f4xx_syscfg.o
 .text.SYSCFG_CompensationCellCmd
                0x00000000       0x20 ..\obj\stm32f4xx_syscfg.o
 .text.SYSCFG_GetCompensationCellStatus
                0x00000000       0x3c ..\obj\stm32f4xx_syscfg.o
 .text          0x00000000        0x0 ..\obj\usartMyFunctions.o
 .data          0x00000000        0x0 ..\obj\usartMyFunctions.o
 .bss           0x00000000        0x0 ..\obj\usartMyFunctions.o
 .text          0x00000000        0x0 ..\obj\stm32f4xx_usart.o
 .data          0x00000000        0x0 ..\obj\stm32f4xx_usart.o
 .bss           0x00000000        0x0 ..\obj\stm32f4xx_usart.o
 .text.USART_DeInit
                0x00000000      0x100 ..\obj\stm32f4xx_usart.o
 .text.USART_StructInit
                0x00000000       0x44 ..\obj\stm32f4xx_usart.o
 .text.USART_ClockInit
                0x00000000       0x54 ..\obj\stm32f4xx_usart.o
 .text.USART_ClockStructInit
                0x00000000       0x34 ..\obj\stm32f4xx_usart.o
 .text.USART_SetPrescaler
                0x00000000       0x38 ..\obj\stm32f4xx_usart.o
 .text.USART_OverSampling8Cmd
                0x00000000       0x48 ..\obj\stm32f4xx_usart.o
 .text.USART_OneBitMethodCmd
                0x00000000       0x40 ..\obj\stm32f4xx_usart.o
 .text.USART_ReceiveData
                0x00000000       0x24 ..\obj\stm32f4xx_usart.o
 .text.USART_SetAddress
                0x00000000       0x38 ..\obj\stm32f4xx_usart.o
 .text.USART_ReceiverWakeUpCmd
                0x00000000       0x40 ..\obj\stm32f4xx_usart.o
 .text.USART_WakeUpConfig
                0x00000000       0x38 ..\obj\stm32f4xx_usart.o
 .text.USART_LINBreakDetectLengthConfig
                0x00000000       0x38 ..\obj\stm32f4xx_usart.o
 .text.USART_LINCmd
                0x00000000       0x40 ..\obj\stm32f4xx_usart.o
 .text.USART_SendBreak
                0x00000000       0x24 ..\obj\stm32f4xx_usart.o
 .text.USART_HalfDuplexCmd
                0x00000000       0x40 ..\obj\stm32f4xx_usart.o
 .text.USART_SetGuardTime
                0x00000000       0x3c ..\obj\stm32f4xx_usart.o
 .text.USART_SmartCardCmd
                0x00000000       0x40 ..\obj\stm32f4xx_usart.o
 .text.USART_SmartCardNACKCmd
                0x00000000       0x40 ..\obj\stm32f4xx_usart.o
 .text.USART_IrDAConfig
                0x00000000       0x38 ..\obj\stm32f4xx_usart.o
 .text.USART_IrDACmd
                0x00000000       0x40 ..\obj\stm32f4xx_usart.o
 .text.USART_DMACmd
                0x00000000       0x48 ..\obj\stm32f4xx_usart.o
 .text.USART_GetFlagStatus
                0x00000000       0x40 ..\obj\stm32f4xx_usart.o
 .text.USART_ClearFlag
                0x00000000       0x24 ..\obj\stm32f4xx_usart.o
 .text.USART_ClearITPendingBit
                0x00000000       0x44 ..\obj\stm32f4xx_usart.o
 .text          0x00000000        0x0 ..\obj\startup_stm32f4xx.o
 .data          0x00000000        0x0 ..\obj\startup_stm32f4xx.o
 .bss           0x00000000        0x0 ..\obj\startup_stm32f4xx.o
 .text          0x00000000        0x0 ..\obj\main.o
 .data          0x00000000        0x0 ..\obj\main.o
 .bss           0x00000000        0x0 ..\obj\main.o
 .text          0x00000000        0x0 ..\obj\stm32f4xx_rcc.o
 .bss           0x00000000        0x0 ..\obj\stm32f4xx_rcc.o
 .text.RCC_AdjustHSICalibrationValue
                0x00000000       0x48 ..\obj\stm32f4xx_rcc.o
 .text.RCC_HSICmd
                0x00000000       0x20 ..\obj\stm32f4xx_rcc.o
 .text.RCC_LSEConfig
                0x00000000       0x60 ..\obj\stm32f4xx_rcc.o
 .text.RCC_LSICmd
                0x00000000       0x20 ..\obj\stm32f4xx_rcc.o
 .text.RCC_PLLI2SConfig
                0x00000000       0x30 ..\obj\stm32f4xx_rcc.o
 .text.RCC_PLLI2SCmd
                0x00000000       0x20 ..\obj\stm32f4xx_rcc.o
 .text.RCC_ClockSecuritySystemCmd
                0x00000000       0x20 ..\obj\stm32f4xx_rcc.o
 .text.RCC_MCO1Config
                0x00000000       0x48 ..\obj\stm32f4xx_rcc.o
 .text.RCC_MCO2Config
                0x00000000       0x48 ..\obj\stm32f4xx_rcc.o
 .text.RCC_RTCCLKConfig
                0x00000000       0x74 ..\obj\stm32f4xx_rcc.o
 .text.RCC_RTCCLKCmd
                0x00000000       0x20 ..\obj\stm32f4xx_rcc.o
 .text.RCC_BackupResetCmd
                0x00000000       0x20 ..\obj\stm32f4xx_rcc.o
 .text.RCC_I2SCLKConfig
                0x00000000       0x20 ..\obj\stm32f4xx_rcc.o
 .text.RCC_AHB2PeriphClockCmd
                0x00000000       0x54 ..\obj\stm32f4xx_rcc.o
 .text.RCC_AHB3PeriphClockCmd
                0x00000000       0x54 ..\obj\stm32f4xx_rcc.o
 .text.RCC_AHB1PeriphResetCmd
                0x00000000       0x54 ..\obj\stm32f4xx_rcc.o
 .text.RCC_AHB2PeriphResetCmd
                0x00000000       0x54 ..\obj\stm32f4xx_rcc.o
 .text.RCC_AHB3PeriphResetCmd
                0x00000000       0x54 ..\obj\stm32f4xx_rcc.o
 .text.RCC_APB1PeriphResetCmd
                0x00000000       0x54 ..\obj\stm32f4xx_rcc.o
 .text.RCC_APB2PeriphResetCmd
                0x00000000       0x54 ..\obj\stm32f4xx_rcc.o
 .text.RCC_AHB1PeriphClockLPModeCmd
                0x00000000       0x54 ..\obj\stm32f4xx_rcc.o
 .text.RCC_AHB2PeriphClockLPModeCmd
                0x00000000       0x54 ..\obj\stm32f4xx_rcc.o
 .text.RCC_AHB3PeriphClockLPModeCmd
                0x00000000       0x54 ..\obj\stm32f4xx_rcc.o
 .text.RCC_APB1PeriphClockLPModeCmd
                0x00000000       0x54 ..\obj\stm32f4xx_rcc.o
 .text.RCC_APB2PeriphClockLPModeCmd
                0x00000000       0x54 ..\obj\stm32f4xx_rcc.o
 .text.RCC_ITConfig
                0x00000000       0x60 ..\obj\stm32f4xx_rcc.o
 .text.RCC_ClearFlag
                0x00000000       0x24 ..\obj\stm32f4xx_rcc.o
 .text.RCC_GetITStatus
                0x00000000       0x40 ..\obj\stm32f4xx_rcc.o
 .text.RCC_ClearITPendingBit
                0x00000000       0x20 ..\obj\stm32f4xx_rcc.o
 .text          0x00000000        0x0 ..\obj\stm32f4xx_it.o
 .text          0x00000000        0x0 ..\obj\usartMyConfiguration.o
 .data          0x00000000        0x0 ..\obj\usartMyConfiguration.o
 .bss           0x00000000        0x0 ..\obj\usartMyConfiguration.o
 .text          0x00000000        0x0 ..\obj\stm32f4xx_gpio.o
 .data          0x00000000        0x0 ..\obj\stm32f4xx_gpio.o
 .bss           0x00000000        0x0 ..\obj\stm32f4xx_gpio.o
 .text.GPIO_DeInit
                0x00000000      0x178 ..\obj\stm32f4xx_gpio.o
 .text.GPIO_StructInit
                0x00000000       0x3c ..\obj\stm32f4xx_gpio.o
 .text.GPIO_PinLockConfig
                0x00000000       0x44 ..\obj\stm32f4xx_gpio.o
 .text.GPIO_ReadInputData
                0x00000000       0x1c ..\obj\stm32f4xx_gpio.o
 .text.GPIO_ReadOutputDataBit
                0x00000000       0x3c ..\obj\stm32f4xx_gpio.o
 .text.GPIO_ReadOutputData
                0x00000000       0x1c ..\obj\stm32f4xx_gpio.o
 .text.GPIO_ResetBits
                0x00000000       0x1c ..\obj\stm32f4xx_gpio.o
 .text.GPIO_WriteBit
                0x00000000       0x30 ..\obj\stm32f4xx_gpio.o
 .text.GPIO_Write
                0x00000000       0x1c ..\obj\stm32f4xx_gpio.o
 .text          0x00000000        0x0 ..\obj\stm32f4xx_flash.o
 .data          0x00000000        0x0 ..\obj\stm32f4xx_flash.o
 .bss           0x00000000        0x0 ..\obj\stm32f4xx_flash.o
 .text.FLASH_InstructionCacheCmd
                0x00000000       0x4c ..\obj\stm32f4xx_flash.o
 .text.FLASH_DataCacheCmd
                0x00000000       0x4c ..\obj\stm32f4xx_flash.o
 .text.FLASH_InstructionCacheReset
                0x00000000       0x24 ..\obj\stm32f4xx_flash.o
 .text.FLASH_DataCacheReset
                0x00000000       0x24 ..\obj\stm32f4xx_flash.o
 .text.FLASH_Unlock
                0x00000000       0x3c ..\obj\stm32f4xx_flash.o
 .text.FLASH_Lock
                0x00000000       0x24 ..\obj\stm32f4xx_flash.o
 .text.FLASH_EraseSector
                0x00000000      0x118 ..\obj\stm32f4xx_flash.o
 .text.FLASH_EraseAllSectors
                0x00000000       0xe0 ..\obj\stm32f4xx_flash.o
 .text.FLASH_ProgramDoubleWord
                0x00000000       0xa0 ..\obj\stm32f4xx_flash.o
 .text.FLASH_ProgramWord
                0x00000000       0x98 ..\obj\stm32f4xx_flash.o
 .text.FLASH_ProgramHalfWord
                0x00000000       0x9c ..\obj\stm32f4xx_flash.o
 .text.FLASH_ProgramByte
                0x00000000       0x98 ..\obj\stm32f4xx_flash.o
 .text.FLASH_OB_Unlock
                0x00000000       0x40 ..\obj\stm32f4xx_flash.o
 .text.FLASH_OB_Lock
                0x00000000       0x24 ..\obj\stm32f4xx_flash.o
 .text.FLASH_OB_WRPConfig
                0x00000000       0x74 ..\obj\stm32f4xx_flash.o
 .text.FLASH_OB_RDPConfig
                0x00000000       0x34 ..\obj\stm32f4xx_flash.o
 .text.FLASH_OB_UserConfig
                0x00000000       0x64 ..\obj\stm32f4xx_flash.o
 .text.FLASH_OB_BORConfig
                0x00000000       0x4c ..\obj\stm32f4xx_flash.o
 .text.FLASH_OB_Launch
                0x00000000       0x3c ..\obj\stm32f4xx_flash.o
 .text.FLASH_OB_GetUser
                0x00000000       0x1c ..\obj\stm32f4xx_flash.o
 .text.FLASH_OB_GetWRP
                0x00000000       0x18 ..\obj\stm32f4xx_flash.o
 .text.FLASH_OB_GetRDP
                0x00000000       0x38 ..\obj\stm32f4xx_flash.o
 .text.FLASH_OB_GetBOR
                0x00000000       0x20 ..\obj\stm32f4xx_flash.o
 .text.FLASH_ITConfig
                0x00000000       0x54 ..\obj\stm32f4xx_flash.o
 .text.FLASH_GetFlagStatus
                0x00000000       0x3c ..\obj\stm32f4xx_flash.o
 .text.FLASH_ClearFlag
                0x00000000       0x20 ..\obj\stm32f4xx_flash.o
 .text.FLASH_GetStatus
                0x00000000       0x88 ..\obj\stm32f4xx_flash.o
 .text.FLASH_WaitForLastOperation
                0x00000000       0x34 ..\obj\stm32f4xx_flash.o
 .text          0x00000000        0x0 ..\obj\nvicMyConfiguration.o
 .data          0x00000000        0x0 ..\obj\nvicMyConfiguration.o
 .bss           0x00000000        0x0 ..\obj\nvicMyConfiguration.o
 .text          0x00000000        0x0 ..\obj\system_stm32f4xx.o
 .data          0x00000000       0x14 ..\obj\system_stm32f4xx.o
 .bss           0x00000000        0x0 ..\obj\system_stm32f4xx.o
 .text.SystemCoreClockUpdate
                0x00000000      0x170 ..\obj\system_stm32f4xx.o
 .text          0x00000000        0x0 ..\obj\syscalls.o
 .data          0x00000000        0x0 ..\obj\syscalls.o
 .text.link     0x00000000       0x1c ..\obj\syscalls.o
 .text._fstat   0x00000000       0x24 ..\obj\syscalls.o
 .text._isatty  0x00000000       0x18 ..\obj\syscalls.o
 .text.abort    0x00000000        0x8 ..\obj\syscalls.o
 .text          0x00000000        0x0 ..\obj\gpioMyConfiguration.o
 .data          0x00000000        0x0 ..\obj\gpioMyConfiguration.o
 .bss           0x00000000        0x0 ..\obj\gpioMyConfiguration.o
 .text          0x00000000        0x0 ..\obj\rccMyConfiguration.o
 .data          0x00000000        0x0 ..\obj\rccMyConfiguration.o
 .bss           0x00000000        0x0 ..\obj\rccMyConfiguration.o
 .text          0x00000000        0x0 ..\obj\stm32f4xx_i2c.o
 .data          0x00000000        0x0 ..\obj\stm32f4xx_i2c.o
 .bss           0x00000000        0x0 ..\obj\stm32f4xx_i2c.o
 .text.I2C_DeInit
                0x00000000       0x88 ..\obj\stm32f4xx_i2c.o
 .text.I2C_StructInit
                0x00000000       0x44 ..\obj\stm32f4xx_i2c.o
 .text.I2C_OwnAddress2Config
                0x00000000       0x44 ..\obj\stm32f4xx_i2c.o
 .text.I2C_DualAddressCmd
                0x00000000       0x40 ..\obj\stm32f4xx_i2c.o
 .text.I2C_GeneralCallCmd
                0x00000000       0x40 ..\obj\stm32f4xx_i2c.o
 .text.I2C_SoftwareResetCmd
                0x00000000       0x48 ..\obj\stm32f4xx_i2c.o
 .text.I2C_StretchClockCmd
                0x00000000       0x40 ..\obj\stm32f4xx_i2c.o
 .text.I2C_FastModeDutyCycleConfig
                0x00000000       0x40 ..\obj\stm32f4xx_i2c.o
 .text.I2C_NACKPositionConfig
                0x00000000       0x40 ..\obj\stm32f4xx_i2c.o
 .text.I2C_SMBusAlertConfig
                0x00000000       0x40 ..\obj\stm32f4xx_i2c.o
 .text.I2C_ARPCmd
                0x00000000       0x40 ..\obj\stm32f4xx_i2c.o
 .text.I2C_TransmitPEC
                0x00000000       0x40 ..\obj\stm32f4xx_i2c.o
 .text.I2C_PECPositionConfig
                0x00000000       0x40 ..\obj\stm32f4xx_i2c.o
 .text.I2C_CalculatePEC
                0x00000000       0x40 ..\obj\stm32f4xx_i2c.o
 .text.I2C_GetPEC
                0x00000000       0x24 ..\obj\stm32f4xx_i2c.o
 .text.I2C_DMACmd
                0x00000000       0x40 ..\obj\stm32f4xx_i2c.o
 .text.I2C_DMALastTransferCmd
                0x00000000       0x40 ..\obj\stm32f4xx_i2c.o
 .text.I2C_ReadRegister
                0x00000000       0x30 ..\obj\stm32f4xx_i2c.o
 .text.I2C_ITConfig
                0x00000000       0x48 ..\obj\stm32f4xx_i2c.o
 .text.I2C_GetLastEvent
                0x00000000       0x4c ..\obj\stm32f4xx_i2c.o
 .text.I2C_ClearFlag
                0x00000000       0x30 ..\obj\stm32f4xx_i2c.o
 .text.I2C_GetITStatus
                0x00000000       0x64 ..\obj\stm32f4xx_i2c.o
 .text.I2C_ClearITPendingBit
                0x00000000       0x30 ..\obj\stm32f4xx_i2c.o
 .text          0x00000000        0x0 ..\obj\stm32f4xx_exti.o
 .data          0x00000000        0x0 ..\obj\stm32f4xx_exti.o
 .bss           0x00000000        0x0 ..\obj\stm32f4xx_exti.o
 .text.EXTI_DeInit
                0x00000000       0x54 ..\obj\stm32f4xx_exti.o
 .text.EXTI_StructInit
                0x00000000       0x34 ..\obj\stm32f4xx_exti.o
 .text.EXTI_GenerateSWInterrupt
                0x00000000       0x2c ..\obj\stm32f4xx_exti.o
 .text.EXTI_GetFlagStatus
                0x00000000       0x3c ..\obj\stm32f4xx_exti.o
 .text.EXTI_ClearFlag
                0x00000000       0x20 ..\obj\stm32f4xx_exti.o
 .text          0x00000000        0x0 ..\obj\misc.o
 .data          0x00000000        0x0 ..\obj\misc.o
 .bss           0x00000000        0x0 ..\obj\misc.o
 .text.NVIC_SystemLPConfig
                0x00000000       0x54 ..\obj\misc.o
 .text.SysTick_CLKSourceConfig
                0x00000000       0x4c ..\obj\misc.o
 .text          0x00000000        0x0 ..\obj\MPU6050.o
 .data          0x00000000        0x0 ..\obj\MPU6050.o
 .bss           0x00000000        0x0 ..\obj\MPU6050.o
 .text.MPU6050_GetFullScaleGyroRange
                0x00000000       0x2c ..\obj\MPU6050.o
 .text.MPU6050_GetFullScaleAccelRange
                0x00000000       0x2c ..\obj\MPU6050.o
 .text.MPU6050_GetSleepModeStatus
                0x00000000       0x34 ..\obj\MPU6050.o
 .text.MPU6050_ReadBit
                0x00000000       0x4c ..\obj\MPU6050.o
 .text          0x00000000        0x0 c:/program files (x86)/gnu tools arm embedded/4.7 2013q1/bin/../lib/gcc/arm-none-eabi/4.7.3/../../../../arm-none-eabi/lib/armv7e-m\libm.a(lib_a-wf_atan2.o)
 .data          0x00000000        0x0 c:/program files (x86)/gnu tools arm embedded/4.7 2013q1/bin/../lib/gcc/arm-none-eabi/4.7.3/../../../../arm-none-eabi/lib/armv7e-m\libm.a(lib_a-wf_atan2.o)
 .bss           0x00000000        0x0 c:/program files (x86)/gnu tools arm embedded/4.7 2013q1/bin/../lib/gcc/arm-none-eabi/4.7.3/../../../../arm-none-eabi/lib/armv7e-m\libm.a(lib_a-wf_atan2.o)
 .text          0x00000000        0x0 c:/program files (x86)/gnu tools arm embedded/4.7 2013q1/bin/../lib/gcc/arm-none-eabi/4.7.3/../../../../arm-none-eabi/lib/armv7e-m\libm.a(lib_a-ef_atan2.o)
 .data          0x00000000        0x0 c:/program files (x86)/gnu tools arm embedded/4.7 2013q1/bin/../lib/gcc/arm-none-eabi/4.7.3/../../../../arm-none-eabi/lib/armv7e-m\libm.a(lib_a-ef_atan2.o)
 .bss           0x00000000        0x0 c:/program files (x86)/gnu tools arm embedded/4.7 2013q1/bin/../lib/gcc/arm-none-eabi/4.7.3/../../../../arm-none-eabi/lib/armv7e-m\libm.a(lib_a-ef_atan2.o)
 .text          0x00000000        0x0 c:/program files (x86)/gnu tools arm embedded/4.7 2013q1/bin/../lib/gcc/arm-none-eabi/4.7.3/../../../../arm-none-eabi/lib/armv7e-m\libm.a(lib_a-sf_atan.o)
 .data          0x00000000        0x0 c:/program files (x86)/gnu tools arm embedded/4.7 2013q1/bin/../lib/gcc/arm-none-eabi/4.7.3/../../../../arm-none-eabi/lib/armv7e-m\libm.a(lib_a-sf_atan.o)
 .bss           0x00000000        0x0 c:/program files (x86)/gnu tools arm embedded/4.7 2013q1/bin/../lib/gcc/arm-none-eabi/4.7.3/../../../../arm-none-eabi/lib/armv7e-m\libm.a(lib_a-sf_atan.o)
 .text          0x00000000        0x0 c:/program files (x86)/gnu tools arm embedded/4.7 2013q1/bin/../lib/gcc/arm-none-eabi/4.7.3/../../../../arm-none-eabi/lib/armv7e-m\libm.a(lib_a-sf_fabs.o)
 .data          0x00000000        0x0 c:/program files (x86)/gnu tools arm embedded/4.7 2013q1/bin/../lib/gcc/arm-none-eabi/4.7.3/../../../../arm-none-eabi/lib/armv7e-m\libm.a(lib_a-sf_fabs.o)
 .bss           0x00000000        0x0 c:/program files (x86)/gnu tools arm embedded/4.7 2013q1/bin/../lib/gcc/arm-none-eabi/4.7.3/../../../../arm-none-eabi/lib/armv7e-m\libm.a(lib_a-sf_fabs.o)
 .data          0x00000000        0x0 c:/program files (x86)/gnu tools arm embedded/4.7 2013q1/bin/../lib/gcc/arm-none-eabi/4.7.3/armv7e-m\libgcc.a(_arm_addsubsf3.o)
 .bss           0x00000000        0x0 c:/program files (x86)/gnu tools arm embedded/4.7 2013q1/bin/../lib/gcc/arm-none-eabi/4.7.3/armv7e-m\libgcc.a(_arm_addsubsf3.o)
 .data          0x00000000        0x0 c:/program files (x86)/gnu tools arm embedded/4.7 2013q1/bin/../lib/gcc/arm-none-eabi/4.7.3/armv7e-m\libgcc.a(_arm_muldivsf3.o)
 .bss           0x00000000        0x0 c:/program files (x86)/gnu tools arm embedded/4.7 2013q1/bin/../lib/gcc/arm-none-eabi/4.7.3/armv7e-m\libgcc.a(_arm_muldivsf3.o)
 .data          0x00000000        0x0 c:/program files (x86)/gnu tools arm embedded/4.7 2013q1/bin/../lib/gcc/arm-none-eabi/4.7.3/armv7e-m\libgcc.a(_arm_cmpsf2.o)
 .bss           0x00000000        0x0 c:/program files (x86)/gnu tools arm embedded/4.7 2013q1/bin/../lib/gcc/arm-none-eabi/4.7.3/armv7e-m\libgcc.a(_arm_cmpsf2.o)
 .text          0x00000000        0x0 c:/program files (x86)/gnu tools arm embedded/4.7 2013q1/bin/../lib/gcc/arm-none-eabi/4.7.3/../../../../arm-none-eabi/lib/armv7e-m\libc.a(lib_a-impure.o)
 .data          0x00000000        0x0 c:/program files (x86)/gnu tools arm embedded/4.7 2013q1/bin/../lib/gcc/arm-none-eabi/4.7.3/../../../../arm-none-eabi/lib/armv7e-m\libc.a(lib_a-impure.o)
 .bss           0x00000000        0x0 c:/program files (x86)/gnu tools arm embedded/4.7 2013q1/bin/../lib/gcc/arm-none-eabi/4.7.3/../../../../arm-none-eabi/lib/armv7e-m\libc.a(lib_a-impure.o)
 .rodata._global_impure_ptr
                0x00000000        0x4 c:/program files (x86)/gnu tools arm embedded/4.7 2013q1/bin/../lib/gcc/arm-none-eabi/4.7.3/../../../../arm-none-eabi/lib/armv7e-m\libc.a(lib_a-impure.o)
 .text          0x00000000        0x0 c:/program files (x86)/gnu tools arm embedded/4.7 2013q1/bin/../lib/gcc/arm-none-eabi/4.7.3/../../../../arm-none-eabi/lib/armv7e-m\libc.a(lib_a-setvbuf.o)
 .data          0x00000000        0x0 c:/program files (x86)/gnu tools arm embedded/4.7 2013q1/bin/../lib/gcc/arm-none-eabi/4.7.3/../../../../arm-none-eabi/lib/armv7e-m\libc.a(lib_a-setvbuf.o)
 .bss           0x00000000        0x0 c:/program files (x86)/gnu tools arm embedded/4.7 2013q1/bin/../lib/gcc/arm-none-eabi/4.7.3/../../../../arm-none-eabi/lib/armv7e-m\libc.a(lib_a-setvbuf.o)
 .text          0x00000000        0x0 c:/program files (x86)/gnu tools arm embedded/4.7 2013q1/bin/../lib/gcc/arm-none-eabi/4.7.3/../../../../arm-none-eabi/lib/armv7e-m\libc.a(lib_a-fflush.o)
 .data          0x00000000        0x0 c:/program files (x86)/gnu tools arm embedded/4.7 2013q1/bin/../lib/gcc/arm-none-eabi/4.7.3/../../../../arm-none-eabi/lib/armv7e-m\libc.a(lib_a-fflush.o)
 .bss           0x00000000        0x0 c:/program files (x86)/gnu tools arm embedded/4.7 2013q1/bin/../lib/gcc/arm-none-eabi/4.7.3/../../../../arm-none-eabi/lib/armv7e-m\libc.a(lib_a-fflush.o)
 .text.fflush   0x00000000       0x24 c:/program files (x86)/gnu tools arm embedded/4.7 2013q1/bin/../lib/gcc/arm-none-eabi/4.7.3/../../../../arm-none-eabi/lib/armv7e-m\libc.a(lib_a-fflush.o)
 .text          0x00000000        0x0 c:/program files (x86)/gnu tools arm embedded/4.7 2013q1/bin/../lib/gcc/arm-none-eabi/4.7.3/../../../../arm-none-eabi/lib/armv7e-m\libc.a(lib_a-findfp.o)
 .data          0x00000000        0x0 c:/program files (x86)/gnu tools arm embedded/4.7 2013q1/bin/../lib/gcc/arm-none-eabi/4.7.3/../../../../arm-none-eabi/lib/armv7e-m\libc.a(lib_a-findfp.o)
 .bss           0x00000000        0x0 c:/program files (x86)/gnu tools arm embedded/4.7 2013q1/bin/../lib/gcc/arm-none-eabi/4.7.3/../../../../arm-none-eabi/lib/armv7e-m\libc.a(lib_a-findfp.o)
 .text.__fp_lock
                0x00000000        0x4 c:/program files (x86)/gnu tools arm embedded/4.7 2013q1/bin/../lib/gcc/arm-none-eabi/4.7.3/../../../../arm-none-eabi/lib/armv7e-m\libc.a(lib_a-findfp.o)
 .text.__fp_unlock
                0x00000000        0x4 c:/program files (x86)/gnu tools arm embedded/4.7 2013q1/bin/../lib/gcc/arm-none-eabi/4.7.3/../../../../arm-none-eabi/lib/armv7e-m\libc.a(lib_a-findfp.o)
 .text.__sfmoreglue
                0x00000000       0x2c c:/program files (x86)/gnu tools arm embedded/4.7 2013q1/bin/../lib/gcc/arm-none-eabi/4.7.3/../../../../arm-none-eabi/lib/armv7e-m\libc.a(lib_a-findfp.o)
 .text._cleanup
                0x00000000       0x10 c:/program files (x86)/gnu tools arm embedded/4.7 2013q1/bin/../lib/gcc/arm-none-eabi/4.7.3/../../../../arm-none-eabi/lib/armv7e-m\libc.a(lib_a-findfp.o)
 .text.__sfp    0x00000000       0xa4 c:/program files (x86)/gnu tools arm embedded/4.7 2013q1/bin/../lib/gcc/arm-none-eabi/4.7.3/../../../../arm-none-eabi/lib/armv7e-m\libc.a(lib_a-findfp.o)
 .text.__sinit_lock_acquire
                0x00000000        0x4 c:/program files (x86)/gnu tools arm embedded/4.7 2013q1/bin/../lib/gcc/arm-none-eabi/4.7.3/../../../../arm-none-eabi/lib/armv7e-m\libc.a(lib_a-findfp.o)
 .text.__sinit_lock_release
                0x00000000        0x4 c:/program files (x86)/gnu tools arm embedded/4.7 2013q1/bin/../lib/gcc/arm-none-eabi/4.7.3/../../../../arm-none-eabi/lib/armv7e-m\libc.a(lib_a-findfp.o)
 .text.__fp_lock_all
                0x00000000       0x18 c:/program files (x86)/gnu tools arm embedded/4.7 2013q1/bin/../lib/gcc/arm-none-eabi/4.7.3/../../../../arm-none-eabi/lib/armv7e-m\libc.a(lib_a-findfp.o)
 .text.__fp_unlock_all
                0x00000000       0x18 c:/program files (x86)/gnu tools arm embedded/4.7 2013q1/bin/../lib/gcc/arm-none-eabi/4.7.3/../../../../arm-none-eabi/lib/armv7e-m\libc.a(lib_a-findfp.o)
 .text          0x00000000        0x0 c:/program files (x86)/gnu tools arm embedded/4.7 2013q1/bin/../lib/gcc/arm-none-eabi/4.7.3/../../../../arm-none-eabi/lib/armv7e-m\libc.a(lib_a-freer.o)
 .data          0x00000000        0x0 c:/program files (x86)/gnu tools arm embedded/4.7 2013q1/bin/../lib/gcc/arm-none-eabi/4.7.3/../../../../arm-none-eabi/lib/armv7e-m\libc.a(lib_a-freer.o)
 .bss           0x00000000        0x0 c:/program files (x86)/gnu tools arm embedded/4.7 2013q1/bin/../lib/gcc/arm-none-eabi/4.7.3/../../../../arm-none-eabi/lib/armv7e-m\libc.a(lib_a-freer.o)
 .text          0x00000000        0x0 c:/program files (x86)/gnu tools arm embedded/4.7 2013q1/bin/../lib/gcc/arm-none-eabi/4.7.3/../../../../arm-none-eabi/lib/armv7e-m\libc.a(lib_a-fwalk.o)
 .data          0x00000000        0x0 c:/program files (x86)/gnu tools arm embedded/4.7 2013q1/bin/../lib/gcc/arm-none-eabi/4.7.3/../../../../arm-none-eabi/lib/armv7e-m\libc.a(lib_a-fwalk.o)
 .bss           0x00000000        0x0 c:/program files (x86)/gnu tools arm embedded/4.7 2013q1/bin/../lib/gcc/arm-none-eabi/4.7.3/../../../../arm-none-eabi/lib/armv7e-m\libc.a(lib_a-fwalk.o)
 .text._fwalk_reent
                0x00000000       0xc0 c:/program files (x86)/gnu tools arm embedded/4.7 2013q1/bin/../lib/gcc/arm-none-eabi/4.7.3/../../../../arm-none-eabi/lib/armv7e-m\libc.a(lib_a-fwalk.o)
 .text          0x00000000        0x0 c:/program files (x86)/gnu tools arm embedded/4.7 2013q1/bin/../lib/gcc/arm-none-eabi/4.7.3/../../../../arm-none-eabi/lib/armv7e-m\libc.a(lib_a-malloc.o)
 .data          0x00000000        0x0 c:/program files (x86)/gnu tools arm embedded/4.7 2013q1/bin/../lib/gcc/arm-none-eabi/4.7.3/../../../../arm-none-eabi/lib/armv7e-m\libc.a(lib_a-malloc.o)
 .bss           0x00000000        0x0 c:/program files (x86)/gnu tools arm embedded/4.7 2013q1/bin/../lib/gcc/arm-none-eabi/4.7.3/../../../../arm-none-eabi/lib/armv7e-m\libc.a(lib_a-malloc.o)
 .text.free     0x00000000       0x10 c:/program files (x86)/gnu tools arm embedded/4.7 2013q1/bin/../lib/gcc/arm-none-eabi/4.7.3/../../../../arm-none-eabi/lib/armv7e-m\libc.a(lib_a-malloc.o)
 .text          0x00000000        0x0 c:/program files (x86)/gnu tools arm embedded/4.7 2013q1/bin/../lib/gcc/arm-none-eabi/4.7.3/../../../../arm-none-eabi/lib/armv7e-m\libc.a(lib_a-mallocr.o)
 .data          0x00000000        0x0 c:/program files (x86)/gnu tools arm embedded/4.7 2013q1/bin/../lib/gcc/arm-none-eabi/4.7.3/../../../../arm-none-eabi/lib/armv7e-m\libc.a(lib_a-mallocr.o)
 .bss           0x00000000        0x0 c:/program files (x86)/gnu tools arm embedded/4.7 2013q1/bin/../lib/gcc/arm-none-eabi/4.7.3/../../../../arm-none-eabi/lib/armv7e-m\libc.a(lib_a-mallocr.o)
 .text          0x00000000        0x0 c:/program files (x86)/gnu tools arm embedded/4.7 2013q1/bin/../lib/gcc/arm-none-eabi/4.7.3/../../../../arm-none-eabi/lib/armv7e-m\libc.a(lib_a-memset.o)
 .data          0x00000000        0x0 c:/program files (x86)/gnu tools arm embedded/4.7 2013q1/bin/../lib/gcc/arm-none-eabi/4.7.3/../../../../arm-none-eabi/lib/armv7e-m\libc.a(lib_a-memset.o)
 .bss           0x00000000        0x0 c:/program files (x86)/gnu tools arm embedded/4.7 2013q1/bin/../lib/gcc/arm-none-eabi/4.7.3/../../../../arm-none-eabi/lib/armv7e-m\libc.a(lib_a-memset.o)
 .text          0x00000000        0x0 c:/program files (x86)/gnu tools arm embedded/4.7 2013q1/bin/../lib/gcc/arm-none-eabi/4.7.3/../../../../arm-none-eabi/lib/armv7e-m\libc.a(lib_a-mlock.o)
 .data          0x00000000        0x0 c:/program files (x86)/gnu tools arm embedded/4.7 2013q1/bin/../lib/gcc/arm-none-eabi/4.7.3/../../../../arm-none-eabi/lib/armv7e-m\libc.a(lib_a-mlock.o)
 .bss           0x00000000        0x0 c:/program files (x86)/gnu tools arm embedded/4.7 2013q1/bin/../lib/gcc/arm-none-eabi/4.7.3/../../../../arm-none-eabi/lib/armv7e-m\libc.a(lib_a-mlock.o)
 .text          0x00000000        0x0 c:/program files (x86)/gnu tools arm embedded/4.7 2013q1/bin/../lib/gcc/arm-none-eabi/4.7.3/../../../../arm-none-eabi/lib/armv7e-m\libc.a(lib_a-sbrkr.o)
 .data          0x00000000        0x0 c:/program files (x86)/gnu tools arm embedded/4.7 2013q1/bin/../lib/gcc/arm-none-eabi/4.7.3/../../../../arm-none-eabi/lib/armv7e-m\libc.a(lib_a-sbrkr.o)
 .bss           0x00000000        0x0 c:/program files (x86)/gnu tools arm embedded/4.7 2013q1/bin/../lib/gcc/arm-none-eabi/4.7.3/../../../../arm-none-eabi/lib/armv7e-m\libc.a(lib_a-sbrkr.o)
 .text          0x00000000        0x0 c:/program files (x86)/gnu tools arm embedded/4.7 2013q1/bin/../lib/gcc/arm-none-eabi/4.7.3/../../../../arm-none-eabi/lib/armv7e-m\libc.a(lib_a-stdio.o)
 .data          0x00000000        0x0 c:/program files (x86)/gnu tools arm embedded/4.7 2013q1/bin/../lib/gcc/arm-none-eabi/4.7.3/../../../../arm-none-eabi/lib/armv7e-m\libc.a(lib_a-stdio.o)
 .bss           0x00000000        0x0 c:/program files (x86)/gnu tools arm embedded/4.7 2013q1/bin/../lib/gcc/arm-none-eabi/4.7.3/../../../../arm-none-eabi/lib/armv7e-m\libc.a(lib_a-stdio.o)
 .text.__seofread
                0x00000000        0x4 c:/program files (x86)/gnu tools arm embedded/4.7 2013q1/bin/../lib/gcc/arm-none-eabi/4.7.3/../../../../arm-none-eabi/lib/armv7e-m\libc.a(lib_a-stdio.o)
 .text          0x00000000        0x0 c:/program files (x86)/gnu tools arm embedded/4.7 2013q1/bin/../lib/gcc/arm-none-eabi/4.7.3/../../../../arm-none-eabi/lib/armv7e-m\libc.a(lib_a-writer.o)
 .data          0x00000000        0x0 c:/program files (x86)/gnu tools arm embedded/4.7 2013q1/bin/../lib/gcc/arm-none-eabi/4.7.3/../../../../arm-none-eabi/lib/armv7e-m\libc.a(lib_a-writer.o)
 .bss           0x00000000        0x0 c:/program files (x86)/gnu tools arm embedded/4.7 2013q1/bin/../lib/gcc/arm-none-eabi/4.7.3/../../../../arm-none-eabi/lib/armv7e-m\libc.a(lib_a-writer.o)
 .text          0x00000000        0x0 c:/program files (x86)/gnu tools arm embedded/4.7 2013q1/bin/../lib/gcc/arm-none-eabi/4.7.3/../../../../arm-none-eabi/lib/armv7e-m\libc.a(lib_a-closer.o)
 .data          0x00000000        0x0 c:/program files (x86)/gnu tools arm embedded/4.7 2013q1/bin/../lib/gcc/arm-none-eabi/4.7.3/../../../../arm-none-eabi/lib/armv7e-m\libc.a(lib_a-closer.o)
 .bss           0x00000000        0x0 c:/program files (x86)/gnu tools arm embedded/4.7 2013q1/bin/../lib/gcc/arm-none-eabi/4.7.3/../../../../arm-none-eabi/lib/armv7e-m\libc.a(lib_a-closer.o)
 .text          0x00000000        0x0 c:/program files (x86)/gnu tools arm embedded/4.7 2013q1/bin/../lib/gcc/arm-none-eabi/4.7.3/../../../../arm-none-eabi/lib/armv7e-m\libc.a(lib_a-fclose.o)
 .data          0x00000000        0x0 c:/program files (x86)/gnu tools arm embedded/4.7 2013q1/bin/../lib/gcc/arm-none-eabi/4.7.3/../../../../arm-none-eabi/lib/armv7e-m\libc.a(lib_a-fclose.o)
 .bss           0x00000000        0x0 c:/program files (x86)/gnu tools arm embedded/4.7 2013q1/bin/../lib/gcc/arm-none-eabi/4.7.3/../../../../arm-none-eabi/lib/armv7e-m\libc.a(lib_a-fclose.o)
 .text          0x00000000        0x0 c:/program files (x86)/gnu tools arm embedded/4.7 2013q1/bin/../lib/gcc/arm-none-eabi/4.7.3/../../../../arm-none-eabi/lib/armv7e-m\libc.a(lib_a-lseekr.o)
 .data          0x00000000        0x0 c:/program files (x86)/gnu tools arm embedded/4.7 2013q1/bin/../lib/gcc/arm-none-eabi/4.7.3/../../../../arm-none-eabi/lib/armv7e-m\libc.a(lib_a-lseekr.o)
 .bss           0x00000000        0x0 c:/program files (x86)/gnu tools arm embedded/4.7 2013q1/bin/../lib/gcc/arm-none-eabi/4.7.3/../../../../arm-none-eabi/lib/armv7e-m\libc.a(lib_a-lseekr.o)
 .text          0x00000000        0x0 c:/program files (x86)/gnu tools arm embedded/4.7 2013q1/bin/../lib/gcc/arm-none-eabi/4.7.3/../../../../arm-none-eabi/lib/armv7e-m\libc.a(lib_a-readr.o)
 .data          0x00000000        0x0 c:/program files (x86)/gnu tools arm embedded/4.7 2013q1/bin/../lib/gcc/arm-none-eabi/4.7.3/../../../../arm-none-eabi/lib/armv7e-m\libc.a(lib_a-readr.o)
 .bss           0x00000000        0x0 c:/program files (x86)/gnu tools arm embedded/4.7 2013q1/bin/../lib/gcc/arm-none-eabi/4.7.3/../../../../arm-none-eabi/lib/armv7e-m\libc.a(lib_a-readr.o)
 .text          0x00000000        0x0 c:/program files (x86)/gnu tools arm embedded/4.7 2013q1/bin/../lib/gcc/arm-none-eabi/4.7.3/../../../../arm-none-eabi/lib/armv7e-m\libc.a(lib_a-reent.o)
 .data          0x00000000        0x0 c:/program files (x86)/gnu tools arm embedded/4.7 2013q1/bin/../lib/gcc/arm-none-eabi/4.7.3/../../../../arm-none-eabi/lib/armv7e-m\libc.a(lib_a-reent.o)
 .bss           0x00000000        0x0 c:/program files (x86)/gnu tools arm embedded/4.7 2013q1/bin/../lib/gcc/arm-none-eabi/4.7.3/../../../../arm-none-eabi/lib/armv7e-m\libc.a(lib_a-reent.o)
 .text.cleanup_glue
                0x00000000       0x1c c:/program files (x86)/gnu tools arm embedded/4.7 2013q1/bin/../lib/gcc/arm-none-eabi/4.7.3/../../../../arm-none-eabi/lib/armv7e-m\libc.a(lib_a-reent.o)
 .text._reclaim_reent
                0x00000000       0x8c c:/program files (x86)/gnu tools arm embedded/4.7 2013q1/bin/../lib/gcc/arm-none-eabi/4.7.3/../../../../arm-none-eabi/lib/armv7e-m\libc.a(lib_a-reent.o)
 .text._wrapup_reent
                0x00000000       0x74 c:/program files (x86)/gnu tools arm embedded/4.7 2013q1/bin/../lib/gcc/arm-none-eabi/4.7.3/../../../../arm-none-eabi/lib/armv7e-m\libc.a(lib_a-reent.o)

Memory Configuration

Name             Origin             Length             Attributes
rom              0x08000000         0x00100000         xr
ram              0x20000000         0x00020000         xrw
ram1             0x10000000         0x00010000         xrw
*default*        0x00000000         0xffffffff

Linker script and memory map

                0x20020000                _eram = 0x20020000

.text           0x08000000     0x4040
 *(.isr_vector .isr_vector.*)
 .isr_vector    0x08000000      0x188 ..\obj\startup_stm32f4xx.o
                0x08000000                g_pfnVectors
 *(.text .text.* .gnu.linkonce.t.*)
 .text.SYSCFG_EXTILineConfig
                0x08000188       0xb0 ..\obj\stm32f4xx_syscfg.o
                0x08000188                SYSCFG_EXTILineConfig
 .text.USART_puts
                0x08000238       0x48 ..\obj\usartMyFunctions.o
                0x08000238                USART_puts
 .text.USART_Init
                0x08000280      0x1ac ..\obj\stm32f4xx_usart.o
                0x08000280                USART_Init
 .text.USART_Cmd
                0x0800042c       0x40 ..\obj\stm32f4xx_usart.o
                0x0800042c                USART_Cmd
 .text.USART_SendData
                0x0800046c       0x28 ..\obj\stm32f4xx_usart.o
                0x0800046c                USART_SendData
 .text.USART_ITConfig
                0x08000494       0xa4 ..\obj\stm32f4xx_usart.o
                0x08000494                USART_ITConfig
 .text.USART_GetITStatus
                0x08000538       0xc4 ..\obj\stm32f4xx_usart.o
                0x08000538                USART_GetITStatus
 .text.Default_Reset_Handler
                0x080005fc       0x80 ..\obj\startup_stm32f4xx.o
                0x080005fc                Default_Reset_Handler
                0x080005fc                Reset_Handler
 .text.Default_Handler
                0x0800067c        0x8 ..\obj\startup_stm32f4xx.o
                0x0800067c                RTC_Alarm_IRQHandler
                0x0800067c                HASH_RNG_IRQHandler
                0x0800067c                EXTI2_IRQHandler
                0x0800067c                TIM8_CC_IRQHandler
                0x0800067c                TIM1_CC_IRQHandler
                0x0800067c                DMA2_Stream5_IRQHandler
                0x0800067c                DMA1_Stream5_IRQHandler
                0x0800067c                PVD_IRQHandler
                0x0800067c                SDIO_IRQHandler
                0x0800067c                TAMP_STAMP_IRQHandler
                0x0800067c                CAN2_RX1_IRQHandler
                0x0800067c                EXTI3_IRQHandler
                0x0800067c                TIM8_TRG_COM_TIM14_IRQHandler
                0x0800067c                TIM1_UP_TIM10_IRQHandler
                0x0800067c                TIM8_UP_TIM13_IRQHandler
                0x0800067c                I2C3_ER_IRQHandler
                0x0800067c                I2C2_EV_IRQHandler
                0x0800067c                DMA1_Stream2_IRQHandler
                0x0800067c                CAN1_RX0_IRQHandler
                0x0800067c                FPU_IRQHandler
                0x0800067c                OTG_HS_WKUP_IRQHandler
                0x0800067c                CAN2_SCE_IRQHandler
                0x0800067c                DMA2_Stream2_IRQHandler
                0x0800067c                SPI1_IRQHandler
                0x0800067c                TIM6_DAC_IRQHandler
                0x0800067c                TIM1_BRK_TIM9_IRQHandler
                0x0800067c                DCMI_IRQHandler
                0x0800067c                CAN2_RX0_IRQHandler
                0x0800067c                DMA2_Stream3_IRQHandler
                0x0800067c                USART6_IRQHandler
                0x0800067c                USART3_IRQHandler
                0x0800067c                CRYP_IRQHandler
                0x0800067c                CAN1_RX1_IRQHandler
                0x0800067c                UART5_IRQHandler
                0x0800067c                DMA2_Stream0_IRQHandler
                0x0800067c                TIM4_IRQHandler
                0x0800067c                I2C1_EV_IRQHandler
                0x0800067c                DMA1_Stream6_IRQHandler
                0x0800067c                DMA1_Stream1_IRQHandler
                0x0800067c                UART4_IRQHandler
                0x0800067c                TIM3_IRQHandler
                0x0800067c                RCC_IRQHandler
                0x0800067c                TIM8_BRK_TIM12_IRQHandler
                0x0800067c                EXTI15_10_IRQHandler
                0x0800067c                ADC_IRQHandler
                0x0800067c                DMA1_Stream7_IRQHandler
                0x0800067c                TIM7_IRQHandler
                0x0800067c                CAN2_TX_IRQHandler
                0x0800067c                TIM5_IRQHandler
                0x0800067c                DMA2_Stream7_IRQHandler
                0x0800067c                I2C3_EV_IRQHandler
                0x0800067c                EXTI9_5_IRQHandler
                0x0800067c                RTC_WKUP_IRQHandler
                0x0800067c                ETH_WKUP_IRQHandler
                0x0800067c                SPI2_IRQHandler
                0x0800067c                OTG_HS_EP1_IN_IRQHandler
                0x0800067c                DMA1_Stream0_IRQHandler
                0x0800067c                CAN1_TX_IRQHandler
                0x0800067c                EXTI4_IRQHandler
                0x0800067c                FSMC_IRQHandler
                0x0800067c                ETH_IRQHandler
                0x0800067c                OTG_HS_EP1_OUT_IRQHandler
                0x0800067c                WWDG_IRQHandler
                0x0800067c                TIM2_IRQHandler
                0x0800067c                OTG_FS_WKUP_IRQHandler
                0x0800067c                TIM1_TRG_COM_TIM11_IRQHandler
                0x0800067c                OTG_HS_IRQHandler
                0x0800067c                EXTI1_IRQHandler
                0x0800067c                USART2_IRQHandler
                0x0800067c                I2C2_ER_IRQHandler
                0x0800067c                DMA2_Stream1_IRQHandler
                0x0800067c                CAN1_SCE_IRQHandler
                0x0800067c                FLASH_IRQHandler
                0x0800067c                DMA2_Stream4_IRQHandler
                0x0800067c                OTG_FS_IRQHandler
                0x0800067c                SPI3_IRQHandler
                0x0800067c                DMA1_Stream4_IRQHandler
                0x0800067c                I2C1_ER_IRQHandler
                0x0800067c                DMA2_Stream6_IRQHandler
                0x0800067c                DMA1_Stream3_IRQHandler
 .text.main     0x08000684      0x120 ..\obj\main.o
                0x08000684                main
 .text.RCC_DeInit
                0x080007a4       0x84 ..\obj\stm32f4xx_rcc.o
                0x080007a4                RCC_DeInit
 .text.RCC_HSEConfig
                0x08000828       0x30 ..\obj\stm32f4xx_rcc.o
                0x08000828                RCC_HSEConfig
 .text.RCC_WaitForHSEStartUp
                0x08000858       0x64 ..\obj\stm32f4xx_rcc.o
                0x08000858                RCC_WaitForHSEStartUp
 .text.RCC_PLLConfig
                0x080008bc       0x48 ..\obj\stm32f4xx_rcc.o
                0x080008bc                RCC_PLLConfig
 .text.RCC_PLLCmd
                0x08000904       0x20 ..\obj\stm32f4xx_rcc.o
                0x08000904                RCC_PLLCmd
 .text.RCC_SYSCLKConfig
                0x08000924       0x40 ..\obj\stm32f4xx_rcc.o
                0x08000924                RCC_SYSCLKConfig
 .text.RCC_GetSYSCLKSource
                0x08000964       0x20 ..\obj\stm32f4xx_rcc.o
                0x08000964                RCC_GetSYSCLKSource
 .text.RCC_HCLKConfig
                0x08000984       0x40 ..\obj\stm32f4xx_rcc.o
                0x08000984                RCC_HCLKConfig
 .text.RCC_PCLK1Config
                0x080009c4       0x40 ..\obj\stm32f4xx_rcc.o
                0x080009c4                RCC_PCLK1Config
 .text.RCC_PCLK2Config
                0x08000a04       0x44 ..\obj\stm32f4xx_rcc.o
                0x08000a04                RCC_PCLK2Config
 .text.RCC_GetClocksFreq
                0x08000a48      0x1cc ..\obj\stm32f4xx_rcc.o
                0x08000a48                RCC_GetClocksFreq
 .text.RCC_AHB1PeriphClockCmd
                0x08000c14       0x54 ..\obj\stm32f4xx_rcc.o
                0x08000c14                RCC_AHB1PeriphClockCmd
 .text.RCC_APB1PeriphClockCmd
                0x08000c68       0x54 ..\obj\stm32f4xx_rcc.o
                0x08000c68                RCC_APB1PeriphClockCmd
 .text.RCC_APB2PeriphClockCmd
                0x08000cbc       0x54 ..\obj\stm32f4xx_rcc.o
                0x08000cbc                RCC_APB2PeriphClockCmd
 .text.RCC_GetFlagStatus
                0x08000d10       0x90 ..\obj\stm32f4xx_rcc.o
                0x08000d10                RCC_GetFlagStatus
 .text.NMI_Handler
                0x08000da0        0xc ..\obj\stm32f4xx_it.o
                0x08000da0                NMI_Handler
 .text.HardFault_Handler
                0x08000dac        0x8 ..\obj\stm32f4xx_it.o
                0x08000dac                HardFault_Handler
 .text.MemManage_Handler
                0x08000db4        0x8 ..\obj\stm32f4xx_it.o
                0x08000db4                MemManage_Handler
 .text.BusFault_Handler
                0x08000dbc        0x8 ..\obj\stm32f4xx_it.o
                0x08000dbc                BusFault_Handler
 .text.UsageFault_Handler
                0x08000dc4        0x8 ..\obj\stm32f4xx_it.o
                0x08000dc4                UsageFault_Handler
 .text.SVC_Handler
                0x08000dcc        0xc ..\obj\stm32f4xx_it.o
                0x08000dcc                SVC_Handler
 .text.DebugMon_Handler
                0x08000dd8        0xc ..\obj\stm32f4xx_it.o
                0x08000dd8                DebugMon_Handler
 .text.PendSV_Handler
                0x08000de4        0xc ..\obj\stm32f4xx_it.o
                0x08000de4                PendSV_Handler
 .text.SysTick_Handler
                0x08000df0        0xc ..\obj\stm32f4xx_it.o
                0x08000df0                SysTick_Handler
 .text.USART1_IRQHandler
                0x08000dfc      0x100 ..\obj\stm32f4xx_it.o
                0x08000dfc                USART1_IRQHandler
 .text.EXTI0_IRQHandler
                0x08000efc       0xa8 ..\obj\stm32f4xx_it.o
                0x08000efc                EXTI0_IRQHandler
 .text.usart_config
                0x08000fa4       0x68 ..\obj\usartMyConfiguration.o
                0x08000fa4                usart_config
 .text.GPIO_Init
                0x0800100c      0x144 ..\obj\stm32f4xx_gpio.o
                0x0800100c                GPIO_Init
 .text.GPIO_ReadInputDataBit
                0x08001150       0x3c ..\obj\stm32f4xx_gpio.o
                0x08001150                GPIO_ReadInputDataBit
 .text.GPIO_SetBits
                0x0800118c       0x1c ..\obj\stm32f4xx_gpio.o
                0x0800118c                GPIO_SetBits
 .text.GPIO_ToggleBits
                0x080011a8       0x24 ..\obj\stm32f4xx_gpio.o
                0x080011a8                GPIO_ToggleBits
 .text.GPIO_PinAFConfig
                0x080011cc       0xa8 ..\obj\stm32f4xx_gpio.o
                0x080011cc                GPIO_PinAFConfig
 .text.FLASH_SetLatency
                0x08001274       0x20 ..\obj\stm32f4xx_flash.o
                0x08001274                FLASH_SetLatency
 .text.FLASH_PrefetchBufferCmd
                0x08001294       0x4c ..\obj\stm32f4xx_flash.o
                0x08001294                FLASH_PrefetchBufferCmd
 .text.NVIC_SetPriority
                0x080012e0       0x5c ..\obj\nvicMyConfiguration.o
 .text.nvic_config
                0x0800133c       0x2c ..\obj\nvicMyConfiguration.o
                0x0800133c                nvic_config
 .text.enableUSART1ReceiveINT
                0x08001368       0x40 ..\obj\nvicMyConfiguration.o
                0x08001368                enableUSART1ReceiveINT
 .text.enableEXTI0INT
                0x080013a8       0x6c ..\obj\nvicMyConfiguration.o
                0x080013a8                enableEXTI0INT
 .text.sysTick_Config_Mod
                0x08001414       0x78 ..\obj\nvicMyConfiguration.o
                0x08001414                sysTick_Config_Mod
 .text.SystemInit
                0x0800148c       0xb0 ..\obj\system_stm32f4xx.o
                0x0800148c                SystemInit
 .text.SetSysClock
                0x0800153c      0x188 ..\obj\system_stm32f4xx.o
 .text._sbrk    0x080016c4       0x5c ..\obj\syscalls.o
                0x080016c4                _sbrk
 .text._close   0x08001720       0x18 ..\obj\syscalls.o
                0x08001720                _close
 .text._lseek   0x08001738       0x1c ..\obj\syscalls.o
                0x08001738                _lseek
 .text._read    0x08001754       0x1c ..\obj\syscalls.o
                0x08001754                _read
 .text._write   0x08001770       0x1c ..\obj\syscalls.o
                0x08001770                _write
 .text.gpio_config
                0x0800178c       0x28 ..\obj\gpioMyConfiguration.o
                0x0800178c                gpio_config
 .text.configureGPIODiodes
                0x080017b4       0x48 ..\obj\gpioMyConfiguration.o
                0x080017b4                configureGPIODiodes
 .text.configureGPIOBT
                0x080017fc       0xec ..\obj\gpioMyConfiguration.o
                0x080017fc                configureGPIOBT
 .text.configureGPIOButton
                0x080018e8       0x38 ..\obj\gpioMyConfiguration.o
                0x080018e8                configureGPIOButton
 .text.rcc_config
                0x08001920       0x9c ..\obj\rccMyConfiguration.o
                0x08001920                rcc_config
 .text.enableClockSourcesForPeripherials
                0x080019bc       0x44 ..\obj\rccMyConfiguration.o
                0x080019bc                enableClockSourcesForPeripherials
 .text.I2C_Init
                0x08001a00      0x1ac ..\obj\stm32f4xx_i2c.o
                0x08001a00                I2C_Init
 .text.I2C_Cmd  0x08001bac       0x40 ..\obj\stm32f4xx_i2c.o
                0x08001bac                I2C_Cmd
 .text.I2C_GenerateSTART
                0x08001bec       0x40 ..\obj\stm32f4xx_i2c.o
                0x08001bec                I2C_GenerateSTART
 .text.I2C_GenerateSTOP
                0x08001c2c       0x40 ..\obj\stm32f4xx_i2c.o
                0x08001c2c                I2C_GenerateSTOP
 .text.I2C_Send7bitAddress
                0x08001c6c       0x3c ..\obj\stm32f4xx_i2c.o
                0x08001c6c                I2C_Send7bitAddress
 .text.I2C_AcknowledgeConfig
                0x08001ca8       0x40 ..\obj\stm32f4xx_i2c.o
                0x08001ca8                I2C_AcknowledgeConfig
 .text.I2C_SendData
                0x08001ce8       0x20 ..\obj\stm32f4xx_i2c.o
                0x08001ce8                I2C_SendData
 .text.I2C_ReceiveData
                0x08001d08       0x1c ..\obj\stm32f4xx_i2c.o
                0x08001d08                I2C_ReceiveData
 .text.I2C_CheckEvent
                0x08001d24       0x70 ..\obj\stm32f4xx_i2c.o
                0x08001d24                I2C_CheckEvent
 .text.I2C_GetFlagStatus
                0x08001d94       0x78 ..\obj\stm32f4xx_i2c.o
                0x08001d94                I2C_GetFlagStatus
 .text.EXTI_Init
                0x08001e0c      0x138 ..\obj\stm32f4xx_exti.o
                0x08001e0c                EXTI_Init
 .text.EXTI_GetITStatus
                0x08001f44       0x58 ..\obj\stm32f4xx_exti.o
                0x08001f44                EXTI_GetITStatus
 .text.EXTI_ClearITPendingBit
                0x08001f9c       0x20 ..\obj\stm32f4xx_exti.o
                0x08001f9c                EXTI_ClearITPendingBit
 .text.NVIC_PriorityGroupConfig
                0x08001fbc       0x28 ..\obj\misc.o
                0x08001fbc                NVIC_PriorityGroupConfig
 .text.NVIC_Init
                0x08001fe4       0xe4 ..\obj\misc.o
                0x08001fe4                NVIC_Init
 .text.NVIC_SetVectorTable
                0x080020c8       0x2c ..\obj\misc.o
                0x080020c8                NVIC_SetVectorTable
 .text.MPU6050_Initialize
                0x080020f4       0x28 ..\obj\MPU6050.o
                0x080020f4                MPU6050_Initialize
 .text.MPU6050_TestConnection
                0x0800211c       0x1c ..\obj\MPU6050.o
                0x0800211c                MPU6050_TestConnection
 .text.MPU6050_GetDeviceID
                0x08002138       0x34 ..\obj\MPU6050.o
                0x08002138                MPU6050_GetDeviceID
 .text.MPU6050_SetClockSource
                0x0800216c       0x2c ..\obj\MPU6050.o
                0x0800216c                MPU6050_SetClockSource
 .text.MPU6050_SetFullScaleGyroRange
                0x08002198       0x2c ..\obj\MPU6050.o
                0x08002198                MPU6050_SetFullScaleGyroRange
 .text.MPU6050_SetFullScaleAccelRange
                0x080021c4       0x2c ..\obj\MPU6050.o
                0x080021c4                MPU6050_SetFullScaleAccelRange
 .text.MPU6050_SetSleepModeStatus
                0x080021f0       0x24 ..\obj\MPU6050.o
                0x080021f0                MPU6050_SetSleepModeStatus
 .text.MPU6050_GetRawAccelGyro
                0x08002214       0xd4 ..\obj\MPU6050.o
                0x08002214                MPU6050_GetRawAccelGyro
 .text.MPU6050_WriteBits
                0x080022e8       0x94 ..\obj\MPU6050.o
                0x080022e8                MPU6050_WriteBits
 .text.MPU6050_WriteBit
                0x0800237c       0x7c ..\obj\MPU6050.o
                0x0800237c                MPU6050_WriteBit
 .text.MPU6050_ReadBits
                0x080023f8       0x70 ..\obj\MPU6050.o
                0x080023f8                MPU6050_ReadBits
 .text.MPU6050_I2C_Init
                0x08002468       0xbc ..\obj\MPU6050.o
                0x08002468                MPU6050_I2C_Init
 .text.MPU6050_I2C_ByteWrite
                0x08002524       0xe0 ..\obj\MPU6050.o
                0x08002524                MPU6050_I2C_ByteWrite
 .text.MPU6050_I2C_BufferRead
                0x08002604      0x1a0 ..\obj\MPU6050.o
                0x08002604                MPU6050_I2C_BufferRead
 .text.atan2f   0x080027a4        0x4 c:/program files (x86)/gnu tools arm embedded/4.7 2013q1/bin/../lib/gcc/arm-none-eabi/4.7.3/../../../../arm-none-eabi/lib/armv7e-m\libm.a(lib_a-wf_atan2.o)
                0x080027a4                atan2f
 .text.__ieee754_atan2f
                0x080027a8      0x14c c:/program files (x86)/gnu tools arm embedded/4.7 2013q1/bin/../lib/gcc/arm-none-eabi/4.7.3/../../../../arm-none-eabi/lib/armv7e-m\libm.a(lib_a-ef_atan2.o)
                0x080027a8                __ieee754_atan2f
 .text.atanf    0x080028f4      0x258 c:/program files (x86)/gnu tools arm embedded/4.7 2013q1/bin/../lib/gcc/arm-none-eabi/4.7.3/../../../../arm-none-eabi/lib/armv7e-m\libm.a(lib_a-sf_atan.o)
                0x080028f4                atanf
 .text.fabsf    0x08002b4c        0x8 c:/program files (x86)/gnu tools arm embedded/4.7 2013q1/bin/../lib/gcc/arm-none-eabi/4.7.3/../../../../arm-none-eabi/lib/armv7e-m\libm.a(lib_a-sf_fabs.o)
                0x08002b4c                fabsf
 .text          0x08002b54      0x21c c:/program files (x86)/gnu tools arm embedded/4.7 2013q1/bin/../lib/gcc/arm-none-eabi/4.7.3/armv7e-m\libgcc.a(_arm_addsubsf3.o)
                0x08002b54                __aeabi_frsub
                0x08002b5c                __subsf3
                0x08002b5c                __aeabi_fsub
                0x08002b60                __aeabi_fadd
                0x08002b60                __addsf3
                0x08002cc0                __aeabi_ui2f
                0x08002cc0                __floatunsisf
                0x08002cc8                __aeabi_i2f
                0x08002cc8                __floatsisf
                0x08002ce4                __aeabi_ul2f
                0x08002ce4                __floatundisf
                0x08002cf4                __aeabi_l2f
                0x08002cf4                __floatdisf
 .text          0x08002d70      0x2a0 c:/program files (x86)/gnu tools arm embedded/4.7 2013q1/bin/../lib/gcc/arm-none-eabi/4.7.3/armv7e-m\libgcc.a(_arm_muldivsf3.o)
                0x08002d70                __mulsf3
                0x08002d70                __aeabi_fmul
                0x08002ed8                __aeabi_fdiv
                0x08002ed8                __divsf3
 .text          0x08003010       0xec c:/program files (x86)/gnu tools arm embedded/4.7 2013q1/bin/../lib/gcc/arm-none-eabi/4.7.3/armv7e-m\libgcc.a(_arm_cmpsf2.o)
                0x08003010                __gesf2
                0x08003010                __gtsf2
                0x08003018                __lesf2
                0x08003018                __ltsf2
                0x08003020                __nesf2
                0x08003020                __eqsf2
                0x08003020                __cmpsf2
                0x08003080                __aeabi_cfrcmple
                0x08003088                __aeabi_cfcmpeq
                0x08003088                __aeabi_cfcmple
                0x08003098                __aeabi_fcmpeq
                0x080030ac                __aeabi_fcmplt
                0x080030c0                __aeabi_fcmple
                0x080030d4                __aeabi_fcmpge
                0x080030e8                __aeabi_fcmpgt
 .text.setvbuf  0x080030fc      0x110 c:/program files (x86)/gnu tools arm embedded/4.7 2013q1/bin/../lib/gcc/arm-none-eabi/4.7.3/../../../../arm-none-eabi/lib/armv7e-m\libc.a(lib_a-setvbuf.o)
                0x080030fc                setvbuf
 .text._fflush_r
                0x0800320c      0x168 c:/program files (x86)/gnu tools arm embedded/4.7 2013q1/bin/../lib/gcc/arm-none-eabi/4.7.3/../../../../arm-none-eabi/lib/armv7e-m\libc.a(lib_a-fflush.o)
                0x0800320c                _fflush_r
 .text._cleanup_r
                0x08003374        0xc c:/program files (x86)/gnu tools arm embedded/4.7 2013q1/bin/../lib/gcc/arm-none-eabi/4.7.3/../../../../arm-none-eabi/lib/armv7e-m\libc.a(lib_a-findfp.o)
                0x08003374                _cleanup_r
 .text.std.isra.0
                0x08003380       0x50 c:/program files (x86)/gnu tools arm embedded/4.7 2013q1/bin/../lib/gcc/arm-none-eabi/4.7.3/../../../../arm-none-eabi/lib/armv7e-m\libc.a(lib_a-findfp.o)
 .text.__sinit  0x080033d0       0x4c c:/program files (x86)/gnu tools arm embedded/4.7 2013q1/bin/../lib/gcc/arm-none-eabi/4.7.3/../../../../arm-none-eabi/lib/armv7e-m\libc.a(lib_a-findfp.o)
                0x080033d0                __sinit
 .text.__sfp_lock_acquire
                0x0800341c        0x4 c:/program files (x86)/gnu tools arm embedded/4.7 2013q1/bin/../lib/gcc/arm-none-eabi/4.7.3/../../../../arm-none-eabi/lib/armv7e-m\libc.a(lib_a-findfp.o)
                0x0800341c                __sfp_lock_acquire
 .text.__sfp_lock_release
                0x08003420        0x4 c:/program files (x86)/gnu tools arm embedded/4.7 2013q1/bin/../lib/gcc/arm-none-eabi/4.7.3/../../../../arm-none-eabi/lib/armv7e-m\libc.a(lib_a-findfp.o)
                0x08003420                __sfp_lock_release
 .text._malloc_trim_r
                0x08003424       0x98 c:/program files (x86)/gnu tools arm embedded/4.7 2013q1/bin/../lib/gcc/arm-none-eabi/4.7.3/../../../../arm-none-eabi/lib/armv7e-m\libc.a(lib_a-freer.o)
                0x08003424                _malloc_trim_r
 .text._free_r  0x080034bc      0x194 c:/program files (x86)/gnu tools arm embedded/4.7 2013q1/bin/../lib/gcc/arm-none-eabi/4.7.3/../../../../arm-none-eabi/lib/armv7e-m\libc.a(lib_a-freer.o)
                0x080034bc                _free_r
 .text._fwalk   0x08003650       0xb8 c:/program files (x86)/gnu tools arm embedded/4.7 2013q1/bin/../lib/gcc/arm-none-eabi/4.7.3/../../../../arm-none-eabi/lib/armv7e-m\libc.a(lib_a-fwalk.o)
                0x08003650                _fwalk
 .text.malloc   0x08003708       0x10 c:/program files (x86)/gnu tools arm embedded/4.7 2013q1/bin/../lib/gcc/arm-none-eabi/4.7.3/../../../../arm-none-eabi/lib/armv7e-m\libc.a(lib_a-malloc.o)
                0x08003708                malloc
 .text._malloc_r
                0x08003718      0x55c c:/program files (x86)/gnu tools arm embedded/4.7 2013q1/bin/../lib/gcc/arm-none-eabi/4.7.3/../../../../arm-none-eabi/lib/armv7e-m\libc.a(lib_a-mallocr.o)
                0x08003718                _malloc_r
 .text.memset   0x08003c74      0x12c c:/program files (x86)/gnu tools arm embedded/4.7 2013q1/bin/../lib/gcc/arm-none-eabi/4.7.3/../../../../arm-none-eabi/lib/armv7e-m\libc.a(lib_a-memset.o)
                0x08003c74                memset
 .text.__malloc_lock
                0x08003da0        0x4 c:/program files (x86)/gnu tools arm embedded/4.7 2013q1/bin/../lib/gcc/arm-none-eabi/4.7.3/../../../../arm-none-eabi/lib/armv7e-m\libc.a(lib_a-mlock.o)
                0x08003da0                __malloc_lock
 .text.__malloc_unlock
                0x08003da4        0x4 c:/program files (x86)/gnu tools arm embedded/4.7 2013q1/bin/../lib/gcc/arm-none-eabi/4.7.3/../../../../arm-none-eabi/lib/armv7e-m\libc.a(lib_a-mlock.o)
                0x08003da4                __malloc_unlock
 .text._sbrk_r  0x08003da8       0x24 c:/program files (x86)/gnu tools arm embedded/4.7 2013q1/bin/../lib/gcc/arm-none-eabi/4.7.3/../../../../arm-none-eabi/lib/armv7e-m\libc.a(lib_a-sbrkr.o)
                0x08003da8                _sbrk_r
 .text.__sread  0x08003dcc       0x24 c:/program files (x86)/gnu tools arm embedded/4.7 2013q1/bin/../lib/gcc/arm-none-eabi/4.7.3/../../../../arm-none-eabi/lib/armv7e-m\libc.a(lib_a-stdio.o)
                0x08003dcc                __sread
 .text.__swrite
                0x08003df0       0x44 c:/program files (x86)/gnu tools arm embedded/4.7 2013q1/bin/../lib/gcc/arm-none-eabi/4.7.3/../../../../arm-none-eabi/lib/armv7e-m\libc.a(lib_a-stdio.o)
                0x08003df0                __swrite
 .text.__sseek  0x08003e34       0x24 c:/program files (x86)/gnu tools arm embedded/4.7 2013q1/bin/../lib/gcc/arm-none-eabi/4.7.3/../../../../arm-none-eabi/lib/armv7e-m\libc.a(lib_a-stdio.o)
                0x08003e34                __sseek
 .text.__sclose
                0x08003e58        0x8 c:/program files (x86)/gnu tools arm embedded/4.7 2013q1/bin/../lib/gcc/arm-none-eabi/4.7.3/../../../../arm-none-eabi/lib/armv7e-m\libc.a(lib_a-stdio.o)
                0x08003e58                __sclose
 .text._write_r
                0x08003e60       0x28 c:/program files (x86)/gnu tools arm embedded/4.7 2013q1/bin/../lib/gcc/arm-none-eabi/4.7.3/../../../../arm-none-eabi/lib/armv7e-m\libc.a(lib_a-writer.o)
                0x08003e60                _write_r
 .text._close_r
                0x08003e88       0x24 c:/program files (x86)/gnu tools arm embedded/4.7 2013q1/bin/../lib/gcc/arm-none-eabi/4.7.3/../../../../arm-none-eabi/lib/armv7e-m\libc.a(lib_a-closer.o)
                0x08003e88                _close_r
 .text._fclose_r
                0x08003eac       0x94 c:/program files (x86)/gnu tools arm embedded/4.7 2013q1/bin/../lib/gcc/arm-none-eabi/4.7.3/../../../../arm-none-eabi/lib/armv7e-m\libc.a(lib_a-fclose.o)
                0x08003eac                _fclose_r
 .text.fclose   0x08003f40       0x10 c:/program files (x86)/gnu tools arm embedded/4.7 2013q1/bin/../lib/gcc/arm-none-eabi/4.7.3/../../../../arm-none-eabi/lib/armv7e-m\libc.a(lib_a-fclose.o)
                0x08003f40                fclose
 .text._lseek_r
                0x08003f50       0x28 c:/program files (x86)/gnu tools arm embedded/4.7 2013q1/bin/../lib/gcc/arm-none-eabi/4.7.3/../../../../arm-none-eabi/lib/armv7e-m\libc.a(lib_a-lseekr.o)
                0x08003f50                _lseek_r
 .text._read_r  0x08003f78       0x28 c:/program files (x86)/gnu tools arm embedded/4.7 2013q1/bin/../lib/gcc/arm-none-eabi/4.7.3/../../../../arm-none-eabi/lib/armv7e-m\libc.a(lib_a-readr.o)
                0x08003f78                _read_r
 *(.glue_7t)
 .glue_7t       0x00000000        0x0 linker stubs
 *(.glue_7)
 .glue_7        0x00000000        0x0 linker stubs
 *(.rodata .rodata* .gnu.linkonce.r.*)
 .rodata        0x08003fa0       0x74 ..\obj\main.o
 .rodata        0x08004014        0x8 ..\obj\stm32f4xx_it.o
 .rodata.atanlo
                0x0800401c       0x10 c:/program files (x86)/gnu tools arm embedded/4.7 2013q1/bin/../lib/gcc/arm-none-eabi/4.7.3/../../../../arm-none-eabi/lib/armv7e-m\libm.a(lib_a-sf_atan.o)
 .rodata.atanhi
                0x0800402c       0x10 c:/program files (x86)/gnu tools arm embedded/4.7 2013q1/bin/../lib/gcc/arm-none-eabi/4.7.3/../../../../arm-none-eabi/lib/armv7e-m\libm.a(lib_a-sf_atan.o)
 .rodata.str1.4
                0x0800403c        0x4 c:/program files (x86)/gnu tools arm embedded/4.7 2013q1/bin/../lib/gcc/arm-none-eabi/4.7.3/../../../../arm-none-eabi/lib/armv7e-m\libc.a(lib_a-impure.o)

.vfp11_veneer   0x08004040        0x0
 .vfp11_veneer  0x00000000        0x0 linker stubs

.v4_bx          0x08004040        0x0
 .v4_bx         0x00000000        0x0 linker stubs

.iplt           0x08004040        0x0
 .iplt          0x00000000        0x0 ..\obj\stm32f4xx_syscfg.o

.rel.dyn        0x08004040        0x0
 .rel.iplt      0x00000000        0x0 ..\obj\stm32f4xx_syscfg.o

.ARM.extab
 *(.ARM.extab* .gnu.linkonce.armextab.*)
                0x08004040                __exidx_start = .

.ARM.exidx
 *(.ARM.exidx* .gnu.linkonce.armexidx.*)
                0x08004040                __exidx_end = .
                0x08004040                . = ALIGN (0x4)
                0x08004040                _etext = .
                0x08004040                _sidata = .

.data           0x20000000      0x864 load address 0x08004040
                0x20000000                _sdata = .
 *(.data .data.*)
 .data          0x20000000       0x10 ..\obj\stm32f4xx_rcc.o
 .data          0x20000010       0x18 ..\obj\stm32f4xx_it.o
                0x20000010                received_string
 .data.impure_data
                0x20000028      0x428 c:/program files (x86)/gnu tools arm embedded/4.7 2013q1/bin/../lib/gcc/arm-none-eabi/4.7.3/../../../../arm-none-eabi/lib/armv7e-m\libc.a(lib_a-impure.o)
 .data._impure_ptr
                0x20000450        0x4 c:/program files (x86)/gnu tools arm embedded/4.7 2013q1/bin/../lib/gcc/arm-none-eabi/4.7.3/../../../../arm-none-eabi/lib/armv7e-m\libc.a(lib_a-impure.o)
                0x20000450                _impure_ptr
 .data.__malloc_av_
                0x20000454      0x408 c:/program files (x86)/gnu tools arm embedded/4.7 2013q1/bin/../lib/gcc/arm-none-eabi/4.7.3/../../../../arm-none-eabi/lib/armv7e-m\libc.a(lib_a-mallocr.o)
                0x20000454                __malloc_av_
 .data.__malloc_trim_threshold
                0x2000085c        0x4 c:/program files (x86)/gnu tools arm embedded/4.7 2013q1/bin/../lib/gcc/arm-none-eabi/4.7.3/../../../../arm-none-eabi/lib/armv7e-m\libc.a(lib_a-mallocr.o)
                0x2000085c                __malloc_trim_threshold
 .data.__malloc_sbrk_base
                0x20000860        0x4 c:/program files (x86)/gnu tools arm embedded/4.7 2013q1/bin/../lib/gcc/arm-none-eabi/4.7.3/../../../../arm-none-eabi/lib/armv7e-m\libc.a(lib_a-mallocr.o)
                0x20000860                __malloc_sbrk_base
                0x20000864                . = ALIGN (0x4)
                0x20000864                _edata = .

.igot.plt       0x20000864        0x0 load address 0x080048a4
 .igot.plt      0x00000000        0x0 ..\obj\stm32f4xx_syscfg.o

.bss            0x20000864       0x40 load address 0x080048a4
                0x20000864                _sbss = .
 *(.bss .bss.*)
 .bss           0x20000864        0x1 ..\obj\stm32f4xx_it.o
 *fill*         0x20000865        0x3 00
 .bss           0x20000868        0x4 ..\obj\syscalls.o
 .bss.__malloc_max_total_mem
                0x2000086c        0x4 c:/program files (x86)/gnu tools arm embedded/4.7 2013q1/bin/../lib/gcc/arm-none-eabi/4.7.3/../../../../arm-none-eabi/lib/armv7e-m\libc.a(lib_a-mallocr.o)
                0x2000086c                __malloc_max_total_mem
 .bss.__malloc_max_sbrked_mem
                0x20000870        0x4 c:/program files (x86)/gnu tools arm embedded/4.7 2013q1/bin/../lib/gcc/arm-none-eabi/4.7.3/../../../../arm-none-eabi/lib/armv7e-m\libc.a(lib_a-mallocr.o)
                0x20000870                __malloc_max_sbrked_mem
 .bss.__malloc_top_pad
                0x20000874        0x4 c:/program files (x86)/gnu tools arm embedded/4.7 2013q1/bin/../lib/gcc/arm-none-eabi/4.7.3/../../../../arm-none-eabi/lib/armv7e-m\libc.a(lib_a-mallocr.o)
                0x20000874                __malloc_top_pad
 .bss.__malloc_current_mallinfo
                0x20000878       0x28 c:/program files (x86)/gnu tools arm embedded/4.7 2013q1/bin/../lib/gcc/arm-none-eabi/4.7.3/../../../../arm-none-eabi/lib/armv7e-m\libc.a(lib_a-mallocr.o)
                0x20000878                __malloc_current_mallinfo
 *(COMMON)
 COMMON         0x200008a0        0x4 c:/program files (x86)/gnu tools arm embedded/4.7 2013q1/bin/../lib/gcc/arm-none-eabi/4.7.3/../../../../arm-none-eabi/lib/armv7e-m\libc.a(lib_a-reent.o)
                0x200008a0                errno
                0x200008a4                . = ALIGN (0x4)
                0x200008a4                _ebss = .

.co_stack       0x200008a4      0x804 load address 0x080048e4
                0x200008a8                . = ALIGN (0x8)
 *fill*         0x200008a4        0x4 00
 *(.co_stack .co_stack.*)
 .co_stack      0x200008a8      0x800 ..\obj\startup_stm32f4xx.o
                0x200008a8                pulStack
                0x200010a8                . = ALIGN (0x4)
                0x200010a8                _end = .
LOAD ..\obj\stm32f4xx_syscfg.o
LOAD ..\obj\usartMyFunctions.o
LOAD ..\obj\stm32f4xx_usart.o
LOAD ..\obj\startup_stm32f4xx.o
LOAD ..\obj\main.o
LOAD ..\obj\stm32f4xx_rcc.o
LOAD ..\obj\stm32f4xx_it.o
LOAD ..\obj\usartMyConfiguration.o
LOAD ..\obj\stm32f4xx_gpio.o
LOAD ..\obj\stm32f4xx_flash.o
LOAD ..\obj\nvicMyConfiguration.o
LOAD ..\obj\system_stm32f4xx.o
LOAD ..\obj\syscalls.o
LOAD ..\obj\gpioMyConfiguration.o
LOAD ..\obj\rccMyConfiguration.o
LOAD ..\obj\stm32f4xx_i2c.o
LOAD ..\obj\stm32f4xx_exti.o
LOAD ..\obj\misc.o
LOAD ..\obj\MPU6050.o
LOAD c:/program files (x86)/gnu tools arm embedded/4.7 2013q1/bin/../lib/gcc/arm-none-eabi/4.7.3/../../../../arm-none-eabi/lib/armv7e-m\libm.a
LOAD c:/program files (x86)/gnu tools arm embedded/4.7 2013q1/bin/../lib/gcc/arm-none-eabi/4.7.3/armv7e-m\libgcc.a
LOAD c:/program files (x86)/gnu tools arm embedded/4.7 2013q1/bin/../lib/gcc/arm-none-eabi/4.7.3/../../../../arm-none-eabi/lib/armv7e-m\libc.a
START GROUP
LOAD c:/program files (x86)/gnu tools arm embedded/4.7 2013q1/bin/../lib/gcc/arm-none-eabi/4.7.3/armv7e-m\libgcc.a
LOAD c:/program files (x86)/gnu tools arm embedded/4.7 2013q1/bin/../lib/gcc/arm-none-eabi/4.7.3/../../../../arm-none-eabi/lib/armv7e-m\libg.a
LOAD c:/program files (x86)/gnu tools arm embedded/4.7 2013q1/bin/../lib/gcc/arm-none-eabi/4.7.3/../../../../arm-none-eabi/lib/armv7e-m\libc.a
END GROUP
OUTPUT(wzorzec_Flash.elf elf32-littlearm)

.debug_info     0x00000000     0x70e1
 .debug_info    0x00000000      0x279 ..\obj\stm32f4xx_syscfg.o
 .debug_info    0x00000279      0x1d4 ..\obj\usartMyFunctions.o
 .debug_info    0x0000044d      0xa65 ..\obj\stm32f4xx_usart.o
 .debug_info    0x00000eb2      0x11a ..\obj\startup_stm32f4xx.o
 .debug_info    0x00000fcc      0xafa ..\obj\main.o
 .debug_info    0x00001ac6      0xd49 ..\obj\stm32f4xx_rcc.o
 .debug_info    0x0000280f      0x438 ..\obj\stm32f4xx_it.o
 .debug_info    0x00002c47      0x239 ..\obj\usartMyConfiguration.o
 .debug_info    0x00002e80      0x640 ..\obj\stm32f4xx_gpio.o
 .debug_info    0x000034c0      0x78c ..\obj\stm32f4xx_flash.o
 .debug_info    0x00003c4c      0x86c ..\obj\nvicMyConfiguration.o
 .debug_info    0x000044b8      0x5f5 ..\obj\system_stm32f4xx.o
 .debug_info    0x00004aad      0x443 ..\obj\syscalls.o
 .debug_info    0x00004ef0      0x32d ..\obj\gpioMyConfiguration.o
 .debug_info    0x0000521d      0x133 ..\obj\rccMyConfiguration.o
 .debug_info    0x00005350      0xbab ..\obj\stm32f4xx_i2c.o
 .debug_info    0x00005efb      0x373 ..\obj\stm32f4xx_exti.o
 .debug_info    0x0000626e      0x592 ..\obj\misc.o
 .debug_info    0x00006800      0x8e1 ..\obj\MPU6050.o

.debug_abbrev   0x00000000     0x189a
 .debug_abbrev  0x00000000      0x133 ..\obj\stm32f4xx_syscfg.o
 .debug_abbrev  0x00000133       0xc8 ..\obj\usartMyFunctions.o
 .debug_abbrev  0x000001fb      0x157 ..\obj\stm32f4xx_usart.o
 .debug_abbrev  0x00000352       0xd3 ..\obj\startup_stm32f4xx.o
 .debug_abbrev  0x00000425      0x1c1 ..\obj\main.o
 .debug_abbrev  0x000005e6      0x1e5 ..\obj\stm32f4xx_rcc.o
 .debug_abbrev  0x000007cb      0x12b ..\obj\stm32f4xx_it.o
 .debug_abbrev  0x000008f6       0xe2 ..\obj\usartMyConfiguration.o
 .debug_abbrev  0x000009d8      0x1a5 ..\obj\stm32f4xx_gpio.o
 .debug_abbrev  0x00000b7d      0x1b0 ..\obj\stm32f4xx_flash.o
 .debug_abbrev  0x00000d2d      0x16c ..\obj\nvicMyConfiguration.o
 .debug_abbrev  0x00000e99      0x138 ..\obj\system_stm32f4xx.o
 .debug_abbrev  0x00000fd1       0xe4 ..\obj\syscalls.o
 .debug_abbrev  0x000010b5      0x10c ..\obj\gpioMyConfiguration.o
 .debug_abbrev  0x000011c1       0xba ..\obj\rccMyConfiguration.o
 .debug_abbrev  0x0000127b      0x166 ..\obj\stm32f4xx_i2c.o
 .debug_abbrev  0x000013e1      0x1a7 ..\obj\stm32f4xx_exti.o
 .debug_abbrev  0x00001588      0x129 ..\obj\misc.o
 .debug_abbrev  0x000016b1      0x1e9 ..\obj\MPU6050.o

.debug_loc      0x00000000     0x3014
 .debug_loc     0x00000000      0x144 ..\obj\stm32f4xx_syscfg.o
 .debug_loc     0x00000144       0x38 ..\obj\usartMyFunctions.o
 .debug_loc     0x0000017c      0x658 ..\obj\stm32f4xx_usart.o
 .debug_loc     0x000007d4       0x64 ..\obj\startup_stm32f4xx.o
 .debug_loc     0x00000838       0x38 ..\obj\main.o
 .debug_loc     0x00000870      0x97c ..\obj\stm32f4xx_rcc.o
 .debug_loc     0x000011ec      0x1fc ..\obj\stm32f4xx_it.o
 .debug_loc     0x000013e8       0x38 ..\obj\usartMyConfiguration.o
 .debug_loc     0x00001420      0x310 ..\obj\stm32f4xx_gpio.o
 .debug_loc     0x00001730      0x624 ..\obj\stm32f4xx_flash.o
 .debug_loc     0x00001d54      0x118 ..\obj\nvicMyConfiguration.o
 .debug_loc     0x00001e6c       0x9c ..\obj\system_stm32f4xx.o
 .debug_loc     0x00001f08      0x1ec ..\obj\syscalls.o
 .debug_loc     0x000020f4       0xe0 ..\obj\gpioMyConfiguration.o
 .debug_loc     0x000021d4       0x64 ..\obj\rccMyConfiguration.o
 .debug_loc     0x00002238      0x738 ..\obj\stm32f4xx_i2c.o
 .debug_loc     0x00002970      0x1b4 ..\obj\stm32f4xx_exti.o
 .debug_loc     0x00002b24      0x118 ..\obj\misc.o
 .debug_loc     0x00002c3c      0x3d8 ..\obj\MPU6050.o

.debug_aranges  0x00000000      0x8d8
 .debug_aranges
                0x00000000       0x48 ..\obj\stm32f4xx_syscfg.o
 .debug_aranges
                0x00000048       0x20 ..\obj\usartMyFunctions.o
 .debug_aranges
                0x00000068      0x100 ..\obj\stm32f4xx_usart.o
 .debug_aranges
                0x00000168       0x28 ..\obj\startup_stm32f4xx.o
 .debug_aranges
                0x00000190       0x20 ..\obj\main.o
 .debug_aranges
                0x000001b0      0x178 ..\obj\stm32f4xx_rcc.o
 .debug_aranges
                0x00000328       0x70 ..\obj\stm32f4xx_it.o
 .debug_aranges
                0x00000398       0x20 ..\obj\usartMyConfiguration.o
 .debug_aranges
                0x000003b8       0x88 ..\obj\stm32f4xx_gpio.o
 .debug_aranges
                0x00000440      0x108 ..\obj\stm32f4xx_flash.o
 .debug_aranges
                0x00000548       0x40 ..\obj\nvicMyConfiguration.o
 .debug_aranges
                0x00000588       0x30 ..\obj\system_stm32f4xx.o
 .debug_aranges
                0x000005b8       0x60 ..\obj\syscalls.o
 .debug_aranges
                0x00000618       0x38 ..\obj\gpioMyConfiguration.o
 .debug_aranges
                0x00000650       0x28 ..\obj\rccMyConfiguration.o
 .debug_aranges
                0x00000678      0x120 ..\obj\stm32f4xx_i2c.o
 .debug_aranges
                0x00000798       0x58 ..\obj\stm32f4xx_exti.o
 .debug_aranges
                0x000007f0       0x40 ..\obj\misc.o
 .debug_aranges
                0x00000830       0xa8 ..\obj\MPU6050.o

.debug_ranges   0x00000000      0x7a8
 .debug_ranges  0x00000000       0x38 ..\obj\stm32f4xx_syscfg.o
 .debug_ranges  0x00000038       0x10 ..\obj\usartMyFunctions.o
 .debug_ranges  0x00000048       0xf0 ..\obj\stm32f4xx_usart.o
 .debug_ranges  0x00000138       0x18 ..\obj\startup_stm32f4xx.o
 .debug_ranges  0x00000150       0x10 ..\obj\main.o
 .debug_ranges  0x00000160      0x168 ..\obj\stm32f4xx_rcc.o
 .debug_ranges  0x000002c8       0x60 ..\obj\stm32f4xx_it.o
 .debug_ranges  0x00000328       0x10 ..\obj\usartMyConfiguration.o
 .debug_ranges  0x00000338       0x78 ..\obj\stm32f4xx_gpio.o
 .debug_ranges  0x000003b0       0xf8 ..\obj\stm32f4xx_flash.o
 .debug_ranges  0x000004a8       0x30 ..\obj\nvicMyConfiguration.o
 .debug_ranges  0x000004d8       0x20 ..\obj\system_stm32f4xx.o
 .debug_ranges  0x000004f8       0x50 ..\obj\syscalls.o
 .debug_ranges  0x00000548       0x28 ..\obj\gpioMyConfiguration.o
 .debug_ranges  0x00000570       0x18 ..\obj\rccMyConfiguration.o
 .debug_ranges  0x00000588      0x110 ..\obj\stm32f4xx_i2c.o
 .debug_ranges  0x00000698       0x48 ..\obj\stm32f4xx_exti.o
 .debug_ranges  0x000006e0       0x30 ..\obj\misc.o
 .debug_ranges  0x00000710       0x98 ..\obj\MPU6050.o

.debug_line     0x00000000     0x3b74
 .debug_line    0x00000000      0x24e ..\obj\stm32f4xx_syscfg.o
 .debug_line    0x0000024e      0x1e8 ..\obj\usartMyFunctions.o
 .debug_line    0x00000436      0x4fb ..\obj\stm32f4xx_usart.o
 .debug_line    0x00000931       0xc4 ..\obj\startup_stm32f4xx.o
 .debug_line    0x000009f5      0x2fb ..\obj\main.o
 .debug_line    0x00000cf0      0x5f2 ..\obj\stm32f4xx_rcc.o
 .debug_line    0x000012e2      0x2c7 ..\obj\stm32f4xx_it.o
 .debug_line    0x000015a9      0x255 ..\obj\usartMyConfiguration.o
 .debug_line    0x000017fe      0x396 ..\obj\stm32f4xx_gpio.o
 .debug_line    0x00001b94      0x4e3 ..\obj\stm32f4xx_flash.o
 .debug_line    0x00002077      0x2c5 ..\obj\nvicMyConfiguration.o
 .debug_line    0x0000233c      0x1ff ..\obj\system_stm32f4xx.o
 .debug_line    0x0000253b      0x1c2 ..\obj\syscalls.o
 .debug_line    0x000026fd      0x29d ..\obj\gpioMyConfiguration.o
 .debug_line    0x0000299a      0x20e ..\obj\rccMyConfiguration.o
 .debug_line    0x00002ba8      0x584 ..\obj\stm32f4xx_i2c.o
 .debug_line    0x0000312c      0x2fc ..\obj\stm32f4xx_exti.o
 .debug_line    0x00003428      0x29c ..\obj\misc.o
 .debug_line    0x000036c4      0x4b0 ..\obj\MPU6050.o

.debug_str      0x00000000     0x3075
 .debug_str     0x00000000      0x276 ..\obj\stm32f4xx_syscfg.o
                                0x2c3 (size before relaxing)
 .debug_str     0x00000276       0xd4 ..\obj\usartMyFunctions.o
                                0x1c4 (size before relaxing)
 .debug_str     0x0000034a      0x497 ..\obj\stm32f4xx_usart.o
                                0x653 (size before relaxing)
 .debug_str     0x000007e1       0xdc ..\obj\startup_stm32f4xx.o
                                0x140 (size before relaxing)
 .debug_str     0x000008bd      0x474 ..\obj\main.o
                                0x60f (size before relaxing)
 .debug_str     0x00000d31      0x604 ..\obj\stm32f4xx_rcc.o
                                0x814 (size before relaxing)
 .debug_str     0x00001335      0x194 ..\obj\stm32f4xx_it.o
                                0x2fd (size before relaxing)
 .debug_str     0x000014c9       0x85 ..\obj\usartMyConfiguration.o
                                0x25d (size before relaxing)
 .debug_str     0x0000154e      0x30a ..\obj\stm32f4xx_gpio.o
                                0x467 (size before relaxing)
 .debug_str     0x00001858      0x3ea ..\obj\stm32f4xx_flash.o
                                0x54b (size before relaxing)
 .debug_str     0x00001c42      0x801 ..\obj\nvicMyConfiguration.o
                                0x95c (size before relaxing)
 .debug_str     0x00002443       0xbe ..\obj\system_stm32f4xx.o
                                0x36e (size before relaxing)
 .debug_str     0x00002501      0x16b ..\obj\syscalls.o
                                0x2e9 (size before relaxing)
 .debug_str     0x0000266c       0xd4 ..\obj\gpioMyConfiguration.o
                                0x35e (size before relaxing)
 .debug_str     0x00002740       0xa0 ..\obj\rccMyConfiguration.o
                                0x1cb (size before relaxing)
 .debug_str     0x000027e0      0x3f6 ..\obj\stm32f4xx_i2c.o
                                0x624 (size before relaxing)
 .debug_str     0x00002bd6      0x121 ..\obj\stm32f4xx_exti.o
                                0x332 (size before relaxing)
 .debug_str     0x00002cf7      0x122 ..\obj\misc.o
                                0x39d (size before relaxing)
 .debug_str     0x00002e19      0x25c ..\obj\MPU6050.o
                                0x62e (size before relaxing)

.comment        0x00000000       0x70
 .comment       0x00000000       0x70 ..\obj\stm32f4xx_syscfg.o
                                 0x71 (size before relaxing)
 .comment       0x00000000       0x71 ..\obj\usartMyFunctions.o
 .comment       0x00000000       0x71 ..\obj\stm32f4xx_usart.o
 .comment       0x00000000       0x71 ..\obj\startup_stm32f4xx.o
 .comment       0x00000000       0x71 ..\obj\main.o
 .comment       0x00000000       0x71 ..\obj\stm32f4xx_rcc.o
 .comment       0x00000000       0x71 ..\obj\stm32f4xx_it.o
 .comment       0x00000000       0x71 ..\obj\usartMyConfiguration.o
 .comment       0x00000000       0x71 ..\obj\stm32f4xx_gpio.o
 .comment       0x00000000       0x71 ..\obj\stm32f4xx_flash.o
 .comment       0x00000000       0x71 ..\obj\nvicMyConfiguration.o
 .comment       0x00000000       0x71 ..\obj\system_stm32f4xx.o
 .comment       0x00000000       0x71 ..\obj\syscalls.o
 .comment       0x00000000       0x71 ..\obj\gpioMyConfiguration.o
 .comment       0x00000000       0x71 ..\obj\rccMyConfiguration.o
 .comment       0x00000000       0x71 ..\obj\stm32f4xx_i2c.o
 .comment       0x00000000       0x71 ..\obj\stm32f4xx_exti.o
 .comment       0x00000000       0x71 ..\obj\misc.o
 .comment       0x00000000       0x71 ..\obj\MPU6050.o

.ARM.attributes
                0x00000000       0x39
 .ARM.attributes
                0x00000000       0x39 ..\obj\stm32f4xx_syscfg.o
 .ARM.attributes
                0x00000039       0x39 ..\obj\usartMyFunctions.o
 .ARM.attributes
                0x00000072       0x39 ..\obj\stm32f4xx_usart.o
 .ARM.attributes
                0x000000ab       0x39 ..\obj\startup_stm32f4xx.o
 .ARM.attributes
                0x000000e4       0x39 ..\obj\main.o
 .ARM.attributes
                0x0000011d       0x39 ..\obj\stm32f4xx_rcc.o
 .ARM.attributes
                0x00000156       0x39 ..\obj\stm32f4xx_it.o
 .ARM.attributes
                0x0000018f       0x39 ..\obj\usartMyConfiguration.o
 .ARM.attributes
                0x000001c8       0x39 ..\obj\stm32f4xx_gpio.o
 .ARM.attributes
                0x00000201       0x39 ..\obj\stm32f4xx_flash.o
 .ARM.attributes
                0x0000023a       0x39 ..\obj\nvicMyConfiguration.o
 .ARM.attributes
                0x00000273       0x39 ..\obj\system_stm32f4xx.o
 .ARM.attributes
                0x000002ac       0x39 ..\obj\syscalls.o
 .ARM.attributes
                0x000002e5       0x39 ..\obj\gpioMyConfiguration.o
 .ARM.attributes
                0x0000031e       0x39 ..\obj\rccMyConfiguration.o
 .ARM.attributes
                0x00000357       0x39 ..\obj\stm32f4xx_i2c.o
 .ARM.attributes
                0x00000390       0x39 ..\obj\stm32f4xx_exti.o
 .ARM.attributes
                0x000003c9       0x39 ..\obj\misc.o
 .ARM.attributes
                0x00000402       0x39 ..\obj\MPU6050.o
 .ARM.attributes
                0x0000043b       0x2e c:/program files (x86)/gnu tools arm embedded/4.7 2013q1/bin/../lib/gcc/arm-none-eabi/4.7.3/../../../../arm-none-eabi/lib/armv7e-m\libm.a(lib_a-wf_atan2.o)
 .ARM.attributes
                0x00000469       0x2e c:/program files (x86)/gnu tools arm embedded/4.7 2013q1/bin/../lib/gcc/arm-none-eabi/4.7.3/../../../../arm-none-eabi/lib/armv7e-m\libm.a(lib_a-ef_atan2.o)
 .ARM.attributes
                0x00000497       0x2e c:/program files (x86)/gnu tools arm embedded/4.7 2013q1/bin/../lib/gcc/arm-none-eabi/4.7.3/../../../../arm-none-eabi/lib/armv7e-m\libm.a(lib_a-sf_atan.o)
 .ARM.attributes
                0x000004c5       0x2e c:/program files (x86)/gnu tools arm embedded/4.7 2013q1/bin/../lib/gcc/arm-none-eabi/4.7.3/../../../../arm-none-eabi/lib/armv7e-m\libm.a(lib_a-sf_fabs.o)
 .ARM.attributes
                0x000004f3       0x1e c:/program files (x86)/gnu tools arm embedded/4.7 2013q1/bin/../lib/gcc/arm-none-eabi/4.7.3/armv7e-m\libgcc.a(_arm_addsubsf3.o)
 .ARM.attributes
                0x00000511       0x1e c:/program files (x86)/gnu tools arm embedded/4.7 2013q1/bin/../lib/gcc/arm-none-eabi/4.7.3/armv7e-m\libgcc.a(_arm_muldivsf3.o)
 .ARM.attributes
                0x0000052f       0x1e c:/program files (x86)/gnu tools arm embedded/4.7 2013q1/bin/../lib/gcc/arm-none-eabi/4.7.3/armv7e-m\libgcc.a(_arm_cmpsf2.o)
 .ARM.attributes
                0x0000054d       0x2e c:/program files (x86)/gnu tools arm embedded/4.7 2013q1/bin/../lib/gcc/arm-none-eabi/4.7.3/../../../../arm-none-eabi/lib/armv7e-m\libc.a(lib_a-impure.o)
 .ARM.attributes
                0x0000057b       0x2e c:/program files (x86)/gnu tools arm embedded/4.7 2013q1/bin/../lib/gcc/arm-none-eabi/4.7.3/../../../../arm-none-eabi/lib/armv7e-m\libc.a(lib_a-setvbuf.o)
 .ARM.attributes
                0x000005a9       0x2e c:/program files (x86)/gnu tools arm embedded/4.7 2013q1/bin/../lib/gcc/arm-none-eabi/4.7.3/../../../../arm-none-eabi/lib/armv7e-m\libc.a(lib_a-fflush.o)
 .ARM.attributes
                0x000005d7       0x2e c:/program files (x86)/gnu tools arm embedded/4.7 2013q1/bin/../lib/gcc/arm-none-eabi/4.7.3/../../../../arm-none-eabi/lib/armv7e-m\libc.a(lib_a-findfp.o)
 .ARM.attributes
                0x00000605       0x2e c:/program files (x86)/gnu tools arm embedded/4.7 2013q1/bin/../lib/gcc/arm-none-eabi/4.7.3/../../../../arm-none-eabi/lib/armv7e-m\libc.a(lib_a-freer.o)
 .ARM.attributes
                0x00000633       0x2e c:/program files (x86)/gnu tools arm embedded/4.7 2013q1/bin/../lib/gcc/arm-none-eabi/4.7.3/../../../../arm-none-eabi/lib/armv7e-m\libc.a(lib_a-fwalk.o)
 .ARM.attributes
                0x00000661       0x2e c:/program files (x86)/gnu tools arm embedded/4.7 2013q1/bin/../lib/gcc/arm-none-eabi/4.7.3/../../../../arm-none-eabi/lib/armv7e-m\libc.a(lib_a-malloc.o)
 .ARM.attributes
                0x0000068f       0x2e c:/program files (x86)/gnu tools arm embedded/4.7 2013q1/bin/../lib/gcc/arm-none-eabi/4.7.3/../../../../arm-none-eabi/lib/armv7e-m\libc.a(lib_a-mallocr.o)
 .ARM.attributes
                0x000006bd       0x2e c:/program files (x86)/gnu tools arm embedded/4.7 2013q1/bin/../lib/gcc/arm-none-eabi/4.7.3/../../../../arm-none-eabi/lib/armv7e-m\libc.a(lib_a-memset.o)
 .ARM.attributes
                0x000006eb       0x2e c:/program files (x86)/gnu tools arm embedded/4.7 2013q1/bin/../lib/gcc/arm-none-eabi/4.7.3/../../../../arm-none-eabi/lib/armv7e-m\libc.a(lib_a-mlock.o)
 .ARM.attributes
                0x00000719       0x2e c:/program files (x86)/gnu tools arm embedded/4.7 2013q1/bin/../lib/gcc/arm-none-eabi/4.7.3/../../../../arm-none-eabi/lib/armv7e-m\libc.a(lib_a-sbrkr.o)
 .ARM.attributes
                0x00000747       0x2e c:/program files (x86)/gnu tools arm embedded/4.7 2013q1/bin/../lib/gcc/arm-none-eabi/4.7.3/../../../../arm-none-eabi/lib/armv7e-m\libc.a(lib_a-stdio.o)
 .ARM.attributes
                0x00000775       0x2e c:/program files (x86)/gnu tools arm embedded/4.7 2013q1/bin/../lib/gcc/arm-none-eabi/4.7.3/../../../../arm-none-eabi/lib/armv7e-m\libc.a(lib_a-writer.o)
 .ARM.attributes
                0x000007a3       0x2e c:/program files (x86)/gnu tools arm embedded/4.7 2013q1/bin/../lib/gcc/arm-none-eabi/4.7.3/../../../../arm-none-eabi/lib/armv7e-m\libc.a(lib_a-closer.o)
 .ARM.attributes
                0x000007d1       0x2e c:/program files (x86)/gnu tools arm embedded/4.7 2013q1/bin/../lib/gcc/arm-none-eabi/4.7.3/../../../../arm-none-eabi/lib/armv7e-m\libc.a(lib_a-fclose.o)
 .ARM.attributes
                0x000007ff       0x2e c:/program files (x86)/gnu tools arm embedded/4.7 2013q1/bin/../lib/gcc/arm-none-eabi/4.7.3/../../../../arm-none-eabi/lib/armv7e-m\libc.a(lib_a-lseekr.o)
 .ARM.attributes
                0x0000082d       0x2e c:/program files (x86)/gnu tools arm embedded/4.7 2013q1/bin/../lib/gcc/arm-none-eabi/4.7.3/../../../../arm-none-eabi/lib/armv7e-m\libc.a(lib_a-readr.o)
 .ARM.attributes
                0x0000085b       0x2e c:/program files (x86)/gnu tools arm embedded/4.7 2013q1/bin/../lib/gcc/arm-none-eabi/4.7.3/../../../../arm-none-eabi/lib/armv7e-m\libc.a(lib_a-reent.o)

.debug_frame    0x00000000     0x1ff0
 .debug_frame   0x00000000       0xbc ..\obj\stm32f4xx_syscfg.o
 .debug_frame   0x000000bc       0x30 ..\obj\usartMyFunctions.o
 .debug_frame   0x000000ec      0x344 ..\obj\stm32f4xx_usart.o
 .debug_frame   0x00000430       0x48 ..\obj\startup_stm32f4xx.o
 .debug_frame   0x00000478       0x30 ..\obj\main.o
 .debug_frame   0x000004a8      0x4d8 ..\obj\stm32f4xx_rcc.o
 .debug_frame   0x00000980      0x128 ..\obj\stm32f4xx_it.o
 .debug_frame   0x00000aa8       0x30 ..\obj\usartMyConfiguration.o
 .debug_frame   0x00000ad8      0x19c ..\obj\stm32f4xx_gpio.o
 .debug_frame   0x00000c74      0x360 ..\obj\stm32f4xx_flash.o
 .debug_frame   0x00000fd4       0xac ..\obj\nvicMyConfiguration.o
 .debug_frame   0x00001080       0x64 ..\obj\system_stm32f4xx.o
 .debug_frame   0x000010e4      0x108 ..\obj\syscalls.o
 .debug_frame   0x000011ec       0x90 ..\obj\gpioMyConfiguration.o
 .debug_frame   0x0000127c       0x4c ..\obj\rccMyConfiguration.o
 .debug_frame   0x000012c8      0x3b4 ..\obj\stm32f4xx_i2c.o
 .debug_frame   0x0000167c       0xec ..\obj\stm32f4xx_exti.o
 .debug_frame   0x00001768       0x9c ..\obj\misc.o
 .debug_frame   0x00001804      0x248 ..\obj\MPU6050.o
 .debug_frame   0x00001a4c       0x20 c:/program files (x86)/gnu tools arm embedded/4.7 2013q1/bin/../lib/gcc/arm-none-eabi/4.7.3/../../../../arm-none-eabi/lib/armv7e-m\libm.a(lib_a-wf_atan2.o)
 .debug_frame   0x00001a6c       0x30 c:/program files (x86)/gnu tools arm embedded/4.7 2013q1/bin/../lib/gcc/arm-none-eabi/4.7.3/../../../../arm-none-eabi/lib/armv7e-m\libm.a(lib_a-ef_atan2.o)
 .debug_frame   0x00001a9c       0x30 c:/program files (x86)/gnu tools arm embedded/4.7 2013q1/bin/../lib/gcc/arm-none-eabi/4.7.3/../../../../arm-none-eabi/lib/armv7e-m\libm.a(lib_a-sf_atan.o)
 .debug_frame   0x00001acc       0x20 c:/program files (x86)/gnu tools arm embedded/4.7 2013q1/bin/../lib/gcc/arm-none-eabi/4.7.3/../../../../arm-none-eabi/lib/armv7e-m\libm.a(lib_a-sf_fabs.o)
 .debug_frame   0x00001aec       0x34 c:/program files (x86)/gnu tools arm embedded/4.7 2013q1/bin/../lib/gcc/arm-none-eabi/4.7.3/../../../../arm-none-eabi/lib/armv7e-m\libc.a(lib_a-setvbuf.o)
 .debug_frame   0x00001b20       0x40 c:/program files (x86)/gnu tools arm embedded/4.7 2013q1/bin/../lib/gcc/arm-none-eabi/4.7.3/../../../../arm-none-eabi/lib/armv7e-m\libc.a(lib_a-fflush.o)
 .debug_frame   0x00001b60      0x11c c:/program files (x86)/gnu tools arm embedded/4.7 2013q1/bin/../lib/gcc/arm-none-eabi/4.7.3/../../../../arm-none-eabi/lib/armv7e-m\libc.a(lib_a-findfp.o)
 .debug_frame   0x00001c7c       0x50 c:/program files (x86)/gnu tools arm embedded/4.7 2013q1/bin/../lib/gcc/arm-none-eabi/4.7.3/../../../../arm-none-eabi/lib/armv7e-m\libc.a(lib_a-freer.o)
 .debug_frame   0x00001ccc       0x5c c:/program files (x86)/gnu tools arm embedded/4.7 2013q1/bin/../lib/gcc/arm-none-eabi/4.7.3/../../../../arm-none-eabi/lib/armv7e-m\libc.a(lib_a-fwalk.o)
 .debug_frame   0x00001d28       0x30 c:/program files (x86)/gnu tools arm embedded/4.7 2013q1/bin/../lib/gcc/arm-none-eabi/4.7.3/../../../../arm-none-eabi/lib/armv7e-m\libc.a(lib_a-malloc.o)
 .debug_frame   0x00001d58       0x38 c:/program files (x86)/gnu tools arm embedded/4.7 2013q1/bin/../lib/gcc/arm-none-eabi/4.7.3/../../../../arm-none-eabi/lib/armv7e-m\libc.a(lib_a-mallocr.o)
 .debug_frame   0x00001d90       0x2c c:/program files (x86)/gnu tools arm embedded/4.7 2013q1/bin/../lib/gcc/arm-none-eabi/4.7.3/../../../../arm-none-eabi/lib/armv7e-m\libc.a(lib_a-memset.o)
 .debug_frame   0x00001dbc       0x30 c:/program files (x86)/gnu tools arm embedded/4.7 2013q1/bin/../lib/gcc/arm-none-eabi/4.7.3/../../../../arm-none-eabi/lib/armv7e-m\libc.a(lib_a-mlock.o)
 .debug_frame   0x00001dec       0x2c c:/program files (x86)/gnu tools arm embedded/4.7 2013q1/bin/../lib/gcc/arm-none-eabi/4.7.3/../../../../arm-none-eabi/lib/armv7e-m\libc.a(lib_a-sbrkr.o)
 .debug_frame   0x00001e18       0x80 c:/program files (x86)/gnu tools arm embedded/4.7 2013q1/bin/../lib/gcc/arm-none-eabi/4.7.3/../../../../arm-none-eabi/lib/armv7e-m\libc.a(lib_a-stdio.o)
 .debug_frame   0x00001e98       0x2c c:/program files (x86)/gnu tools arm embedded/4.7 2013q1/bin/../lib/gcc/arm-none-eabi/4.7.3/../../../../arm-none-eabi/lib/armv7e-m\libc.a(lib_a-writer.o)
 .debug_frame   0x00001ec4       0x2c c:/program files (x86)/gnu tools arm embedded/4.7 2013q1/bin/../lib/gcc/arm-none-eabi/4.7.3/../../../../arm-none-eabi/lib/armv7e-m\libc.a(lib_a-closer.o)
 .debug_frame   0x00001ef0       0x3c c:/program files (x86)/gnu tools arm embedded/4.7 2013q1/bin/../lib/gcc/arm-none-eabi/4.7.3/../../../../arm-none-eabi/lib/armv7e-m\libc.a(lib_a-fclose.o)
 .debug_frame   0x00001f2c       0x2c c:/program files (x86)/gnu tools arm embedded/4.7 2013q1/bin/../lib/gcc/arm-none-eabi/4.7.3/../../../../arm-none-eabi/lib/armv7e-m\libc.a(lib_a-lseekr.o)
 .debug_frame   0x00001f58       0x2c c:/program files (x86)/gnu tools arm embedded/4.7 2013q1/bin/../lib/gcc/arm-none-eabi/4.7.3/../../../../arm-none-eabi/lib/armv7e-m\libc.a(lib_a-readr.o)
 .debug_frame   0x00001f84       0x6c c:/program files (x86)/gnu tools arm embedded/4.7 2013q1/bin/../lib/gcc/arm-none-eabi/4.7.3/../../../../arm-none-eabi/lib/armv7e-m\libc.a(lib_a-reent.o)
